ARM GAS  C:\Users\Domagoj\AppData\Local\Temp\cchjS2zW.s 			page 1


   1              		.cpu cortex-m0plus
   2              		.arch armv6s-m
   3              		.fpu softvfp
   4              		.eabi_attribute 20, 1
   5              		.eabi_attribute 21, 1
   6              		.eabi_attribute 23, 3
   7              		.eabi_attribute 24, 1
   8              		.eabi_attribute 25, 1
   9              		.eabi_attribute 26, 1
  10              		.eabi_attribute 30, 1
  11              		.eabi_attribute 34, 0
  12              		.eabi_attribute 18, 4
  13              		.file	"spi.c"
  14              		.text
  15              	.Ltext0:
  16              		.cfi_sections	.debug_frame
  17              		.file 1 "Core/Src/spi.c"
  18              		.section	.text.MX_SPI2_Init,"ax",%progbits
  19              		.align	1
  20              		.global	MX_SPI2_Init
  21              		.syntax unified
  22              		.code	16
  23              		.thumb_func
  25              	MX_SPI2_Init:
  26              	.LFB363:
   1:Core/Src/spi.c **** /* USER CODE BEGIN Header */
   2:Core/Src/spi.c **** /**
   3:Core/Src/spi.c ****   ******************************************************************************
   4:Core/Src/spi.c ****   * @file    spi.c
   5:Core/Src/spi.c ****   * @brief   This file provides code for the configuration
   6:Core/Src/spi.c ****   *          of the SPI instances.
   7:Core/Src/spi.c ****   ******************************************************************************
   8:Core/Src/spi.c ****   * @attention
   9:Core/Src/spi.c ****   *
  10:Core/Src/spi.c ****   * Copyright (c) 2026 STMicroelectronics.
  11:Core/Src/spi.c ****   * All rights reserved.
  12:Core/Src/spi.c ****   *
  13:Core/Src/spi.c ****   * This software is licensed under terms that can be found in the LICENSE file
  14:Core/Src/spi.c ****   * in the root directory of this software component.
  15:Core/Src/spi.c ****   * If no LICENSE file comes with this software, it is provided AS-IS.
  16:Core/Src/spi.c ****   *
  17:Core/Src/spi.c ****   ******************************************************************************
  18:Core/Src/spi.c ****   */
  19:Core/Src/spi.c **** /* USER CODE END Header */
  20:Core/Src/spi.c **** /* Includes ------------------------------------------------------------------*/
  21:Core/Src/spi.c **** #include "spi.h"
  22:Core/Src/spi.c **** 
  23:Core/Src/spi.c **** /* USER CODE BEGIN 0 */
  24:Core/Src/spi.c **** 
  25:Core/Src/spi.c **** /* USER CODE END 0 */
  26:Core/Src/spi.c **** 
  27:Core/Src/spi.c **** SPI_HandleTypeDef hspi2;
  28:Core/Src/spi.c **** 
  29:Core/Src/spi.c **** /* SPI2 init function */
  30:Core/Src/spi.c **** void MX_SPI2_Init(void)
  31:Core/Src/spi.c **** {
  27              		.loc 1 31 1 view -0
ARM GAS  C:\Users\Domagoj\AppData\Local\Temp\cchjS2zW.s 			page 2


  28              		.cfi_startproc
  29              		@ args = 0, pretend = 0, frame = 0
  30              		@ frame_needed = 0, uses_anonymous_args = 0
  31 0000 10B5     		push	{r4, lr}
  32              	.LCFI0:
  33              		.cfi_def_cfa_offset 8
  34              		.cfi_offset 4, -8
  35              		.cfi_offset 14, -4
  32:Core/Src/spi.c **** 
  33:Core/Src/spi.c ****   /* USER CODE BEGIN SPI2_Init 0 */
  34:Core/Src/spi.c **** 
  35:Core/Src/spi.c ****   /* USER CODE END SPI2_Init 0 */
  36:Core/Src/spi.c **** 
  37:Core/Src/spi.c ****   /* USER CODE BEGIN SPI2_Init 1 */
  38:Core/Src/spi.c **** 
  39:Core/Src/spi.c ****   /* USER CODE END SPI2_Init 1 */
  40:Core/Src/spi.c ****   hspi2.Instance = SPI2;
  36              		.loc 1 40 3 view .LVU1
  37              		.loc 1 40 18 is_stmt 0 view .LVU2
  38 0002 1148     		ldr	r0, .L4
  39 0004 114B     		ldr	r3, .L4+4
  40 0006 0360     		str	r3, [r0]
  41:Core/Src/spi.c ****   hspi2.Init.Mode = SPI_MODE_MASTER;
  41              		.loc 1 41 3 is_stmt 1 view .LVU3
  42              		.loc 1 41 19 is_stmt 0 view .LVU4
  43 0008 8223     		movs	r3, #130
  44 000a 5B00     		lsls	r3, r3, #1
  45 000c 4360     		str	r3, [r0, #4]
  42:Core/Src/spi.c ****   hspi2.Init.Direction = SPI_DIRECTION_2LINES;
  46              		.loc 1 42 3 is_stmt 1 view .LVU5
  47              		.loc 1 42 24 is_stmt 0 view .LVU6
  48 000e 0023     		movs	r3, #0
  49 0010 8360     		str	r3, [r0, #8]
  43:Core/Src/spi.c ****   hspi2.Init.DataSize = SPI_DATASIZE_8BIT;
  50              		.loc 1 43 3 is_stmt 1 view .LVU7
  51              		.loc 1 43 23 is_stmt 0 view .LVU8
  52 0012 E022     		movs	r2, #224
  53 0014 D200     		lsls	r2, r2, #3
  54 0016 C260     		str	r2, [r0, #12]
  44:Core/Src/spi.c ****   hspi2.Init.CLKPolarity = SPI_POLARITY_LOW;
  55              		.loc 1 44 3 is_stmt 1 view .LVU9
  56              		.loc 1 44 26 is_stmt 0 view .LVU10
  57 0018 0361     		str	r3, [r0, #16]
  45:Core/Src/spi.c ****   hspi2.Init.CLKPhase = SPI_PHASE_1EDGE;
  58              		.loc 1 45 3 is_stmt 1 view .LVU11
  59              		.loc 1 45 23 is_stmt 0 view .LVU12
  60 001a 4361     		str	r3, [r0, #20]
  46:Core/Src/spi.c ****   hspi2.Init.NSS = SPI_NSS_SOFT;
  61              		.loc 1 46 3 is_stmt 1 view .LVU13
  62              		.loc 1 46 18 is_stmt 0 view .LVU14
  63 001c 8022     		movs	r2, #128
  64 001e 9200     		lsls	r2, r2, #2
  65 0020 8261     		str	r2, [r0, #24]
  47:Core/Src/spi.c ****   hspi2.Init.BaudRatePrescaler = SPI_BAUDRATEPRESCALER_2;
  66              		.loc 1 47 3 is_stmt 1 view .LVU15
  67              		.loc 1 47 32 is_stmt 0 view .LVU16
  68 0022 C361     		str	r3, [r0, #28]
ARM GAS  C:\Users\Domagoj\AppData\Local\Temp\cchjS2zW.s 			page 3


  48:Core/Src/spi.c ****   hspi2.Init.FirstBit = SPI_FIRSTBIT_MSB;
  69              		.loc 1 48 3 is_stmt 1 view .LVU17
  70              		.loc 1 48 23 is_stmt 0 view .LVU18
  71 0024 0362     		str	r3, [r0, #32]
  49:Core/Src/spi.c ****   hspi2.Init.TIMode = SPI_TIMODE_DISABLE;
  72              		.loc 1 49 3 is_stmt 1 view .LVU19
  73              		.loc 1 49 21 is_stmt 0 view .LVU20
  74 0026 4362     		str	r3, [r0, #36]
  50:Core/Src/spi.c ****   hspi2.Init.CRCCalculation = SPI_CRCCALCULATION_DISABLE;
  75              		.loc 1 50 3 is_stmt 1 view .LVU21
  76              		.loc 1 50 29 is_stmt 0 view .LVU22
  77 0028 8362     		str	r3, [r0, #40]
  51:Core/Src/spi.c ****   hspi2.Init.CRCPolynomial = 7;
  78              		.loc 1 51 3 is_stmt 1 view .LVU23
  79              		.loc 1 51 28 is_stmt 0 view .LVU24
  80 002a FA3A     		subs	r2, r2, #250
  81 002c FF3A     		subs	r2, r2, #255
  82 002e C262     		str	r2, [r0, #44]
  52:Core/Src/spi.c ****   hspi2.Init.CRCLength = SPI_CRC_LENGTH_DATASIZE;
  83              		.loc 1 52 3 is_stmt 1 view .LVU25
  84              		.loc 1 52 24 is_stmt 0 view .LVU26
  85 0030 0363     		str	r3, [r0, #48]
  53:Core/Src/spi.c ****   hspi2.Init.NSSPMode = SPI_NSS_PULSE_ENABLE;
  86              		.loc 1 53 3 is_stmt 1 view .LVU27
  87              		.loc 1 53 23 is_stmt 0 view .LVU28
  88 0032 0833     		adds	r3, r3, #8
  89 0034 4363     		str	r3, [r0, #52]
  54:Core/Src/spi.c ****   if (HAL_SPI_Init(&hspi2) != HAL_OK)
  90              		.loc 1 54 3 is_stmt 1 view .LVU29
  91              		.loc 1 54 7 is_stmt 0 view .LVU30
  92 0036 FFF7FEFF 		bl	HAL_SPI_Init
  93              	.LVL0:
  94              		.loc 1 54 6 discriminator 1 view .LVU31
  95 003a 0028     		cmp	r0, #0
  96 003c 00D1     		bne	.L3
  97              	.L1:
  55:Core/Src/spi.c ****   {
  56:Core/Src/spi.c ****     Error_Handler();
  57:Core/Src/spi.c ****   }
  58:Core/Src/spi.c ****   /* USER CODE BEGIN SPI2_Init 2 */
  59:Core/Src/spi.c **** 
  60:Core/Src/spi.c ****   /* USER CODE END SPI2_Init 2 */
  61:Core/Src/spi.c **** 
  62:Core/Src/spi.c **** }
  98              		.loc 1 62 1 view .LVU32
  99              		@ sp needed
 100 003e 10BD     		pop	{r4, pc}
 101              	.L3:
  56:Core/Src/spi.c ****   }
 102              		.loc 1 56 5 is_stmt 1 view .LVU33
 103 0040 FFF7FEFF 		bl	Error_Handler
 104              	.LVL1:
 105              		.loc 1 62 1 is_stmt 0 view .LVU34
 106 0044 FBE7     		b	.L1
 107              	.L5:
 108 0046 C046     		.align	2
 109              	.L4:
ARM GAS  C:\Users\Domagoj\AppData\Local\Temp\cchjS2zW.s 			page 4


 110 0048 00000000 		.word	hspi2
 111 004c 00380040 		.word	1073756160
 112              		.cfi_endproc
 113              	.LFE363:
 115              		.section	.text.HAL_SPI_MspInit,"ax",%progbits
 116              		.align	1
 117              		.global	HAL_SPI_MspInit
 118              		.syntax unified
 119              		.code	16
 120              		.thumb_func
 122              	HAL_SPI_MspInit:
 123              	.LVL2:
 124              	.LFB364:
  63:Core/Src/spi.c **** 
  64:Core/Src/spi.c **** void HAL_SPI_MspInit(SPI_HandleTypeDef* spiHandle)
  65:Core/Src/spi.c **** {
 125              		.loc 1 65 1 is_stmt 1 view -0
 126              		.cfi_startproc
 127              		@ args = 0, pretend = 0, frame = 32
 128              		@ frame_needed = 0, uses_anonymous_args = 0
 129              		.loc 1 65 1 is_stmt 0 view .LVU36
 130 0000 70B5     		push	{r4, r5, r6, lr}
 131              	.LCFI1:
 132              		.cfi_def_cfa_offset 16
 133              		.cfi_offset 4, -16
 134              		.cfi_offset 5, -12
 135              		.cfi_offset 6, -8
 136              		.cfi_offset 14, -4
 137 0002 88B0     		sub	sp, sp, #32
 138              	.LCFI2:
 139              		.cfi_def_cfa_offset 48
 140 0004 0400     		movs	r4, r0
  66:Core/Src/spi.c **** 
  67:Core/Src/spi.c ****   GPIO_InitTypeDef GPIO_InitStruct = {0};
 141              		.loc 1 67 3 is_stmt 1 view .LVU37
 142              		.loc 1 67 20 is_stmt 0 view .LVU38
 143 0006 1422     		movs	r2, #20
 144 0008 0021     		movs	r1, #0
 145 000a 03A8     		add	r0, sp, #12
 146              	.LVL3:
 147              		.loc 1 67 20 view .LVU39
 148 000c FFF7FEFF 		bl	memset
 149              	.LVL4:
  68:Core/Src/spi.c ****   if(spiHandle->Instance==SPI2)
 150              		.loc 1 68 3 is_stmt 1 view .LVU40
 151              		.loc 1 68 15 is_stmt 0 view .LVU41
 152 0010 2268     		ldr	r2, [r4]
 153              		.loc 1 68 5 view .LVU42
 154 0012 1B4B     		ldr	r3, .L9
 155 0014 9A42     		cmp	r2, r3
 156 0016 01D0     		beq	.L8
 157              	.LVL5:
 158              	.L6:
  69:Core/Src/spi.c ****   {
  70:Core/Src/spi.c ****   /* USER CODE BEGIN SPI2_MspInit 0 */
  71:Core/Src/spi.c **** 
  72:Core/Src/spi.c ****   /* USER CODE END SPI2_MspInit 0 */
ARM GAS  C:\Users\Domagoj\AppData\Local\Temp\cchjS2zW.s 			page 5


  73:Core/Src/spi.c ****     /* SPI2 clock enable */
  74:Core/Src/spi.c ****     __HAL_RCC_SPI2_CLK_ENABLE();
  75:Core/Src/spi.c **** 
  76:Core/Src/spi.c ****     __HAL_RCC_GPIOA_CLK_ENABLE();
  77:Core/Src/spi.c ****     __HAL_RCC_GPIOD_CLK_ENABLE();
  78:Core/Src/spi.c ****     /**SPI2 GPIO Configuration
  79:Core/Src/spi.c ****     PA4     ------> SPI2_MOSI
  80:Core/Src/spi.c ****     PD1     ------> SPI2_SCK
  81:Core/Src/spi.c ****     PD3     ------> SPI2_MISO
  82:Core/Src/spi.c ****     */
  83:Core/Src/spi.c ****     GPIO_InitStruct.Pin = GPIO_PIN_4;
  84:Core/Src/spi.c ****     GPIO_InitStruct.Mode = GPIO_MODE_AF_PP;
  85:Core/Src/spi.c ****     GPIO_InitStruct.Pull = GPIO_NOPULL;
  86:Core/Src/spi.c ****     GPIO_InitStruct.Speed = GPIO_SPEED_FREQ_LOW;
  87:Core/Src/spi.c ****     GPIO_InitStruct.Alternate = GPIO_AF1_SPI2;
  88:Core/Src/spi.c ****     HAL_GPIO_Init(GPIOA, &GPIO_InitStruct);
  89:Core/Src/spi.c **** 
  90:Core/Src/spi.c ****     GPIO_InitStruct.Pin = GPIO_PIN_1|GPIO_PIN_3;
  91:Core/Src/spi.c ****     GPIO_InitStruct.Mode = GPIO_MODE_AF_PP;
  92:Core/Src/spi.c ****     GPIO_InitStruct.Pull = GPIO_NOPULL;
  93:Core/Src/spi.c ****     GPIO_InitStruct.Speed = GPIO_SPEED_FREQ_LOW;
  94:Core/Src/spi.c ****     GPIO_InitStruct.Alternate = GPIO_AF1_SPI2;
  95:Core/Src/spi.c ****     HAL_GPIO_Init(GPIOD, &GPIO_InitStruct);
  96:Core/Src/spi.c **** 
  97:Core/Src/spi.c ****   /* USER CODE BEGIN SPI2_MspInit 1 */
  98:Core/Src/spi.c **** 
  99:Core/Src/spi.c ****   /* USER CODE END SPI2_MspInit 1 */
 100:Core/Src/spi.c ****   }
 101:Core/Src/spi.c **** }
 159              		.loc 1 101 1 view .LVU43
 160 0018 08B0     		add	sp, sp, #32
 161              		@ sp needed
 162 001a 70BD     		pop	{r4, r5, r6, pc}
 163              	.LVL6:
 164              	.L8:
  74:Core/Src/spi.c **** 
 165              		.loc 1 74 5 is_stmt 1 view .LVU44
 166              	.LBB2:
  74:Core/Src/spi.c **** 
 167              		.loc 1 74 5 view .LVU45
  74:Core/Src/spi.c **** 
 168              		.loc 1 74 5 view .LVU46
 169 001c 194B     		ldr	r3, .L9+4
 170 001e DA6B     		ldr	r2, [r3, #60]
 171 0020 8021     		movs	r1, #128
 172 0022 C901     		lsls	r1, r1, #7
 173 0024 0A43     		orrs	r2, r1
 174 0026 DA63     		str	r2, [r3, #60]
  74:Core/Src/spi.c **** 
 175              		.loc 1 74 5 view .LVU47
 176 0028 DA6B     		ldr	r2, [r3, #60]
 177 002a 0A40     		ands	r2, r1
 178 002c 0092     		str	r2, [sp]
  74:Core/Src/spi.c **** 
 179              		.loc 1 74 5 view .LVU48
 180 002e 009A     		ldr	r2, [sp]
 181              	.LBE2:
ARM GAS  C:\Users\Domagoj\AppData\Local\Temp\cchjS2zW.s 			page 6


  74:Core/Src/spi.c **** 
 182              		.loc 1 74 5 view .LVU49
  76:Core/Src/spi.c ****     __HAL_RCC_GPIOD_CLK_ENABLE();
 183              		.loc 1 76 5 view .LVU50
 184              	.LBB3:
  76:Core/Src/spi.c ****     __HAL_RCC_GPIOD_CLK_ENABLE();
 185              		.loc 1 76 5 view .LVU51
  76:Core/Src/spi.c ****     __HAL_RCC_GPIOD_CLK_ENABLE();
 186              		.loc 1 76 5 view .LVU52
 187 0030 5A6B     		ldr	r2, [r3, #52]
 188 0032 0125     		movs	r5, #1
 189 0034 2A43     		orrs	r2, r5
 190 0036 5A63     		str	r2, [r3, #52]
  76:Core/Src/spi.c ****     __HAL_RCC_GPIOD_CLK_ENABLE();
 191              		.loc 1 76 5 view .LVU53
 192 0038 5A6B     		ldr	r2, [r3, #52]
 193 003a 2A40     		ands	r2, r5
 194 003c 0192     		str	r2, [sp, #4]
  76:Core/Src/spi.c ****     __HAL_RCC_GPIOD_CLK_ENABLE();
 195              		.loc 1 76 5 view .LVU54
 196 003e 019A     		ldr	r2, [sp, #4]
 197              	.LBE3:
  76:Core/Src/spi.c ****     __HAL_RCC_GPIOD_CLK_ENABLE();
 198              		.loc 1 76 5 view .LVU55
  77:Core/Src/spi.c ****     /**SPI2 GPIO Configuration
 199              		.loc 1 77 5 view .LVU56
 200              	.LBB4:
  77:Core/Src/spi.c ****     /**SPI2 GPIO Configuration
 201              		.loc 1 77 5 view .LVU57
  77:Core/Src/spi.c ****     /**SPI2 GPIO Configuration
 202              		.loc 1 77 5 view .LVU58
 203 0040 596B     		ldr	r1, [r3, #52]
 204 0042 0822     		movs	r2, #8
 205 0044 1143     		orrs	r1, r2
 206 0046 5963     		str	r1, [r3, #52]
  77:Core/Src/spi.c ****     /**SPI2 GPIO Configuration
 207              		.loc 1 77 5 view .LVU59
 208 0048 5B6B     		ldr	r3, [r3, #52]
 209 004a 1A40     		ands	r2, r3
 210 004c 0292     		str	r2, [sp, #8]
  77:Core/Src/spi.c ****     /**SPI2 GPIO Configuration
 211              		.loc 1 77 5 view .LVU60
 212 004e 029B     		ldr	r3, [sp, #8]
 213              	.LBE4:
  77:Core/Src/spi.c ****     /**SPI2 GPIO Configuration
 214              		.loc 1 77 5 view .LVU61
  83:Core/Src/spi.c ****     GPIO_InitStruct.Mode = GPIO_MODE_AF_PP;
 215              		.loc 1 83 5 view .LVU62
  83:Core/Src/spi.c ****     GPIO_InitStruct.Mode = GPIO_MODE_AF_PP;
 216              		.loc 1 83 25 is_stmt 0 view .LVU63
 217 0050 03AC     		add	r4, sp, #12
 218              	.LVL7:
  83:Core/Src/spi.c ****     GPIO_InitStruct.Mode = GPIO_MODE_AF_PP;
 219              		.loc 1 83 25 view .LVU64
 220 0052 1023     		movs	r3, #16
 221 0054 0393     		str	r3, [sp, #12]
  84:Core/Src/spi.c ****     GPIO_InitStruct.Pull = GPIO_NOPULL;
ARM GAS  C:\Users\Domagoj\AppData\Local\Temp\cchjS2zW.s 			page 7


 222              		.loc 1 84 5 is_stmt 1 view .LVU65
  84:Core/Src/spi.c ****     GPIO_InitStruct.Pull = GPIO_NOPULL;
 223              		.loc 1 84 26 is_stmt 0 view .LVU66
 224 0056 0226     		movs	r6, #2
 225 0058 0496     		str	r6, [sp, #16]
  85:Core/Src/spi.c ****     GPIO_InitStruct.Speed = GPIO_SPEED_FREQ_LOW;
 226              		.loc 1 85 5 is_stmt 1 view .LVU67
  86:Core/Src/spi.c ****     GPIO_InitStruct.Alternate = GPIO_AF1_SPI2;
 227              		.loc 1 86 5 view .LVU68
  87:Core/Src/spi.c ****     HAL_GPIO_Init(GPIOA, &GPIO_InitStruct);
 228              		.loc 1 87 5 view .LVU69
  87:Core/Src/spi.c ****     HAL_GPIO_Init(GPIOA, &GPIO_InitStruct);
 229              		.loc 1 87 31 is_stmt 0 view .LVU70
 230 005a 0795     		str	r5, [sp, #28]
  88:Core/Src/spi.c **** 
 231              		.loc 1 88 5 is_stmt 1 view .LVU71
 232 005c A020     		movs	r0, #160
 233 005e 2100     		movs	r1, r4
 234 0060 C005     		lsls	r0, r0, #23
 235 0062 FFF7FEFF 		bl	HAL_GPIO_Init
 236              	.LVL8:
  90:Core/Src/spi.c ****     GPIO_InitStruct.Mode = GPIO_MODE_AF_PP;
 237              		.loc 1 90 5 view .LVU72
  90:Core/Src/spi.c ****     GPIO_InitStruct.Mode = GPIO_MODE_AF_PP;
 238              		.loc 1 90 25 is_stmt 0 view .LVU73
 239 0066 0A23     		movs	r3, #10
 240 0068 0393     		str	r3, [sp, #12]
  91:Core/Src/spi.c ****     GPIO_InitStruct.Pull = GPIO_NOPULL;
 241              		.loc 1 91 5 is_stmt 1 view .LVU74
  91:Core/Src/spi.c ****     GPIO_InitStruct.Pull = GPIO_NOPULL;
 242              		.loc 1 91 26 is_stmt 0 view .LVU75
 243 006a 0496     		str	r6, [sp, #16]
  92:Core/Src/spi.c ****     GPIO_InitStruct.Speed = GPIO_SPEED_FREQ_LOW;
 244              		.loc 1 92 5 is_stmt 1 view .LVU76
  92:Core/Src/spi.c ****     GPIO_InitStruct.Speed = GPIO_SPEED_FREQ_LOW;
 245              		.loc 1 92 26 is_stmt 0 view .LVU77
 246 006c 0023     		movs	r3, #0
 247 006e 0593     		str	r3, [sp, #20]
  93:Core/Src/spi.c ****     GPIO_InitStruct.Alternate = GPIO_AF1_SPI2;
 248              		.loc 1 93 5 is_stmt 1 view .LVU78
  93:Core/Src/spi.c ****     GPIO_InitStruct.Alternate = GPIO_AF1_SPI2;
 249              		.loc 1 93 27 is_stmt 0 view .LVU79
 250 0070 0693     		str	r3, [sp, #24]
  94:Core/Src/spi.c ****     HAL_GPIO_Init(GPIOD, &GPIO_InitStruct);
 251              		.loc 1 94 5 is_stmt 1 view .LVU80
  94:Core/Src/spi.c ****     HAL_GPIO_Init(GPIOD, &GPIO_InitStruct);
 252              		.loc 1 94 31 is_stmt 0 view .LVU81
 253 0072 0795     		str	r5, [sp, #28]
  95:Core/Src/spi.c **** 
 254              		.loc 1 95 5 is_stmt 1 view .LVU82
 255 0074 2100     		movs	r1, r4
 256 0076 0448     		ldr	r0, .L9+8
 257 0078 FFF7FEFF 		bl	HAL_GPIO_Init
 258              	.LVL9:
 259              		.loc 1 101 1 is_stmt 0 view .LVU83
 260 007c CCE7     		b	.L6
 261              	.L10:
ARM GAS  C:\Users\Domagoj\AppData\Local\Temp\cchjS2zW.s 			page 8


 262 007e C046     		.align	2
 263              	.L9:
 264 0080 00380040 		.word	1073756160
 265 0084 00100240 		.word	1073876992
 266 0088 000C0050 		.word	1342180352
 267              		.cfi_endproc
 268              	.LFE364:
 270              		.section	.text.HAL_SPI_MspDeInit,"ax",%progbits
 271              		.align	1
 272              		.global	HAL_SPI_MspDeInit
 273              		.syntax unified
 274              		.code	16
 275              		.thumb_func
 277              	HAL_SPI_MspDeInit:
 278              	.LVL10:
 279              	.LFB365:
 102:Core/Src/spi.c **** 
 103:Core/Src/spi.c **** void HAL_SPI_MspDeInit(SPI_HandleTypeDef* spiHandle)
 104:Core/Src/spi.c **** {
 280              		.loc 1 104 1 is_stmt 1 view -0
 281              		.cfi_startproc
 282              		@ args = 0, pretend = 0, frame = 0
 283              		@ frame_needed = 0, uses_anonymous_args = 0
 284              		.loc 1 104 1 is_stmt 0 view .LVU85
 285 0000 10B5     		push	{r4, lr}
 286              	.LCFI3:
 287              		.cfi_def_cfa_offset 8
 288              		.cfi_offset 4, -8
 289              		.cfi_offset 14, -4
 105:Core/Src/spi.c **** 
 106:Core/Src/spi.c ****   if(spiHandle->Instance==SPI2)
 290              		.loc 1 106 3 is_stmt 1 view .LVU86
 291              		.loc 1 106 15 is_stmt 0 view .LVU87
 292 0002 0268     		ldr	r2, [r0]
 293              		.loc 1 106 5 view .LVU88
 294 0004 094B     		ldr	r3, .L14
 295 0006 9A42     		cmp	r2, r3
 296 0008 00D0     		beq	.L13
 297              	.LVL11:
 298              	.L11:
 107:Core/Src/spi.c ****   {
 108:Core/Src/spi.c ****   /* USER CODE BEGIN SPI2_MspDeInit 0 */
 109:Core/Src/spi.c **** 
 110:Core/Src/spi.c ****   /* USER CODE END SPI2_MspDeInit 0 */
 111:Core/Src/spi.c ****     /* Peripheral clock disable */
 112:Core/Src/spi.c ****     __HAL_RCC_SPI2_CLK_DISABLE();
 113:Core/Src/spi.c **** 
 114:Core/Src/spi.c ****     /**SPI2 GPIO Configuration
 115:Core/Src/spi.c ****     PA4     ------> SPI2_MOSI
 116:Core/Src/spi.c ****     PD1     ------> SPI2_SCK
 117:Core/Src/spi.c ****     PD3     ------> SPI2_MISO
 118:Core/Src/spi.c ****     */
 119:Core/Src/spi.c ****     HAL_GPIO_DeInit(GPIOA, GPIO_PIN_4);
 120:Core/Src/spi.c **** 
 121:Core/Src/spi.c ****     HAL_GPIO_DeInit(GPIOD, GPIO_PIN_1|GPIO_PIN_3);
 122:Core/Src/spi.c **** 
 123:Core/Src/spi.c ****   /* USER CODE BEGIN SPI2_MspDeInit 1 */
ARM GAS  C:\Users\Domagoj\AppData\Local\Temp\cchjS2zW.s 			page 9


 124:Core/Src/spi.c **** 
 125:Core/Src/spi.c ****   /* USER CODE END SPI2_MspDeInit 1 */
 126:Core/Src/spi.c ****   }
 127:Core/Src/spi.c **** }
 299              		.loc 1 127 1 view .LVU89
 300              		@ sp needed
 301 000a 10BD     		pop	{r4, pc}
 302              	.LVL12:
 303              	.L13:
 112:Core/Src/spi.c **** 
 304              		.loc 1 112 5 is_stmt 1 view .LVU90
 305 000c 084A     		ldr	r2, .L14+4
 306 000e D36B     		ldr	r3, [r2, #60]
 307 0010 0849     		ldr	r1, .L14+8
 308 0012 0B40     		ands	r3, r1
 309 0014 D363     		str	r3, [r2, #60]
 119:Core/Src/spi.c **** 
 310              		.loc 1 119 5 view .LVU91
 311 0016 A020     		movs	r0, #160
 312              	.LVL13:
 119:Core/Src/spi.c **** 
 313              		.loc 1 119 5 is_stmt 0 view .LVU92
 314 0018 1021     		movs	r1, #16
 315 001a C005     		lsls	r0, r0, #23
 316 001c FFF7FEFF 		bl	HAL_GPIO_DeInit
 317              	.LVL14:
 121:Core/Src/spi.c **** 
 318              		.loc 1 121 5 is_stmt 1 view .LVU93
 319 0020 0A21     		movs	r1, #10
 320 0022 0548     		ldr	r0, .L14+12
 321 0024 FFF7FEFF 		bl	HAL_GPIO_DeInit
 322              	.LVL15:
 323              		.loc 1 127 1 is_stmt 0 view .LVU94
 324 0028 EFE7     		b	.L11
 325              	.L15:
 326 002a C046     		.align	2
 327              	.L14:
 328 002c 00380040 		.word	1073756160
 329 0030 00100240 		.word	1073876992
 330 0034 FFBFFFFF 		.word	-16385
 331 0038 000C0050 		.word	1342180352
 332              		.cfi_endproc
 333              	.LFE365:
 335              		.global	hspi2
 336              		.section	.bss.hspi2,"aw",%nobits
 337              		.align	2
 340              	hspi2:
 341 0000 00000000 		.space	100
 341      00000000 
 341      00000000 
 341      00000000 
 341      00000000 
 342              		.text
 343              	.Letext0:
 344              		.file 2 "C:\\ST\\STM32CubeIDE_2.2.0\\STM32CubeIDE\\plugins\\com.st.stm32cube.ide.mcu.externaltools
 345              		.file 3 "C:\\ST\\STM32CubeIDE_2.2.0\\STM32CubeIDE\\plugins\\com.st.stm32cube.ide.mcu.externaltools
 346              		.file 4 "Drivers/CMSIS/Device/ST/STM32G0xx/Include/stm32g0b1xx.h"
ARM GAS  C:\Users\Domagoj\AppData\Local\Temp\cchjS2zW.s 			page 10


 347              		.file 5 "Drivers/STM32G0xx_HAL_Driver/Inc/stm32g0xx_hal_def.h"
 348              		.file 6 "Drivers/STM32G0xx_HAL_Driver/Inc/stm32g0xx_hal_gpio.h"
 349              		.file 7 "Drivers/STM32G0xx_HAL_Driver/Inc/stm32g0xx_hal_dma.h"
 350              		.file 8 "Drivers/STM32G0xx_HAL_Driver/Inc/stm32g0xx_hal_spi.h"
 351              		.file 9 "Drivers/STM32G0xx_HAL_Driver/Inc/stm32g0xx_ll_dma.h"
 352              		.file 10 "Core/Inc/spi.h"
 353              		.file 11 "Core/Inc/main.h"
 354              		.file 12 "<built-in>"
ARM GAS  C:\Users\Domagoj\AppData\Local\Temp\cchjS2zW.s 			page 11


DEFINED SYMBOLS
                            *ABS*:00000000 spi.c
C:\Users\Domagoj\AppData\Local\Temp\cchjS2zW.s:19     .text.MX_SPI2_Init:00000000 $t
C:\Users\Domagoj\AppData\Local\Temp\cchjS2zW.s:25     .text.MX_SPI2_Init:00000000 MX_SPI2_Init
C:\Users\Domagoj\AppData\Local\Temp\cchjS2zW.s:110    .text.MX_SPI2_Init:00000048 $d
C:\Users\Domagoj\AppData\Local\Temp\cchjS2zW.s:340    .bss.hspi2:00000000 hspi2
C:\Users\Domagoj\AppData\Local\Temp\cchjS2zW.s:116    .text.HAL_SPI_MspInit:00000000 $t
C:\Users\Domagoj\AppData\Local\Temp\cchjS2zW.s:122    .text.HAL_SPI_MspInit:00000000 HAL_SPI_MspInit
C:\Users\Domagoj\AppData\Local\Temp\cchjS2zW.s:264    .text.HAL_SPI_MspInit:00000080 $d
C:\Users\Domagoj\AppData\Local\Temp\cchjS2zW.s:271    .text.HAL_SPI_MspDeInit:00000000 $t
C:\Users\Domagoj\AppData\Local\Temp\cchjS2zW.s:277    .text.HAL_SPI_MspDeInit:00000000 HAL_SPI_MspDeInit
C:\Users\Domagoj\AppData\Local\Temp\cchjS2zW.s:328    .text.HAL_SPI_MspDeInit:0000002c $d
C:\Users\Domagoj\AppData\Local\Temp\cchjS2zW.s:337    .bss.hspi2:00000000 $d

UNDEFINED SYMBOLS
HAL_SPI_Init
Error_Handler
memset
HAL_GPIO_Init
HAL_GPIO_DeInit
