ARM GAS  C:\Users\Domagoj\AppData\Local\Temp\cceasQqe.s 			page 1


   1              		.cpu cortex-m0plus
   2              		.arch armv6s-m
   3              		.fpu softvfp
   4              		.eabi_attribute 20, 1
   5              		.eabi_attribute 21, 1
   6              		.eabi_attribute 23, 3
   7              		.eabi_attribute 24, 1
   8              		.eabi_attribute 25, 1
   9              		.eabi_attribute 26, 1
  10              		.eabi_attribute 30, 1
  11              		.eabi_attribute 34, 0
  12              		.eabi_attribute 18, 4
  13              		.file	"spif_utils.c"
  14              		.text
  15              	.Ltext0:
  16              		.cfi_sections	.debug_frame
  17              		.file 1 "Drivers/spif/impl/spif_utils.c"
  18              		.section	.text.spif_utils_is_ready,"ax",%progbits
  19              		.align	1
  20              		.global	spif_utils_is_ready
  21              		.syntax unified
  22              		.code	16
  23              		.thumb_func
  25              	spif_utils_is_ready:
  26              	.LVL0:
  27              	.LFB363:
   1:Drivers/spif/impl/spif_utils.c **** /**
   2:Drivers/spif/impl/spif_utils.c ****  * @file spif_utils.c
   3:Drivers/spif/impl/spif_utils.c ****  * @author ORQA Embedded Academy
   4:Drivers/spif/impl/spif_utils.c ****  * @brief Look at spif_utils.h
   5:Drivers/spif/impl/spif_utils.c ****  *
   6:Drivers/spif/impl/spif_utils.c ****  * @note Every function is a stub. These four need no hardware, so they are the
   7:Drivers/spif/impl/spif_utils.c ****  *       cheapest tests to turn green - start here.
   8:Drivers/spif/impl/spif_utils.c ****  */
   9:Drivers/spif/impl/spif_utils.c **** 
  10:Drivers/spif/impl/spif_utils.c **** /*------------------------------------------------------ INCLUDES ---------------------------------
  11:Drivers/spif/impl/spif_utils.c **** #include "spif_utils.h"
  12:Drivers/spif/impl/spif_utils.c **** 
  13:Drivers/spif/impl/spif_utils.c **** /*----------------------------------------------- PRIVATE MACROS / DEFINES ------------------------
  14:Drivers/spif/impl/spif_utils.c **** 
  15:Drivers/spif/impl/spif_utils.c **** /*--------------------------------------------- PRIVATE VARIABLES (STATIC) ------------------------
  16:Drivers/spif/impl/spif_utils.c **** 
  17:Drivers/spif/impl/spif_utils.c **** /*------------------------------------------- PUBLIC FUNCTION IMPLEMENTATIONS ---------------------
  18:Drivers/spif/impl/spif_utils.c **** 
  19:Drivers/spif/impl/spif_utils.c **** bool spif_utils_is_ready(const spif_handle_t *handle)
  20:Drivers/spif/impl/spif_utils.c **** {
  28              		.loc 1 20 1 view -0
  29              		.cfi_startproc
  30              		@ args = 0, pretend = 0, frame = 0
  31              		@ frame_needed = 0, uses_anonymous_args = 0
  32              		@ link register save eliminated.
  21:Drivers/spif/impl/spif_utils.c ****     if(handle == NULL || handle->inited != true)
  33              		.loc 1 21 5 view .LVU1
  34              		.loc 1 21 7 is_stmt 0 view .LVU2
  35 0000 0028     		cmp	r0, #0
  36 0002 03D0     		beq	.L3
  37              		.loc 1 21 32 discriminator 1 view .LVU3
ARM GAS  C:\Users\Domagoj\AppData\Local\Temp\cceasQqe.s 			page 2


  38 0004 407B     		ldrb	r0, [r0, #13]
  39              	.LVL1:
  40              		.loc 1 21 23 discriminator 1 view .LVU4
  41 0006 0028     		cmp	r0, #0
  42 0008 02D0     		beq	.L5
  43              	.L2:
  22:Drivers/spif/impl/spif_utils.c ****     {
  23:Drivers/spif/impl/spif_utils.c ****       return false;
  24:Drivers/spif/impl/spif_utils.c ****     }
  25:Drivers/spif/impl/spif_utils.c ****     return true;
  26:Drivers/spif/impl/spif_utils.c **** }
  44              		.loc 1 26 1 view .LVU5
  45              		@ sp needed
  46 000a 7047     		bx	lr
  47              	.LVL2:
  48              	.L3:
  23:Drivers/spif/impl/spif_utils.c ****     }
  49              		.loc 1 23 14 view .LVU6
  50 000c 0020     		movs	r0, #0
  51              	.LVL3:
  23:Drivers/spif/impl/spif_utils.c ****     }
  52              		.loc 1 23 14 view .LVU7
  53 000e FCE7     		b	.L2
  54              	.L5:
  55 0010 0020     		movs	r0, #0
  56 0012 FAE7     		b	.L2
  57              		.cfi_endproc
  58              	.LFE363:
  60              		.section	.text.spif_utils_check_range,"ax",%progbits
  61              		.align	1
  62              		.global	spif_utils_check_range
  63              		.syntax unified
  64              		.code	16
  65              		.thumb_func
  67              	spif_utils_check_range:
  68              	.LVL4:
  69              	.LFB364:
  27:Drivers/spif/impl/spif_utils.c **** 
  28:Drivers/spif/impl/spif_utils.c **** bool spif_utils_check_range(const spif_handle_t *handle, uint32_t address, uint32_t size)
  29:Drivers/spif/impl/spif_utils.c **** {
  70              		.loc 1 29 1 is_stmt 1 view -0
  71              		.cfi_startproc
  72              		@ args = 0, pretend = 0, frame = 0
  73              		@ frame_needed = 0, uses_anonymous_args = 0
  74              		.loc 1 29 1 is_stmt 0 view .LVU9
  75 0000 70B5     		push	{r4, r5, r6, lr}
  76              	.LCFI0:
  77              		.cfi_def_cfa_offset 16
  78              		.cfi_offset 4, -16
  79              		.cfi_offset 5, -12
  80              		.cfi_offset 6, -8
  81              		.cfi_offset 14, -4
  82 0002 0400     		movs	r4, r0
  83 0004 0E00     		movs	r6, r1
  84 0006 1500     		movs	r5, r2
  30:Drivers/spif/impl/spif_utils.c **** 	if(!spif_utils_is_ready(handle))
  85              		.loc 1 30 2 is_stmt 1 view .LVU10
ARM GAS  C:\Users\Domagoj\AppData\Local\Temp\cceasQqe.s 			page 3


  86              		.loc 1 30 6 is_stmt 0 view .LVU11
  87 0008 FFF7FEFF 		bl	spif_utils_is_ready
  88              	.LVL5:
  89              		.loc 1 30 4 discriminator 1 view .LVU12
  90 000c 0028     		cmp	r0, #0
  91 000e 05D0     		beq	.L7
  31:Drivers/spif/impl/spif_utils.c **** 	{
  32:Drivers/spif/impl/spif_utils.c **** 	  return false;
  33:Drivers/spif/impl/spif_utils.c **** 	}
  34:Drivers/spif/impl/spif_utils.c **** 	if(address >= handle->total_size )
  92              		.loc 1 34 2 is_stmt 1 view .LVU13
  93              		.loc 1 34 22 is_stmt 0 view .LVU14
  94 0010 2369     		ldr	r3, [r4, #16]
  95              		.loc 1 34 4 view .LVU15
  96 0012 B342     		cmp	r3, r6
  97 0014 03D9     		bls	.L8
  35:Drivers/spif/impl/spif_utils.c **** 	{
  36:Drivers/spif/impl/spif_utils.c **** 	  return false;
  37:Drivers/spif/impl/spif_utils.c **** 	}
  38:Drivers/spif/impl/spif_utils.c **** 	if(size > handle->total_size - address)
  98              		.loc 1 38 2 is_stmt 1 view .LVU16
  99              		.loc 1 38 31 is_stmt 0 view .LVU17
 100 0016 9B1B     		subs	r3, r3, r6
 101              		.loc 1 38 4 view .LVU18
 102 0018 AB42     		cmp	r3, r5
 103 001a 02D3     		bcc	.L10
 104              	.L7:
  39:Drivers/spif/impl/spif_utils.c **** 	{
  40:Drivers/spif/impl/spif_utils.c **** 	  return false;
  41:Drivers/spif/impl/spif_utils.c **** 	}
  42:Drivers/spif/impl/spif_utils.c ****     return true;
  43:Drivers/spif/impl/spif_utils.c **** }
 105              		.loc 1 43 1 view .LVU19
 106              		@ sp needed
 107              	.LVL6:
 108              	.LVL7:
 109              	.LVL8:
 110              		.loc 1 43 1 view .LVU20
 111 001c 70BD     		pop	{r4, r5, r6, pc}
 112              	.LVL9:
 113              	.L8:
  36:Drivers/spif/impl/spif_utils.c **** 	}
 114              		.loc 1 36 11 view .LVU21
 115 001e 0020     		movs	r0, #0
 116 0020 FCE7     		b	.L7
 117              	.L10:
  40:Drivers/spif/impl/spif_utils.c **** 	}
 118              		.loc 1 40 11 view .LVU22
 119 0022 0020     		movs	r0, #0
 120 0024 FAE7     		b	.L7
 121              		.cfi_endproc
 122              	.LFE364:
 124              		.section	.text.spif_utils_clamp_region,"ax",%progbits
 125              		.align	1
 126              		.global	spif_utils_clamp_region
 127              		.syntax unified
 128              		.code	16
ARM GAS  C:\Users\Domagoj\AppData\Local\Temp\cceasQqe.s 			page 4


 129              		.thumb_func
 131              	spif_utils_clamp_region:
 132              	.LVL10:
 133              	.LFB365:
  44:Drivers/spif/impl/spif_utils.c **** 
  45:Drivers/spif/impl/spif_utils.c **** bool spif_utils_clamp_region(uint32_t region_size, uint32_t offset, uint32_t *size)
  46:Drivers/spif/impl/spif_utils.c **** {
 134              		.loc 1 46 1 is_stmt 1 view -0
 135              		.cfi_startproc
 136              		@ args = 0, pretend = 0, frame = 0
 137              		@ frame_needed = 0, uses_anonymous_args = 0
 138              		@ link register save eliminated.
  47:Drivers/spif/impl/spif_utils.c **** 	if(size == NULL)
 139              		.loc 1 47 2 view .LVU24
 140              		.loc 1 47 4 is_stmt 0 view .LVU25
 141 0000 002A     		cmp	r2, #0
 142 0002 08D0     		beq	.L13
  48:Drivers/spif/impl/spif_utils.c **** 	{
  49:Drivers/spif/impl/spif_utils.c **** 	  return false;
  50:Drivers/spif/impl/spif_utils.c **** 	}
  51:Drivers/spif/impl/spif_utils.c **** 	if(offset >= region_size)
 143              		.loc 1 51 2 is_stmt 1 view .LVU26
 144              		.loc 1 51 4 is_stmt 0 view .LVU27
 145 0004 8142     		cmp	r1, r0
 146 0006 08D2     		bcs	.L14
  52:Drivers/spif/impl/spif_utils.c **** 	{
  53:Drivers/spif/impl/spif_utils.c **** 	  return false;
  54:Drivers/spif/impl/spif_utils.c **** 	}
  55:Drivers/spif/impl/spif_utils.c **** 	if(*size > region_size - offset)
 147              		.loc 1 55 2 is_stmt 1 view .LVU28
 148              		.loc 1 55 5 is_stmt 0 view .LVU29
 149 0008 1368     		ldr	r3, [r2]
 150              		.loc 1 55 25 view .LVU30
 151 000a 401A     		subs	r0, r0, r1
 152              	.LVL11:
 153              		.loc 1 55 4 view .LVU31
 154 000c 8342     		cmp	r3, r0
 155 000e 06D9     		bls	.L15
  56:Drivers/spif/impl/spif_utils.c **** 	{
  57:Drivers/spif/impl/spif_utils.c **** 	  *size = region_size - offset;
 156              		.loc 1 57 4 is_stmt 1 view .LVU32
 157              		.loc 1 57 10 is_stmt 0 view .LVU33
 158 0010 1060     		str	r0, [r2]
  58:Drivers/spif/impl/spif_utils.c **** 	}
  59:Drivers/spif/impl/spif_utils.c **** 	return true;
 159              		.loc 1 59 9 view .LVU34
 160 0012 0120     		movs	r0, #1
 161 0014 02E0     		b	.L12
 162              	.LVL12:
 163              	.L13:
  49:Drivers/spif/impl/spif_utils.c **** 	}
 164              		.loc 1 49 11 view .LVU35
 165 0016 0020     		movs	r0, #0
 166              	.LVL13:
  49:Drivers/spif/impl/spif_utils.c **** 	}
 167              		.loc 1 49 11 view .LVU36
 168 0018 00E0     		b	.L12
ARM GAS  C:\Users\Domagoj\AppData\Local\Temp\cceasQqe.s 			page 5


 169              	.LVL14:
 170              	.L14:
  53:Drivers/spif/impl/spif_utils.c **** 	}
 171              		.loc 1 53 11 view .LVU37
 172 001a 0020     		movs	r0, #0
 173              	.LVL15:
 174              	.L12:
  60:Drivers/spif/impl/spif_utils.c **** }
 175              		.loc 1 60 1 view .LVU38
 176              		@ sp needed
 177 001c 7047     		bx	lr
 178              	.L15:
  59:Drivers/spif/impl/spif_utils.c **** }
 179              		.loc 1 59 9 view .LVU39
 180 001e 0120     		movs	r0, #1
 181 0020 FCE7     		b	.L12
 182              		.cfi_endproc
 183              	.LFE365:
 185              		.section	.text.spif_utils_capacity_to_block_count,"ax",%progbits
 186              		.align	1
 187              		.global	spif_utils_capacity_to_block_count
 188              		.syntax unified
 189              		.code	16
 190              		.thumb_func
 192              	spif_utils_capacity_to_block_count:
 193              	.LVL16:
 194              	.LFB366:
  61:Drivers/spif/impl/spif_utils.c **** 
  62:Drivers/spif/impl/spif_utils.c **** bool spif_utils_capacity_to_block_count(uint8_t capacity, uint32_t *block_count)
  63:Drivers/spif/impl/spif_utils.c **** {
 195              		.loc 1 63 1 is_stmt 1 view -0
 196              		.cfi_startproc
 197              		@ args = 0, pretend = 0, frame = 0
 198              		@ frame_needed = 0, uses_anonymous_args = 0
 199              		@ link register save eliminated.
  64:Drivers/spif/impl/spif_utils.c **** 	if(block_count == NULL)
 200              		.loc 1 64 2 view .LVU41
 201              		.loc 1 64 4 is_stmt 0 view .LVU42
 202 0000 0029     		cmp	r1, #0
 203 0002 09D0     		beq	.L18
  65:Drivers/spif/impl/spif_utils.c **** 	{
  66:Drivers/spif/impl/spif_utils.c **** 	  return false;
  67:Drivers/spif/impl/spif_utils.c **** 	}
  68:Drivers/spif/impl/spif_utils.c **** 	if((1U << capacity) < SPIF_BLOCK_SIZE)
 204              		.loc 1 68 2 is_stmt 1 view .LVU43
 205              		.loc 1 68 9 is_stmt 0 view .LVU44
 206 0004 0123     		movs	r3, #1
 207 0006 8340     		lsls	r3, r3, r0
 208              		.loc 1 68 4 view .LVU45
 209 0008 8022     		movs	r2, #128
 210 000a 5202     		lsls	r2, r2, #9
 211 000c 9342     		cmp	r3, r2
 212 000e 05D3     		bcc	.L19
  69:Drivers/spif/impl/spif_utils.c **** 	{
  70:Drivers/spif/impl/spif_utils.c **** 	  return false;
  71:Drivers/spif/impl/spif_utils.c **** 	}
  72:Drivers/spif/impl/spif_utils.c ****     *block_count = (1U << capacity)/SPIF_BLOCK_SIZE;
ARM GAS  C:\Users\Domagoj\AppData\Local\Temp\cceasQqe.s 			page 6


 213              		.loc 1 72 5 is_stmt 1 view .LVU46
 214              		.loc 1 72 36 is_stmt 0 view .LVU47
 215 0010 1B0C     		lsrs	r3, r3, #16
 216              		.loc 1 72 18 view .LVU48
 217 0012 0B60     		str	r3, [r1]
  73:Drivers/spif/impl/spif_utils.c ****     return true;
 218              		.loc 1 73 5 is_stmt 1 view .LVU49
 219              		.loc 1 73 12 is_stmt 0 view .LVU50
 220 0014 0120     		movs	r0, #1
 221              	.LVL17:
 222              	.L17:
  74:Drivers/spif/impl/spif_utils.c **** }
 223              		.loc 1 74 1 view .LVU51
 224              		@ sp needed
 225 0016 7047     		bx	lr
 226              	.LVL18:
 227              	.L18:
  66:Drivers/spif/impl/spif_utils.c **** 	}
 228              		.loc 1 66 11 view .LVU52
 229 0018 0020     		movs	r0, #0
 230              	.LVL19:
  66:Drivers/spif/impl/spif_utils.c **** 	}
 231              		.loc 1 66 11 view .LVU53
 232 001a FCE7     		b	.L17
 233              	.LVL20:
 234              	.L19:
  70:Drivers/spif/impl/spif_utils.c **** 	}
 235              		.loc 1 70 11 view .LVU54
 236 001c 0020     		movs	r0, #0
 237              	.LVL21:
  70:Drivers/spif/impl/spif_utils.c **** 	}
 238              		.loc 1 70 11 view .LVU55
 239 001e FAE7     		b	.L17
 240              		.cfi_endproc
 241              	.LFE366:
 243              		.text
 244              	.Letext0:
 245              		.file 2 "C:\\ST\\STM32CubeIDE_2.2.0\\STM32CubeIDE\\plugins\\com.st.stm32cube.ide.mcu.externaltools
 246              		.file 3 "C:\\ST\\STM32CubeIDE_2.2.0\\STM32CubeIDE\\plugins\\com.st.stm32cube.ide.mcu.externaltools
 247              		.file 4 "Drivers/CMSIS/Device/ST/STM32G0xx/Include/stm32g0b1xx.h"
 248              		.file 5 "Drivers/STM32G0xx_HAL_Driver/Inc/stm32g0xx_hal_def.h"
 249              		.file 6 "Drivers/STM32G0xx_HAL_Driver/Inc/stm32g0xx_hal_dma.h"
 250              		.file 7 "Drivers/STM32G0xx_HAL_Driver/Inc/stm32g0xx_hal_spi.h"
 251              		.file 8 "Drivers/spif/spif.h"
 252              		.file 9 "Drivers/STM32G0xx_HAL_Driver/Inc/stm32g0xx_ll_dma.h"
ARM GAS  C:\Users\Domagoj\AppData\Local\Temp\cceasQqe.s 			page 7


DEFINED SYMBOLS
                            *ABS*:00000000 spif_utils.c
C:\Users\Domagoj\AppData\Local\Temp\cceasQqe.s:19     .text.spif_utils_is_ready:00000000 $t
C:\Users\Domagoj\AppData\Local\Temp\cceasQqe.s:25     .text.spif_utils_is_ready:00000000 spif_utils_is_ready
C:\Users\Domagoj\AppData\Local\Temp\cceasQqe.s:61     .text.spif_utils_check_range:00000000 $t
C:\Users\Domagoj\AppData\Local\Temp\cceasQqe.s:67     .text.spif_utils_check_range:00000000 spif_utils_check_range
C:\Users\Domagoj\AppData\Local\Temp\cceasQqe.s:125    .text.spif_utils_clamp_region:00000000 $t
C:\Users\Domagoj\AppData\Local\Temp\cceasQqe.s:131    .text.spif_utils_clamp_region:00000000 spif_utils_clamp_region
C:\Users\Domagoj\AppData\Local\Temp\cceasQqe.s:186    .text.spif_utils_capacity_to_block_count:00000000 $t
C:\Users\Domagoj\AppData\Local\Temp\cceasQqe.s:192    .text.spif_utils_capacity_to_block_count:00000000 spif_utils_capacity_to_block_count

NO UNDEFINED SYMBOLS
