ARM GAS  C:\Users\Domagoj\AppData\Local\Temp\ccu47VEy.s 			page 1


   1              		.cpu cortex-m0plus
   2              		.arch armv6s-m
   3              		.fpu softvfp
   4              		.eabi_attribute 20, 1
   5              		.eabi_attribute 21, 1
   6              		.eabi_attribute 23, 3
   7              		.eabi_attribute 24, 1
   8              		.eabi_attribute 25, 1
   9              		.eabi_attribute 26, 1
  10              		.eabi_attribute 30, 1
  11              		.eabi_attribute 34, 0
  12              		.eabi_attribute 18, 4
  13              		.file	"spif.c"
  14              		.text
  15              	.Ltext0:
  16              		.cfi_sections	.debug_frame
  17              		.file 1 "Drivers/spif/impl/spif.c"
  18              		.section	.text.spif_init,"ax",%progbits
  19              		.align	1
  20              		.global	spif_init
  21              		.syntax unified
  22              		.code	16
  23              		.thumb_func
  25              	spif_init:
  26              	.LVL0:
  27              	.LFB363:
   1:Drivers/spif/impl/spif.c **** /**
   2:Drivers/spif/impl/spif.c ****  * @file spif.c
   3:Drivers/spif/impl/spif.c ****  * @author ORQA Embedded Academy
   4:Drivers/spif/impl/spif.c ****  * @brief Look at spif.h
   5:Drivers/spif/impl/spif.c ****  *
   6:Drivers/spif/impl/spif.c ****  * @note Every function is a stub, so the whole suite starts red. Build the public API on
   7:Drivers/spif/impl/spif.c ****  *       top of spif_commander and spif_utils - add private static helpers here if you
   8:Drivers/spif/impl/spif.c ****  *       need them, but keep bus access in the commander and pure logic in the utils.
   9:Drivers/spif/impl/spif.c ****  *
  10:Drivers/spif/impl/spif.c ****  * @note Every public call takes the guard in the handle before touching the bus and
  11:Drivers/spif/impl/spif.c ****  *       releases it on every exit path, including the failing ones. SPIF_USE_RTOS is 0 for
  12:Drivers/spif/impl/spif.c ****  *       now, so only the bare-metal branch is built and tested this week - keep the take
  13:Drivers/spif/impl/spif.c ****  *       and release in one place each so Week 4 can switch the mutex on without a rewrite.
  14:Drivers/spif/impl/spif.c ****  */
  15:Drivers/spif/impl/spif.c **** 
  16:Drivers/spif/impl/spif.c **** /*------------------------------------------------------ INCLUDES ---------------------------------
  17:Drivers/spif/impl/spif.c **** #include "spif.h"
  18:Drivers/spif/impl/spif.c **** #include "spif_commander.h"
  19:Drivers/spif/impl/spif.c **** #include "spif_utils.h"
  20:Drivers/spif/impl/spif.c **** 
  21:Drivers/spif/impl/spif.c **** /*----------------------------------------------- PRIVATE MACROS / DEFINES ------------------------
  22:Drivers/spif/impl/spif.c **** 
  23:Drivers/spif/impl/spif.c **** /*--------------------------------------------- PRIVATE VARIABLES (STATIC) ------------------------
  24:Drivers/spif/impl/spif.c **** 
  25:Drivers/spif/impl/spif.c **** /*------------------------------------------- PUBLIC FUNCTION IMPLEMENTATIONS ---------------------
  26:Drivers/spif/impl/spif.c **** 
  27:Drivers/spif/impl/spif.c **** bool spif_init(spif_handle_t *handle, SPI_HandleTypeDef *hspi, GPIO_TypeDef *gpio, uint16_t pin)
  28:Drivers/spif/impl/spif.c **** {
  28              		.loc 1 28 1 view -0
  29              		.cfi_startproc
  30              		@ args = 0, pretend = 0, frame = 8
ARM GAS  C:\Users\Domagoj\AppData\Local\Temp\ccu47VEy.s 			page 2


  31              		@ frame_needed = 0, uses_anonymous_args = 0
  32              		.loc 1 28 1 is_stmt 0 view .LVU1
  33 0000 F0B5     		push	{r4, r5, r6, r7, lr}
  34              	.LCFI0:
  35              		.cfi_def_cfa_offset 20
  36              		.cfi_offset 4, -20
  37              		.cfi_offset 5, -16
  38              		.cfi_offset 6, -12
  39              		.cfi_offset 7, -8
  40              		.cfi_offset 14, -4
  41 0002 83B0     		sub	sp, sp, #12
  42              	.LCFI1:
  43              		.cfi_def_cfa_offset 32
  44 0004 0700     		movs	r7, r0
  45 0006 0E00     		movs	r6, r1
  46 0008 1500     		movs	r5, r2
  47 000a 1C00     		movs	r4, r3
  29:Drivers/spif/impl/spif.c **** 	uint8_t JEDEC[SPIF_JEDEC_ID_SIZE];
  48              		.loc 1 29 2 is_stmt 1 view .LVU2
  30:Drivers/spif/impl/spif.c **** 
  31:Drivers/spif/impl/spif.c **** 	if(!spif_utils_is_ready(handle))
  49              		.loc 1 31 2 view .LVU3
  50              		.loc 1 31 6 is_stmt 0 view .LVU4
  51 000c FFF7FEFF 		bl	spif_utils_is_ready
  52              	.LVL1:
  53              		.loc 1 31 4 discriminator 1 view .LVU5
  54 0010 0028     		cmp	r0, #0
  55 0012 01D1     		bne	.L6
  56              	.L2:
  32:Drivers/spif/impl/spif.c **** 	{
  33:Drivers/spif/impl/spif.c **** 	  return false;
  34:Drivers/spif/impl/spif.c **** 	}
  35:Drivers/spif/impl/spif.c **** 	else
  36:Drivers/spif/impl/spif.c **** 	{
  37:Drivers/spif/impl/spif.c **** 	  handle->hspi = hspi;
  38:Drivers/spif/impl/spif.c **** 	  handle->gpio = gpio;
  39:Drivers/spif/impl/spif.c **** 	  handle->pin = pin;
  40:Drivers/spif/impl/spif.c **** 	  if(!spif_commander_command(handle, SPIF_CMD_JEDEC_ID))
  41:Drivers/spif/impl/spif.c **** 	  {
  42:Drivers/spif/impl/spif.c ****         return false;
  43:Drivers/spif/impl/spif.c **** 	  }
  44:Drivers/spif/impl/spif.c **** 	  else if(!spif_commander_receive(handle, JEDEC, SPIF_JEDEC_ID_SIZE, SPIF_TIMEOUT_CMD))
  45:Drivers/spif/impl/spif.c **** 	  {
  46:Drivers/spif/impl/spif.c ****         return false;
  47:Drivers/spif/impl/spif.c **** 	  }
  48:Drivers/spif/impl/spif.c **** 	  else
  49:Drivers/spif/impl/spif.c **** 	  {
  50:Drivers/spif/impl/spif.c **** 	    handle->manufactor = (JEDEC[0] == SPIF_MANUFACTOR_WINBOND) ? SPIF_MANUFACTOR_WINBOND : SPIF_MA
  51:Drivers/spif/impl/spif.c **** 
  52:Drivers/spif/impl/spif.c **** 	    if (handle->manufactor == SPIF_MANUFACTOR_ERROR)
  53:Drivers/spif/impl/spif.c **** 	    {
  54:Drivers/spif/impl/spif.c **** 	      return false;
  55:Drivers/spif/impl/spif.c **** 	    }
  56:Drivers/spif/impl/spif.c **** 
  57:Drivers/spif/impl/spif.c **** 	    handle->mem_type = JEDEC[1];
  58:Drivers/spif/impl/spif.c **** 	    handle->capacity = JEDEC[2];
  59:Drivers/spif/impl/spif.c **** 
ARM GAS  C:\Users\Domagoj\AppData\Local\Temp\ccu47VEy.s 			page 3


  60:Drivers/spif/impl/spif.c **** 	    handle->total_size = (1UL << handle->capacity);
  61:Drivers/spif/impl/spif.c **** 	    handle->block_cnt = handle->total_size / SPIF_BLOCK_SIZE;
  62:Drivers/spif/impl/spif.c **** 	    handle->sector_cnt = handle->total_size / SPIF_SECTOR_SIZE;
  63:Drivers/spif/impl/spif.c **** 	    handle->page_cnt = handle->total_size / SPIF_PAGE_SIZE;
  64:Drivers/spif/impl/spif.c **** 	  }
  65:Drivers/spif/impl/spif.c **** 	}
  66:Drivers/spif/impl/spif.c **** 	return true;
  67:Drivers/spif/impl/spif.c **** }
  57              		.loc 1 67 1 view .LVU6
  58 0014 03B0     		add	sp, sp, #12
  59              		@ sp needed
  60              	.LVL2:
  61              	.LVL3:
  62              	.LVL4:
  63              	.LVL5:
  64              		.loc 1 67 1 view .LVU7
  65 0016 F0BD     		pop	{r4, r5, r6, r7, pc}
  66              	.LVL6:
  67              	.L6:
  37:Drivers/spif/impl/spif.c **** 	  handle->gpio = gpio;
  68              		.loc 1 37 4 is_stmt 1 view .LVU8
  37:Drivers/spif/impl/spif.c **** 	  handle->gpio = gpio;
  69              		.loc 1 37 17 is_stmt 0 view .LVU9
  70 0018 3E60     		str	r6, [r7]
  38:Drivers/spif/impl/spif.c **** 	  handle->pin = pin;
  71              		.loc 1 38 4 is_stmt 1 view .LVU10
  38:Drivers/spif/impl/spif.c **** 	  handle->pin = pin;
  72              		.loc 1 38 17 is_stmt 0 view .LVU11
  73 001a 7D60     		str	r5, [r7, #4]
  39:Drivers/spif/impl/spif.c **** 	  if(!spif_commander_command(handle, SPIF_CMD_JEDEC_ID))
  74              		.loc 1 39 4 is_stmt 1 view .LVU12
  39:Drivers/spif/impl/spif.c **** 	  if(!spif_commander_command(handle, SPIF_CMD_JEDEC_ID))
  75              		.loc 1 39 16 is_stmt 0 view .LVU13
  76 001c 3C81     		strh	r4, [r7, #8]
  40:Drivers/spif/impl/spif.c **** 	  {
  77              		.loc 1 40 4 is_stmt 1 view .LVU14
  40:Drivers/spif/impl/spif.c **** 	  {
  78              		.loc 1 40 8 is_stmt 0 view .LVU15
  79 001e 9F21     		movs	r1, #159
  80 0020 3800     		movs	r0, r7
  81 0022 FFF7FEFF 		bl	spif_commander_command
  82              	.LVL7:
  40:Drivers/spif/impl/spif.c **** 	  {
  83              		.loc 1 40 6 discriminator 1 view .LVU16
  84 0026 0028     		cmp	r0, #0
  85 0028 F4D0     		beq	.L2
  44:Drivers/spif/impl/spif.c **** 	  {
  86              		.loc 1 44 9 is_stmt 1 view .LVU17
  44:Drivers/spif/impl/spif.c **** 	  {
  87              		.loc 1 44 13 is_stmt 0 view .LVU18
  88 002a 6423     		movs	r3, #100
  89 002c 0322     		movs	r2, #3
  90 002e 01A9     		add	r1, sp, #4
  91 0030 3800     		movs	r0, r7
  92 0032 FFF7FEFF 		bl	spif_commander_receive
  93              	.LVL8:
  44:Drivers/spif/impl/spif.c **** 	  {
ARM GAS  C:\Users\Domagoj\AppData\Local\Temp\ccu47VEy.s 			page 4


  94              		.loc 1 44 11 discriminator 1 view .LVU19
  95 0036 0028     		cmp	r0, #0
  96 0038 ECD0     		beq	.L2
  50:Drivers/spif/impl/spif.c **** 
  97              		.loc 1 50 6 is_stmt 1 view .LVU20
  50:Drivers/spif/impl/spif.c **** 
  98              		.loc 1 50 33 is_stmt 0 view .LVU21
  99 003a 01AB     		add	r3, sp, #4
 100 003c 1B78     		ldrb	r3, [r3]
  50:Drivers/spif/impl/spif.c **** 
 101              		.loc 1 50 91 view .LVU22
 102 003e EF2B     		cmp	r3, #239
 103 0040 00D0     		beq	.L3
  50:Drivers/spif/impl/spif.c **** 
 104              		.loc 1 50 91 discriminator 2 view .LVU23
 105 0042 0023     		movs	r3, #0
 106              	.L3:
  50:Drivers/spif/impl/spif.c **** 
 107              		.loc 1 50 25 discriminator 4 view .LVU24
 108 0044 BB72     		strb	r3, [r7, #10]
  52:Drivers/spif/impl/spif.c **** 	    {
 109              		.loc 1 52 6 is_stmt 1 view .LVU25
  52:Drivers/spif/impl/spif.c **** 	    {
 110              		.loc 1 52 9 is_stmt 0 view .LVU26
 111 0046 002B     		cmp	r3, #0
 112 0048 0ED0     		beq	.L5
  57:Drivers/spif/impl/spif.c **** 	    handle->capacity = JEDEC[2];
 113              		.loc 1 57 6 is_stmt 1 view .LVU27
  57:Drivers/spif/impl/spif.c **** 	    handle->capacity = JEDEC[2];
 114              		.loc 1 57 30 is_stmt 0 view .LVU28
 115 004a 01AB     		add	r3, sp, #4
 116 004c 5A78     		ldrb	r2, [r3, #1]
  57:Drivers/spif/impl/spif.c **** 	    handle->capacity = JEDEC[2];
 117              		.loc 1 57 23 view .LVU29
 118 004e FA72     		strb	r2, [r7, #11]
  58:Drivers/spif/impl/spif.c **** 
 119              		.loc 1 58 6 is_stmt 1 view .LVU30
  58:Drivers/spif/impl/spif.c **** 
 120              		.loc 1 58 30 is_stmt 0 view .LVU31
 121 0050 9A78     		ldrb	r2, [r3, #2]
  58:Drivers/spif/impl/spif.c **** 
 122              		.loc 1 58 23 view .LVU32
 123 0052 3A73     		strb	r2, [r7, #12]
  60:Drivers/spif/impl/spif.c **** 	    handle->block_cnt = handle->total_size / SPIF_BLOCK_SIZE;
 124              		.loc 1 60 6 is_stmt 1 view .LVU33
  60:Drivers/spif/impl/spif.c **** 	    handle->block_cnt = handle->total_size / SPIF_BLOCK_SIZE;
 125              		.loc 1 60 32 is_stmt 0 view .LVU34
 126 0054 0123     		movs	r3, #1
 127 0056 9340     		lsls	r3, r3, r2
  60:Drivers/spif/impl/spif.c **** 	    handle->block_cnt = handle->total_size / SPIF_BLOCK_SIZE;
 128              		.loc 1 60 25 view .LVU35
 129 0058 3B61     		str	r3, [r7, #16]
  61:Drivers/spif/impl/spif.c **** 	    handle->sector_cnt = handle->total_size / SPIF_SECTOR_SIZE;
 130              		.loc 1 61 6 is_stmt 1 view .LVU36
  61:Drivers/spif/impl/spif.c **** 	    handle->sector_cnt = handle->total_size / SPIF_SECTOR_SIZE;
 131              		.loc 1 61 45 is_stmt 0 view .LVU37
 132 005a 1A0C     		lsrs	r2, r3, #16
ARM GAS  C:\Users\Domagoj\AppData\Local\Temp\ccu47VEy.s 			page 5


  61:Drivers/spif/impl/spif.c **** 	    handle->sector_cnt = handle->total_size / SPIF_SECTOR_SIZE;
 133              		.loc 1 61 24 view .LVU38
 134 005c FA61     		str	r2, [r7, #28]
  62:Drivers/spif/impl/spif.c **** 	    handle->page_cnt = handle->total_size / SPIF_PAGE_SIZE;
 135              		.loc 1 62 6 is_stmt 1 view .LVU39
  62:Drivers/spif/impl/spif.c **** 	    handle->page_cnt = handle->total_size / SPIF_PAGE_SIZE;
 136              		.loc 1 62 46 is_stmt 0 view .LVU40
 137 005e 1A0B     		lsrs	r2, r3, #12
  62:Drivers/spif/impl/spif.c **** 	    handle->page_cnt = handle->total_size / SPIF_PAGE_SIZE;
 138              		.loc 1 62 25 view .LVU41
 139 0060 BA61     		str	r2, [r7, #24]
  63:Drivers/spif/impl/spif.c **** 	  }
 140              		.loc 1 63 6 is_stmt 1 view .LVU42
  63:Drivers/spif/impl/spif.c **** 	  }
 141              		.loc 1 63 44 is_stmt 0 view .LVU43
 142 0062 1B0A     		lsrs	r3, r3, #8
  63:Drivers/spif/impl/spif.c **** 	  }
 143              		.loc 1 63 23 view .LVU44
 144 0064 7B61     		str	r3, [r7, #20]
  66:Drivers/spif/impl/spif.c **** }
 145              		.loc 1 66 2 is_stmt 1 view .LVU45
  66:Drivers/spif/impl/spif.c **** }
 146              		.loc 1 66 9 is_stmt 0 view .LVU46
 147 0066 D5E7     		b	.L2
 148              	.L5:
  54:Drivers/spif/impl/spif.c **** 	    }
 149              		.loc 1 54 15 view .LVU47
 150 0068 0020     		movs	r0, #0
 151 006a D3E7     		b	.L2
 152              		.cfi_endproc
 153              	.LFE363:
 155              		.section	.text.spif_erase_chip,"ax",%progbits
 156              		.align	1
 157              		.global	spif_erase_chip
 158              		.syntax unified
 159              		.code	16
 160              		.thumb_func
 162              	spif_erase_chip:
 163              	.LVL9:
 164              	.LFB364:
  68:Drivers/spif/impl/spif.c **** 
  69:Drivers/spif/impl/spif.c **** bool spif_erase_chip(spif_handle_t *handle)
  70:Drivers/spif/impl/spif.c **** {
 165              		.loc 1 70 1 is_stmt 1 view -0
 166              		.cfi_startproc
 167              		@ args = 0, pretend = 0, frame = 0
 168              		@ frame_needed = 0, uses_anonymous_args = 0
 169              		.loc 1 70 1 is_stmt 0 view .LVU49
 170 0000 10B5     		push	{r4, lr}
 171              	.LCFI2:
 172              		.cfi_def_cfa_offset 8
 173              		.cfi_offset 4, -8
 174              		.cfi_offset 14, -4
 175 0002 0400     		movs	r4, r0
  71:Drivers/spif/impl/spif.c ****     if(!spif_utils_is_ready(handle))
 176              		.loc 1 71 5 is_stmt 1 view .LVU50
 177              		.loc 1 71 9 is_stmt 0 view .LVU51
ARM GAS  C:\Users\Domagoj\AppData\Local\Temp\ccu47VEy.s 			page 6


 178 0004 FFF7FEFF 		bl	spif_utils_is_ready
 179              	.LVL10:
 180              		.loc 1 71 7 discriminator 1 view .LVU52
 181 0008 0028     		cmp	r0, #0
 182 000a 00D1     		bne	.L9
 183              	.L8:
  72:Drivers/spif/impl/spif.c ****     {
  73:Drivers/spif/impl/spif.c ****       return false;
  74:Drivers/spif/impl/spif.c ****     }
  75:Drivers/spif/impl/spif.c ****     else if(!spif_commander_command(handle, SPIF_CMD_WRITE_ENABLE))
  76:Drivers/spif/impl/spif.c ****     {
  77:Drivers/spif/impl/spif.c ****       return false;
  78:Drivers/spif/impl/spif.c ****     }
  79:Drivers/spif/impl/spif.c ****     else if(!spif_commander_command(handle, SPIF_CMD_CHIP_ERASE))
  80:Drivers/spif/impl/spif.c ****     {
  81:Drivers/spif/impl/spif.c ****       return false;
  82:Drivers/spif/impl/spif.c ****     }
  83:Drivers/spif/impl/spif.c ****     else if(!spif_commander_wait_for_writing(handle, SPIF_TIMEOUT_BLOCK_ERASE))
  84:Drivers/spif/impl/spif.c ****     {
  85:Drivers/spif/impl/spif.c ****       return false;
  86:Drivers/spif/impl/spif.c ****     }
  87:Drivers/spif/impl/spif.c ****     return true;
  88:Drivers/spif/impl/spif.c **** }
 184              		.loc 1 88 1 view .LVU53
 185              		@ sp needed
 186              	.LVL11:
 187              		.loc 1 88 1 view .LVU54
 188 000c 10BD     		pop	{r4, pc}
 189              	.LVL12:
 190              	.L9:
  75:Drivers/spif/impl/spif.c ****     {
 191              		.loc 1 75 10 is_stmt 1 view .LVU55
  75:Drivers/spif/impl/spif.c ****     {
 192              		.loc 1 75 14 is_stmt 0 view .LVU56
 193 000e 0621     		movs	r1, #6
 194 0010 2000     		movs	r0, r4
 195 0012 FFF7FEFF 		bl	spif_commander_command
 196              	.LVL13:
  75:Drivers/spif/impl/spif.c ****     {
 197              		.loc 1 75 12 discriminator 1 view .LVU57
 198 0016 0028     		cmp	r0, #0
 199 0018 F8D0     		beq	.L8
  79:Drivers/spif/impl/spif.c ****     {
 200              		.loc 1 79 10 is_stmt 1 view .LVU58
  79:Drivers/spif/impl/spif.c ****     {
 201              		.loc 1 79 14 is_stmt 0 view .LVU59
 202 001a C721     		movs	r1, #199
 203 001c 2000     		movs	r0, r4
 204 001e FFF7FEFF 		bl	spif_commander_command
 205              	.LVL14:
  79:Drivers/spif/impl/spif.c ****     {
 206              		.loc 1 79 12 discriminator 1 view .LVU60
 207 0022 0028     		cmp	r0, #0
 208 0024 F2D0     		beq	.L8
  83:Drivers/spif/impl/spif.c ****     {
 209              		.loc 1 83 10 is_stmt 1 view .LVU61
  83:Drivers/spif/impl/spif.c ****     {
ARM GAS  C:\Users\Domagoj\AppData\Local\Temp\ccu47VEy.s 			page 7


 210              		.loc 1 83 14 is_stmt 0 view .LVU62
 211 0026 0249     		ldr	r1, .L10
 212 0028 2000     		movs	r0, r4
 213 002a FFF7FEFF 		bl	spif_commander_wait_for_writing
 214              	.LVL15:
 215 002e EDE7     		b	.L8
 216              	.L11:
 217              		.align	2
 218              	.L10:
 219 0030 B80B0000 		.word	3000
 220              		.cfi_endproc
 221              	.LFE364:
 223              		.section	.text.spif_erase_sector,"ax",%progbits
 224              		.align	1
 225              		.global	spif_erase_sector
 226              		.syntax unified
 227              		.code	16
 228              		.thumb_func
 230              	spif_erase_sector:
 231              	.LVL16:
 232              	.LFB365:
  89:Drivers/spif/impl/spif.c **** 
  90:Drivers/spif/impl/spif.c **** bool spif_erase_sector(spif_handle_t *handle, uint32_t sector)
  91:Drivers/spif/impl/spif.c **** {
 233              		.loc 1 91 1 is_stmt 1 view -0
 234              		.cfi_startproc
 235              		@ args = 0, pretend = 0, frame = 0
 236              		@ frame_needed = 0, uses_anonymous_args = 0
 237              		.loc 1 91 1 is_stmt 0 view .LVU64
 238 0000 70B5     		push	{r4, r5, r6, lr}
 239              	.LCFI3:
 240              		.cfi_def_cfa_offset 16
 241              		.cfi_offset 4, -16
 242              		.cfi_offset 5, -12
 243              		.cfi_offset 6, -8
 244              		.cfi_offset 14, -4
 245 0002 0500     		movs	r5, r0
 246 0004 0C00     		movs	r4, r1
  92:Drivers/spif/impl/spif.c **** 	if(!spif_utils_is_ready(handle))
 247              		.loc 1 92 2 is_stmt 1 view .LVU65
 248              		.loc 1 92 6 is_stmt 0 view .LVU66
 249 0006 FFF7FEFF 		bl	spif_utils_is_ready
 250              	.LVL17:
 251              		.loc 1 92 4 discriminator 1 view .LVU67
 252 000a 0028     		cmp	r0, #0
 253 000c 00D1     		bne	.L14
 254              	.L13:
  93:Drivers/spif/impl/spif.c **** 	{
  94:Drivers/spif/impl/spif.c **** 	  return false;
  95:Drivers/spif/impl/spif.c **** 	}
  96:Drivers/spif/impl/spif.c **** 	else if(!spif_utils_check_range(handle, sector, SPIF_SECTOR_SIZE))
  97:Drivers/spif/impl/spif.c **** 	{
  98:Drivers/spif/impl/spif.c **** 	  return false;
  99:Drivers/spif/impl/spif.c **** 	}
 100:Drivers/spif/impl/spif.c **** 	else if(!spif_commander_command(handle, SPIF_CMD_WRITE_ENABLE))
 101:Drivers/spif/impl/spif.c **** 	{
 102:Drivers/spif/impl/spif.c **** 	  return false;
ARM GAS  C:\Users\Domagoj\AppData\Local\Temp\ccu47VEy.s 			page 8


 103:Drivers/spif/impl/spif.c **** 	}
 104:Drivers/spif/impl/spif.c **** 	else if(!spif_commander_command_address(handle, SPIF_CMD_SECTOR_ERASE_3ADDR, SPIF_CMD_SECTOR_ERASE
 105:Drivers/spif/impl/spif.c **** 	{
 106:Drivers/spif/impl/spif.c **** 	  return false;
 107:Drivers/spif/impl/spif.c **** 	}
 108:Drivers/spif/impl/spif.c **** 	else if(!spif_commander_wait_for_writing(handle, SPIF_TIMEOUT_SECTOR_ERASE))
 109:Drivers/spif/impl/spif.c **** 	{
 110:Drivers/spif/impl/spif.c **** 	  return false;
 111:Drivers/spif/impl/spif.c **** 	}
 112:Drivers/spif/impl/spif.c **** 	return true;
 113:Drivers/spif/impl/spif.c **** }
 255              		.loc 1 113 1 view .LVU68
 256              		@ sp needed
 257              	.LVL18:
 258              	.LVL19:
 259              		.loc 1 113 1 view .LVU69
 260 000e 70BD     		pop	{r4, r5, r6, pc}
 261              	.LVL20:
 262              	.L14:
  96:Drivers/spif/impl/spif.c **** 	{
 263              		.loc 1 96 7 is_stmt 1 view .LVU70
  96:Drivers/spif/impl/spif.c **** 	{
 264              		.loc 1 96 11 is_stmt 0 view .LVU71
 265 0010 8022     		movs	r2, #128
 266 0012 5201     		lsls	r2, r2, #5
 267 0014 2100     		movs	r1, r4
 268 0016 2800     		movs	r0, r5
 269 0018 FFF7FEFF 		bl	spif_utils_check_range
 270              	.LVL21:
  96:Drivers/spif/impl/spif.c **** 	{
 271              		.loc 1 96 9 discriminator 1 view .LVU72
 272 001c 0028     		cmp	r0, #0
 273 001e F6D0     		beq	.L13
 100:Drivers/spif/impl/spif.c **** 	{
 274              		.loc 1 100 7 is_stmt 1 view .LVU73
 100:Drivers/spif/impl/spif.c **** 	{
 275              		.loc 1 100 11 is_stmt 0 view .LVU74
 276 0020 0621     		movs	r1, #6
 277 0022 2800     		movs	r0, r5
 278 0024 FFF7FEFF 		bl	spif_commander_command
 279              	.LVL22:
 100:Drivers/spif/impl/spif.c **** 	{
 280              		.loc 1 100 9 discriminator 1 view .LVU75
 281 0028 0028     		cmp	r0, #0
 282 002a F0D0     		beq	.L13
 104:Drivers/spif/impl/spif.c **** 	{
 283              		.loc 1 104 7 is_stmt 1 view .LVU76
 104:Drivers/spif/impl/spif.c **** 	{
 284              		.loc 1 104 11 is_stmt 0 view .LVU77
 285 002c 2300     		movs	r3, r4
 286 002e 2122     		movs	r2, #33
 287 0030 2021     		movs	r1, #32
 288 0032 2800     		movs	r0, r5
 289 0034 FFF7FEFF 		bl	spif_commander_command_address
 290              	.LVL23:
 104:Drivers/spif/impl/spif.c **** 	{
 291              		.loc 1 104 9 discriminator 1 view .LVU78
ARM GAS  C:\Users\Domagoj\AppData\Local\Temp\ccu47VEy.s 			page 9


 292 0038 0028     		cmp	r0, #0
 293 003a E8D0     		beq	.L13
 108:Drivers/spif/impl/spif.c **** 	{
 294              		.loc 1 108 7 is_stmt 1 view .LVU79
 108:Drivers/spif/impl/spif.c **** 	{
 295              		.loc 1 108 11 is_stmt 0 view .LVU80
 296 003c FA21     		movs	r1, #250
 297 003e 8900     		lsls	r1, r1, #2
 298 0040 2800     		movs	r0, r5
 299 0042 FFF7FEFF 		bl	spif_commander_wait_for_writing
 300              	.LVL24:
 301 0046 E2E7     		b	.L13
 302              		.cfi_endproc
 303              	.LFE365:
 305              		.section	.text.spif_erase_block,"ax",%progbits
 306              		.align	1
 307              		.global	spif_erase_block
 308              		.syntax unified
 309              		.code	16
 310              		.thumb_func
 312              	spif_erase_block:
 313              	.LVL25:
 314              	.LFB366:
 114:Drivers/spif/impl/spif.c **** 
 115:Drivers/spif/impl/spif.c **** bool spif_erase_block(spif_handle_t *handle, uint32_t block)
 116:Drivers/spif/impl/spif.c **** {
 315              		.loc 1 116 1 is_stmt 1 view -0
 316              		.cfi_startproc
 317              		@ args = 0, pretend = 0, frame = 0
 318              		@ frame_needed = 0, uses_anonymous_args = 0
 319              		.loc 1 116 1 is_stmt 0 view .LVU82
 320 0000 70B5     		push	{r4, r5, r6, lr}
 321              	.LCFI4:
 322              		.cfi_def_cfa_offset 16
 323              		.cfi_offset 4, -16
 324              		.cfi_offset 5, -12
 325              		.cfi_offset 6, -8
 326              		.cfi_offset 14, -4
 327 0002 0500     		movs	r5, r0
 328 0004 0C00     		movs	r4, r1
 117:Drivers/spif/impl/spif.c **** 	if(!spif_utils_is_ready(handle))
 329              		.loc 1 117 2 is_stmt 1 view .LVU83
 330              		.loc 1 117 6 is_stmt 0 view .LVU84
 331 0006 FFF7FEFF 		bl	spif_utils_is_ready
 332              	.LVL26:
 333              		.loc 1 117 4 discriminator 1 view .LVU85
 334 000a 0028     		cmp	r0, #0
 335 000c 00D1     		bne	.L17
 336              	.L16:
 118:Drivers/spif/impl/spif.c **** 	{
 119:Drivers/spif/impl/spif.c **** 	  return false;
 120:Drivers/spif/impl/spif.c **** 	}
 121:Drivers/spif/impl/spif.c **** 	else if(!spif_utils_check_range(handle, block, SPIF_BLOCK_SIZE))
 122:Drivers/spif/impl/spif.c **** 	{
 123:Drivers/spif/impl/spif.c **** 	  return false;
 124:Drivers/spif/impl/spif.c **** 	}
 125:Drivers/spif/impl/spif.c **** 	else if(!spif_commander_command(handle, SPIF_CMD_WRITE_ENABLE))
ARM GAS  C:\Users\Domagoj\AppData\Local\Temp\ccu47VEy.s 			page 10


 126:Drivers/spif/impl/spif.c **** 	{
 127:Drivers/spif/impl/spif.c **** 	  return false;
 128:Drivers/spif/impl/spif.c **** 	}
 129:Drivers/spif/impl/spif.c **** 	else if(!spif_commander_command_address(handle, SPIF_CMD_BLOCK_ERASE_3ADDR, SPIF_CMD_BLOCK_ERASE_4
 130:Drivers/spif/impl/spif.c **** 	{
 131:Drivers/spif/impl/spif.c **** 	  return false;
 132:Drivers/spif/impl/spif.c **** 	}
 133:Drivers/spif/impl/spif.c **** 	else if(!spif_commander_wait_for_writing(handle, SPIF_TIMEOUT_BLOCK_ERASE))
 134:Drivers/spif/impl/spif.c **** 	{
 135:Drivers/spif/impl/spif.c **** 	  return false;
 136:Drivers/spif/impl/spif.c **** 	}
 137:Drivers/spif/impl/spif.c **** 	return true;
 138:Drivers/spif/impl/spif.c **** }
 337              		.loc 1 138 1 view .LVU86
 338              		@ sp needed
 339              	.LVL27:
 340              	.LVL28:
 341              		.loc 1 138 1 view .LVU87
 342 000e 70BD     		pop	{r4, r5, r6, pc}
 343              	.LVL29:
 344              	.L17:
 121:Drivers/spif/impl/spif.c **** 	{
 345              		.loc 1 121 7 is_stmt 1 view .LVU88
 121:Drivers/spif/impl/spif.c **** 	{
 346              		.loc 1 121 11 is_stmt 0 view .LVU89
 347 0010 8022     		movs	r2, #128
 348 0012 5202     		lsls	r2, r2, #9
 349 0014 2100     		movs	r1, r4
 350 0016 2800     		movs	r0, r5
 351 0018 FFF7FEFF 		bl	spif_utils_check_range
 352              	.LVL30:
 121:Drivers/spif/impl/spif.c **** 	{
 353              		.loc 1 121 9 discriminator 1 view .LVU90
 354 001c 0028     		cmp	r0, #0
 355 001e F6D0     		beq	.L16
 125:Drivers/spif/impl/spif.c **** 	{
 356              		.loc 1 125 7 is_stmt 1 view .LVU91
 125:Drivers/spif/impl/spif.c **** 	{
 357              		.loc 1 125 11 is_stmt 0 view .LVU92
 358 0020 0621     		movs	r1, #6
 359 0022 2800     		movs	r0, r5
 360 0024 FFF7FEFF 		bl	spif_commander_command
 361              	.LVL31:
 125:Drivers/spif/impl/spif.c **** 	{
 362              		.loc 1 125 9 discriminator 1 view .LVU93
 363 0028 0028     		cmp	r0, #0
 364 002a F0D0     		beq	.L16
 129:Drivers/spif/impl/spif.c **** 	{
 365              		.loc 1 129 7 is_stmt 1 view .LVU94
 129:Drivers/spif/impl/spif.c **** 	{
 366              		.loc 1 129 11 is_stmt 0 view .LVU95
 367 002c 2300     		movs	r3, r4
 368 002e DC22     		movs	r2, #220
 369 0030 D821     		movs	r1, #216
 370 0032 2800     		movs	r0, r5
 371 0034 FFF7FEFF 		bl	spif_commander_command_address
 372              	.LVL32:
ARM GAS  C:\Users\Domagoj\AppData\Local\Temp\ccu47VEy.s 			page 11


 129:Drivers/spif/impl/spif.c **** 	{
 373              		.loc 1 129 9 discriminator 1 view .LVU96
 374 0038 0028     		cmp	r0, #0
 375 003a E8D0     		beq	.L16
 133:Drivers/spif/impl/spif.c **** 	{
 376              		.loc 1 133 7 is_stmt 1 view .LVU97
 133:Drivers/spif/impl/spif.c **** 	{
 377              		.loc 1 133 11 is_stmt 0 view .LVU98
 378 003c 0249     		ldr	r1, .L18
 379 003e 2800     		movs	r0, r5
 380 0040 FFF7FEFF 		bl	spif_commander_wait_for_writing
 381              	.LVL33:
 382 0044 E3E7     		b	.L16
 383              	.L19:
 384 0046 C046     		.align	2
 385              	.L18:
 386 0048 B80B0000 		.word	3000
 387              		.cfi_endproc
 388              	.LFE366:
 390              		.section	.text.spif_write_page,"ax",%progbits
 391              		.align	1
 392              		.global	spif_write_page
 393              		.syntax unified
 394              		.code	16
 395              		.thumb_func
 397              	spif_write_page:
 398              	.LVL34:
 399              	.LFB368:
 139:Drivers/spif/impl/spif.c **** 
 140:Drivers/spif/impl/spif.c **** bool spif_write_address(spif_handle_t *handle, uint32_t address, const uint8_t *data, uint32_t size
 141:Drivers/spif/impl/spif.c **** {
 142:Drivers/spif/impl/spif.c **** 	if(data == NULL)
 143:Drivers/spif/impl/spif.c **** 	{
 144:Drivers/spif/impl/spif.c **** 	  return false;
 145:Drivers/spif/impl/spif.c **** 	}
 146:Drivers/spif/impl/spif.c **** 
 147:Drivers/spif/impl/spif.c **** 	if(!spif_utils_check_range(handle, address, size))
 148:Drivers/spif/impl/spif.c **** 	{
 149:Drivers/spif/impl/spif.c **** 	  return false;
 150:Drivers/spif/impl/spif.c **** 	}
 151:Drivers/spif/impl/spif.c **** 
 152:Drivers/spif/impl/spif.c **** 	uint32_t written = 0;
 153:Drivers/spif/impl/spif.c **** 
 154:Drivers/spif/impl/spif.c **** 	while(written < size)
 155:Drivers/spif/impl/spif.c **** 	{
 156:Drivers/spif/impl/spif.c **** 	  uint32_t current      = address + written;
 157:Drivers/spif/impl/spif.c **** 	  uint32_t page_start   = (current / SPIF_PAGE_SIZE) * SPIF_PAGE_SIZE;
 158:Drivers/spif/impl/spif.c **** 	  uint32_t page_offset  = current - page_start;
 159:Drivers/spif/impl/spif.c **** 	  uint32_t chunk        = size - written;
 160:Drivers/spif/impl/spif.c **** 
 161:Drivers/spif/impl/spif.c **** 	  if(page_offset + chunk > SPIF_PAGE_SIZE)
 162:Drivers/spif/impl/spif.c **** 	  {
 163:Drivers/spif/impl/spif.c **** 	    chunk = SPIF_PAGE_SIZE - page_offset;
 164:Drivers/spif/impl/spif.c **** 	  }
 165:Drivers/spif/impl/spif.c **** 
 166:Drivers/spif/impl/spif.c **** 	  if(!spif_write_page(handle, page_start, data + written, chunk, page_offset))
 167:Drivers/spif/impl/spif.c **** 	  {
ARM GAS  C:\Users\Domagoj\AppData\Local\Temp\ccu47VEy.s 			page 12


 168:Drivers/spif/impl/spif.c **** 	    return false;
 169:Drivers/spif/impl/spif.c **** 	  }
 170:Drivers/spif/impl/spif.c **** 
 171:Drivers/spif/impl/spif.c **** 	  written += chunk;
 172:Drivers/spif/impl/spif.c **** 	}
 173:Drivers/spif/impl/spif.c **** 
 174:Drivers/spif/impl/spif.c **** 	return true;
 175:Drivers/spif/impl/spif.c **** }
 176:Drivers/spif/impl/spif.c **** 
 177:Drivers/spif/impl/spif.c **** bool spif_write_page(spif_handle_t *handle, uint32_t page, const uint8_t *data, uint32_t size, uint
 178:Drivers/spif/impl/spif.c **** {
 400              		.loc 1 178 1 is_stmt 1 view -0
 401              		.cfi_startproc
 402              		@ args = 4, pretend = 0, frame = 8
 403              		@ frame_needed = 0, uses_anonymous_args = 0
 404              		.loc 1 178 1 is_stmt 0 view .LVU100
 405 0000 70B5     		push	{r4, r5, r6, lr}
 406              	.LCFI5:
 407              		.cfi_def_cfa_offset 16
 408              		.cfi_offset 4, -16
 409              		.cfi_offset 5, -12
 410              		.cfi_offset 6, -8
 411              		.cfi_offset 14, -4
 412 0002 82B0     		sub	sp, sp, #8
 413              	.LCFI6:
 414              		.cfi_def_cfa_offset 24
 415 0004 0600     		movs	r6, r0
 416 0006 0D00     		movs	r5, r1
 417 0008 1400     		movs	r4, r2
 418 000a 0193     		str	r3, [sp, #4]
 179:Drivers/spif/impl/spif.c **** 	if(!spif_utils_is_ready(handle))
 419              		.loc 1 179 2 is_stmt 1 view .LVU101
 420              		.loc 1 179 6 is_stmt 0 view .LVU102
 421 000c FFF7FEFF 		bl	spif_utils_is_ready
 422              	.LVL35:
 423              		.loc 1 179 4 discriminator 1 view .LVU103
 424 0010 0028     		cmp	r0, #0
 425 0012 09D0     		beq	.L21
 180:Drivers/spif/impl/spif.c **** 	{
 181:Drivers/spif/impl/spif.c **** 	  return false;
 182:Drivers/spif/impl/spif.c **** 	}
 183:Drivers/spif/impl/spif.c **** 	else if(data == NULL)
 426              		.loc 1 183 7 is_stmt 1 view .LVU104
 427              		.loc 1 183 9 is_stmt 0 view .LVU105
 428 0014 002C     		cmp	r4, #0
 429 0016 30D0     		beq	.L24
 184:Drivers/spif/impl/spif.c **** 	{
 185:Drivers/spif/impl/spif.c **** 	  return false;
 186:Drivers/spif/impl/spif.c **** 	}
 187:Drivers/spif/impl/spif.c **** 	else if(!spif_utils_clamp_region(SPIF_PAGE_SIZE, offset, &size))
 430              		.loc 1 187 7 is_stmt 1 view .LVU106
 431              		.loc 1 187 11 is_stmt 0 view .LVU107
 432 0018 8020     		movs	r0, #128
 433 001a 01AA     		add	r2, sp, #4
 434 001c 0699     		ldr	r1, [sp, #24]
 435 001e 4000     		lsls	r0, r0, #1
 436 0020 FFF7FEFF 		bl	spif_utils_clamp_region
ARM GAS  C:\Users\Domagoj\AppData\Local\Temp\ccu47VEy.s 			page 13


 437              	.LVL36:
 438              		.loc 1 187 9 discriminator 1 view .LVU108
 439 0024 0028     		cmp	r0, #0
 440 0026 01D1     		bne	.L25
 441              	.LVL37:
 442              	.L21:
 188:Drivers/spif/impl/spif.c **** 	{
 189:Drivers/spif/impl/spif.c **** 	  return false;
 190:Drivers/spif/impl/spif.c **** 	}
 191:Drivers/spif/impl/spif.c **** 
 192:Drivers/spif/impl/spif.c **** 	uint32_t address = page + offset;
 193:Drivers/spif/impl/spif.c **** 
 194:Drivers/spif/impl/spif.c **** 	if(!spif_utils_check_range(handle, address, size))
 195:Drivers/spif/impl/spif.c **** 	{
 196:Drivers/spif/impl/spif.c **** 	  return false;
 197:Drivers/spif/impl/spif.c **** 	}
 198:Drivers/spif/impl/spif.c **** 	else if(!spif_commander_command(handle, SPIF_CMD_WRITE_ENABLE))
 199:Drivers/spif/impl/spif.c **** 	{
 200:Drivers/spif/impl/spif.c **** 	  return false;
 201:Drivers/spif/impl/spif.c **** 	}
 202:Drivers/spif/impl/spif.c **** 
 203:Drivers/spif/impl/spif.c **** 	bool ret_val;
 204:Drivers/spif/impl/spif.c **** 	ret_val = spif_commander_command_address(handle, SPIF_CMD_PAGE_PROG_3ADDR, SPIF_CMD_PAGE_PROG_4ADD
 205:Drivers/spif/impl/spif.c **** 
 206:Drivers/spif/impl/spif.c **** 	if(ret_val)
 207:Drivers/spif/impl/spif.c **** 	{
 208:Drivers/spif/impl/spif.c **** 	  ret_val = spif_commander_transmit(handle, data, size, SPIF_TIMEOUT_CMD);
 209:Drivers/spif/impl/spif.c **** 	}
 210:Drivers/spif/impl/spif.c **** 
 211:Drivers/spif/impl/spif.c **** 	if(!ret_val)
 212:Drivers/spif/impl/spif.c **** 	{
 213:Drivers/spif/impl/spif.c **** 	  return false;
 214:Drivers/spif/impl/spif.c **** 	}
 215:Drivers/spif/impl/spif.c **** 
 216:Drivers/spif/impl/spif.c **** 	if(!spif_commander_wait_for_writing(handle, SPIF_TIMEOUT_PAGE_PROG))
 217:Drivers/spif/impl/spif.c **** 	{
 218:Drivers/spif/impl/spif.c **** 	  return false;
 219:Drivers/spif/impl/spif.c **** 	}
 220:Drivers/spif/impl/spif.c **** 
 221:Drivers/spif/impl/spif.c **** 	return true;
 222:Drivers/spif/impl/spif.c **** }
 443              		.loc 1 222 1 view .LVU109
 444 0028 02B0     		add	sp, sp, #8
 445              		@ sp needed
 446              	.LVL38:
 447              	.LVL39:
 448              		.loc 1 222 1 view .LVU110
 449 002a 70BD     		pop	{r4, r5, r6, pc}
 450              	.LVL40:
 451              	.L25:
 192:Drivers/spif/impl/spif.c **** 
 452              		.loc 1 192 2 is_stmt 1 view .LVU111
 192:Drivers/spif/impl/spif.c **** 
 453              		.loc 1 192 11 is_stmt 0 view .LVU112
 454 002c 069B     		ldr	r3, [sp, #24]
 455 002e 9C46     		mov	ip, r3
 456 0030 6544     		add	r5, r5, ip
ARM GAS  C:\Users\Domagoj\AppData\Local\Temp\ccu47VEy.s 			page 14


 457              	.LVL41:
 194:Drivers/spif/impl/spif.c **** 	{
 458              		.loc 1 194 2 is_stmt 1 view .LVU113
 194:Drivers/spif/impl/spif.c **** 	{
 459              		.loc 1 194 6 is_stmt 0 view .LVU114
 460 0032 019A     		ldr	r2, [sp, #4]
 461 0034 2900     		movs	r1, r5
 462 0036 3000     		movs	r0, r6
 463 0038 FFF7FEFF 		bl	spif_utils_check_range
 464              	.LVL42:
 194:Drivers/spif/impl/spif.c **** 	{
 465              		.loc 1 194 4 discriminator 1 view .LVU115
 466 003c 0028     		cmp	r0, #0
 467 003e F3D0     		beq	.L21
 198:Drivers/spif/impl/spif.c **** 	{
 468              		.loc 1 198 7 is_stmt 1 view .LVU116
 198:Drivers/spif/impl/spif.c **** 	{
 469              		.loc 1 198 11 is_stmt 0 view .LVU117
 470 0040 0621     		movs	r1, #6
 471 0042 3000     		movs	r0, r6
 472 0044 FFF7FEFF 		bl	spif_commander_command
 473              	.LVL43:
 198:Drivers/spif/impl/spif.c **** 	{
 474              		.loc 1 198 9 discriminator 1 view .LVU118
 475 0048 0028     		cmp	r0, #0
 476 004a EDD0     		beq	.L21
 203:Drivers/spif/impl/spif.c **** 	ret_val = spif_commander_command_address(handle, SPIF_CMD_PAGE_PROG_3ADDR, SPIF_CMD_PAGE_PROG_4ADD
 477              		.loc 1 203 2 is_stmt 1 view .LVU119
 204:Drivers/spif/impl/spif.c **** 
 478              		.loc 1 204 2 view .LVU120
 204:Drivers/spif/impl/spif.c **** 
 479              		.loc 1 204 12 is_stmt 0 view .LVU121
 480 004c 2B00     		movs	r3, r5
 481 004e 1222     		movs	r2, #18
 482 0050 0221     		movs	r1, #2
 483 0052 3000     		movs	r0, r6
 484 0054 FFF7FEFF 		bl	spif_commander_command_address
 485              	.LVL44:
 206:Drivers/spif/impl/spif.c **** 	{
 486              		.loc 1 206 2 is_stmt 1 view .LVU122
 206:Drivers/spif/impl/spif.c **** 	{
 487              		.loc 1 206 4 is_stmt 0 view .LVU123
 488 0058 0028     		cmp	r0, #0
 489 005a 01D1     		bne	.L26
 490              	.L22:
 491              	.LVL45:
 213:Drivers/spif/impl/spif.c **** 	}
 492              		.loc 1 213 4 is_stmt 1 view .LVU124
 213:Drivers/spif/impl/spif.c **** 	}
 493              		.loc 1 213 11 is_stmt 0 view .LVU125
 494 005c 0020     		movs	r0, #0
 495 005e E3E7     		b	.L21
 496              	.LVL46:
 497              	.L26:
 208:Drivers/spif/impl/spif.c **** 	}
 498              		.loc 1 208 4 is_stmt 1 view .LVU126
 208:Drivers/spif/impl/spif.c **** 	}
ARM GAS  C:\Users\Domagoj\AppData\Local\Temp\ccu47VEy.s 			page 15


 499              		.loc 1 208 14 is_stmt 0 view .LVU127
 500 0060 019A     		ldr	r2, [sp, #4]
 501 0062 6423     		movs	r3, #100
 502 0064 2100     		movs	r1, r4
 503 0066 3000     		movs	r0, r6
 504              	.LVL47:
 208:Drivers/spif/impl/spif.c **** 	}
 505              		.loc 1 208 14 view .LVU128
 506 0068 FFF7FEFF 		bl	spif_commander_transmit
 507              	.LVL48:
 211:Drivers/spif/impl/spif.c **** 	{
 508              		.loc 1 211 2 is_stmt 1 view .LVU129
 211:Drivers/spif/impl/spif.c **** 	{
 509              		.loc 1 211 4 is_stmt 0 view .LVU130
 510 006c 0028     		cmp	r0, #0
 511 006e F5D0     		beq	.L22
 216:Drivers/spif/impl/spif.c **** 	{
 512              		.loc 1 216 2 is_stmt 1 view .LVU131
 216:Drivers/spif/impl/spif.c **** 	{
 513              		.loc 1 216 6 is_stmt 0 view .LVU132
 514 0070 6421     		movs	r1, #100
 515 0072 3000     		movs	r0, r6
 516              	.LVL49:
 216:Drivers/spif/impl/spif.c **** 	{
 517              		.loc 1 216 6 view .LVU133
 518 0074 FFF7FEFF 		bl	spif_commander_wait_for_writing
 519              	.LVL50:
 520 0078 D6E7     		b	.L21
 521              	.LVL51:
 522              	.L24:
 185:Drivers/spif/impl/spif.c **** 	}
 523              		.loc 1 185 11 view .LVU134
 524 007a 0020     		movs	r0, #0
 525 007c D4E7     		b	.L21
 526              		.cfi_endproc
 527              	.LFE368:
 529              		.section	.text.spif_write_address,"ax",%progbits
 530              		.align	1
 531              		.global	spif_write_address
 532              		.syntax unified
 533              		.code	16
 534              		.thumb_func
 536              	spif_write_address:
 537              	.LVL52:
 538              	.LFB367:
 141:Drivers/spif/impl/spif.c **** 	if(data == NULL)
 539              		.loc 1 141 1 is_stmt 1 view -0
 540              		.cfi_startproc
 541              		@ args = 0, pretend = 0, frame = 0
 542              		@ frame_needed = 0, uses_anonymous_args = 0
 141:Drivers/spif/impl/spif.c **** 	if(data == NULL)
 543              		.loc 1 141 1 is_stmt 0 view .LVU136
 544 0000 F0B5     		push	{r4, r5, r6, r7, lr}
 545              	.LCFI7:
 546              		.cfi_def_cfa_offset 20
 547              		.cfi_offset 4, -20
 548              		.cfi_offset 5, -16
ARM GAS  C:\Users\Domagoj\AppData\Local\Temp\ccu47VEy.s 			page 16


 549              		.cfi_offset 6, -12
 550              		.cfi_offset 7, -8
 551              		.cfi_offset 14, -4
 552 0002 DE46     		mov	lr, fp
 553 0004 5746     		mov	r7, r10
 554 0006 4E46     		mov	r6, r9
 555 0008 4546     		mov	r5, r8
 556 000a E0B5     		push	{r5, r6, r7, lr}
 557              	.LCFI8:
 558              		.cfi_def_cfa_offset 36
 559              		.cfi_offset 8, -36
 560              		.cfi_offset 9, -32
 561              		.cfi_offset 10, -28
 562              		.cfi_offset 11, -24
 563 000c 83B0     		sub	sp, sp, #12
 564              	.LCFI9:
 565              		.cfi_def_cfa_offset 48
 566 000e 8046     		mov	r8, r0
 567 0010 8946     		mov	r9, r1
 568 0012 9346     		mov	fp, r2
 569 0014 1E00     		movs	r6, r3
 142:Drivers/spif/impl/spif.c **** 	{
 570              		.loc 1 142 2 is_stmt 1 view .LVU137
 142:Drivers/spif/impl/spif.c **** 	{
 571              		.loc 1 142 4 is_stmt 0 view .LVU138
 572 0016 002A     		cmp	r2, #0
 573 0018 22D0     		beq	.L32
 147:Drivers/spif/impl/spif.c **** 	{
 574              		.loc 1 147 2 is_stmt 1 view .LVU139
 147:Drivers/spif/impl/spif.c **** 	{
 575              		.loc 1 147 6 is_stmt 0 view .LVU140
 576 001a 1A00     		movs	r2, r3
 577              	.LVL53:
 147:Drivers/spif/impl/spif.c **** 	{
 578              		.loc 1 147 6 view .LVU141
 579 001c FFF7FEFF 		bl	spif_utils_check_range
 580              	.LVL54:
 147:Drivers/spif/impl/spif.c **** 	{
 581              		.loc 1 147 6 view .LVU142
 582 0020 8246     		mov	r10, r0
 147:Drivers/spif/impl/spif.c **** 	{
 583              		.loc 1 147 4 discriminator 1 view .LVU143
 584 0022 0028     		cmp	r0, #0
 585 0024 1ED0     		beq	.L28
 152:Drivers/spif/impl/spif.c **** 
 586              		.loc 1 152 11 view .LVU144
 587 0026 0024     		movs	r4, #0
 588 0028 09E0     		b	.L29
 589              	.LVL55:
 590              	.L30:
 591              	.LBB2:
 166:Drivers/spif/impl/spif.c **** 	  {
 592              		.loc 1 166 4 is_stmt 1 view .LVU145
 166:Drivers/spif/impl/spif.c **** 	  {
 593              		.loc 1 166 8 is_stmt 0 view .LVU146
 594 002a 5A46     		mov	r2, fp
 595 002c 1219     		adds	r2, r2, r4
ARM GAS  C:\Users\Domagoj\AppData\Local\Temp\ccu47VEy.s 			page 17


 596 002e 0093     		str	r3, [sp]
 597 0030 3B00     		movs	r3, r7
 598              	.LVL56:
 166:Drivers/spif/impl/spif.c **** 	  {
 599              		.loc 1 166 8 view .LVU147
 600 0032 4046     		mov	r0, r8
 601 0034 FFF7FEFF 		bl	spif_write_page
 602              	.LVL57:
 166:Drivers/spif/impl/spif.c **** 	  {
 603              		.loc 1 166 6 discriminator 1 view .LVU148
 604 0038 0028     		cmp	r0, #0
 605 003a 1BD0     		beq	.L34
 171:Drivers/spif/impl/spif.c **** 	}
 606              		.loc 1 171 4 is_stmt 1 view .LVU149
 171:Drivers/spif/impl/spif.c **** 	}
 607              		.loc 1 171 12 is_stmt 0 view .LVU150
 608 003c E419     		adds	r4, r4, r7
 609              	.LVL58:
 610              	.L29:
 171:Drivers/spif/impl/spif.c **** 	}
 611              		.loc 1 171 12 view .LVU151
 612              	.LBE2:
 154:Drivers/spif/impl/spif.c **** 	{
 613              		.loc 1 154 16 is_stmt 1 view .LVU152
 614 003e B442     		cmp	r4, r6
 615 0040 10D2     		bcs	.L28
 616              	.LBB3:
 156:Drivers/spif/impl/spif.c **** 	  uint32_t page_start   = (current / SPIF_PAGE_SIZE) * SPIF_PAGE_SIZE;
 617              		.loc 1 156 4 view .LVU153
 156:Drivers/spif/impl/spif.c **** 	  uint32_t page_start   = (current / SPIF_PAGE_SIZE) * SPIF_PAGE_SIZE;
 618              		.loc 1 156 13 is_stmt 0 view .LVU154
 619 0042 4B46     		mov	r3, r9
 620 0044 E518     		adds	r5, r4, r3
 621              	.LVL59:
 157:Drivers/spif/impl/spif.c **** 	  uint32_t page_offset  = current - page_start;
 622              		.loc 1 157 4 is_stmt 1 view .LVU155
 157:Drivers/spif/impl/spif.c **** 	  uint32_t page_offset  = current - page_start;
 623              		.loc 1 157 13 is_stmt 0 view .LVU156
 624 0046 FF23     		movs	r3, #255
 625 0048 2900     		movs	r1, r5
 626 004a 9943     		bics	r1, r3
 627              	.LVL60:
 158:Drivers/spif/impl/spif.c **** 	  uint32_t chunk        = size - written;
 628              		.loc 1 158 4 is_stmt 1 view .LVU157
 158:Drivers/spif/impl/spif.c **** 	  uint32_t chunk        = size - written;
 629              		.loc 1 158 13 is_stmt 0 view .LVU158
 630 004c 6B1A     		subs	r3, r5, r1
 631              	.LVL61:
 159:Drivers/spif/impl/spif.c **** 
 632              		.loc 1 159 4 is_stmt 1 view .LVU159
 159:Drivers/spif/impl/spif.c **** 
 633              		.loc 1 159 13 is_stmt 0 view .LVU160
 634 004e 371B     		subs	r7, r6, r4
 635              	.LVL62:
 161:Drivers/spif/impl/spif.c **** 	  {
 636              		.loc 1 161 4 is_stmt 1 view .LVU161
 161:Drivers/spif/impl/spif.c **** 	  {
ARM GAS  C:\Users\Domagoj\AppData\Local\Temp\ccu47VEy.s 			page 18


 637              		.loc 1 161 19 is_stmt 0 view .LVU162
 638 0050 D819     		adds	r0, r3, r7
 161:Drivers/spif/impl/spif.c **** 	  {
 639              		.loc 1 161 6 view .LVU163
 640 0052 8022     		movs	r2, #128
 641 0054 5200     		lsls	r2, r2, #1
 642 0056 9042     		cmp	r0, r2
 643 0058 E7D9     		bls	.L30
 163:Drivers/spif/impl/spif.c **** 	  }
 644              		.loc 1 163 6 is_stmt 1 view .LVU164
 163:Drivers/spif/impl/spif.c **** 	  }
 645              		.loc 1 163 12 is_stmt 0 view .LVU165
 646 005a 4F1B     		subs	r7, r1, r5
 647              	.LVL63:
 163:Drivers/spif/impl/spif.c **** 	  }
 648              		.loc 1 163 12 view .LVU166
 649 005c BF18     		adds	r7, r7, r2
 650 005e E4E7     		b	.L30
 651              	.LVL64:
 652              	.L32:
 163:Drivers/spif/impl/spif.c **** 	  }
 653              		.loc 1 163 12 view .LVU167
 654              	.LBE3:
 144:Drivers/spif/impl/spif.c **** 	}
 655              		.loc 1 144 11 view .LVU168
 656 0060 0023     		movs	r3, #0
 657              	.LVL65:
 144:Drivers/spif/impl/spif.c **** 	}
 658              		.loc 1 144 11 view .LVU169
 659 0062 9A46     		mov	r10, r3
 660              	.LVL66:
 661              	.L28:
 175:Drivers/spif/impl/spif.c **** 
 662              		.loc 1 175 1 view .LVU170
 663 0064 5046     		mov	r0, r10
 664 0066 03B0     		add	sp, sp, #12
 665              		@ sp needed
 666              	.LVL67:
 667              	.LVL68:
 668              	.LVL69:
 669              	.LVL70:
 175:Drivers/spif/impl/spif.c **** 
 670              		.loc 1 175 1 view .LVU171
 671 0068 F0BC     		pop	{r4, r5, r6, r7}
 672 006a BB46     		mov	fp, r7
 673 006c B246     		mov	r10, r6
 674 006e A946     		mov	r9, r5
 675 0070 A046     		mov	r8, r4
 676 0072 F0BD     		pop	{r4, r5, r6, r7, pc}
 677              	.LVL71:
 678              	.L34:
 679              	.LBB4:
 168:Drivers/spif/impl/spif.c **** 	  }
 680              		.loc 1 168 13 view .LVU172
 681 0074 8246     		mov	r10, r0
 682 0076 F5E7     		b	.L28
 683              	.LBE4:
ARM GAS  C:\Users\Domagoj\AppData\Local\Temp\ccu47VEy.s 			page 19


 684              		.cfi_endproc
 685              	.LFE367:
 687              		.section	.text.spif_write_sector,"ax",%progbits
 688              		.align	1
 689              		.global	spif_write_sector
 690              		.syntax unified
 691              		.code	16
 692              		.thumb_func
 694              	spif_write_sector:
 695              	.LVL72:
 696              	.LFB369:
 223:Drivers/spif/impl/spif.c **** 
 224:Drivers/spif/impl/spif.c **** bool spif_write_sector(spif_handle_t *handle, uint32_t sector, const uint8_t *data, uint32_t size, 
 225:Drivers/spif/impl/spif.c **** {
 697              		.loc 1 225 1 is_stmt 1 view -0
 698              		.cfi_startproc
 699              		@ args = 4, pretend = 0, frame = 8
 700              		@ frame_needed = 0, uses_anonymous_args = 0
 701              		.loc 1 225 1 is_stmt 0 view .LVU174
 702 0000 F0B5     		push	{r4, r5, r6, r7, lr}
 703              	.LCFI10:
 704              		.cfi_def_cfa_offset 20
 705              		.cfi_offset 4, -20
 706              		.cfi_offset 5, -16
 707              		.cfi_offset 6, -12
 708              		.cfi_offset 7, -8
 709              		.cfi_offset 14, -4
 710 0002 D646     		mov	lr, r10
 711 0004 4F46     		mov	r7, r9
 712 0006 4646     		mov	r6, r8
 713 0008 C0B5     		push	{r6, r7, lr}
 714              	.LCFI11:
 715              		.cfi_def_cfa_offset 32
 716              		.cfi_offset 8, -32
 717              		.cfi_offset 9, -28
 718              		.cfi_offset 10, -24
 719 000a 84B0     		sub	sp, sp, #16
 720              	.LCFI12:
 721              		.cfi_def_cfa_offset 48
 722 000c 8046     		mov	r8, r0
 723 000e 8946     		mov	r9, r1
 724 0010 171E     		subs	r7, r2, #0
 725 0012 0393     		str	r3, [sp, #12]
 226:Drivers/spif/impl/spif.c **** 	if(data == NULL)
 726              		.loc 1 226 2 is_stmt 1 view .LVU175
 727              		.loc 1 226 4 is_stmt 0 view .LVU176
 728 0014 25D0     		beq	.L40
 227:Drivers/spif/impl/spif.c **** 	{
 228:Drivers/spif/impl/spif.c **** 	  return false;
 229:Drivers/spif/impl/spif.c **** 	}
 230:Drivers/spif/impl/spif.c **** 
 231:Drivers/spif/impl/spif.c **** 	if(!spif_utils_clamp_region(SPIF_SECTOR_SIZE, offset, &size))
 729              		.loc 1 231 2 is_stmt 1 view .LVU177
 730              		.loc 1 231 6 is_stmt 0 view .LVU178
 731 0016 8020     		movs	r0, #128
 732              	.LVL73:
 733              		.loc 1 231 6 view .LVU179
ARM GAS  C:\Users\Domagoj\AppData\Local\Temp\ccu47VEy.s 			page 20


 734 0018 03AA     		add	r2, sp, #12
 735              	.LVL74:
 736              		.loc 1 231 6 view .LVU180
 737 001a 0C99     		ldr	r1, [sp, #48]
 738              	.LVL75:
 739              		.loc 1 231 6 view .LVU181
 740 001c 4001     		lsls	r0, r0, #5
 741 001e FFF7FEFF 		bl	spif_utils_clamp_region
 742              	.LVL76:
 743              		.loc 1 231 6 view .LVU182
 744 0022 8246     		mov	r10, r0
 745              		.loc 1 231 4 discriminator 1 view .LVU183
 746 0024 0028     		cmp	r0, #0
 747 0026 1ED0     		beq	.L36
 232:Drivers/spif/impl/spif.c **** 	{
 233:Drivers/spif/impl/spif.c **** 	  return false;
 234:Drivers/spif/impl/spif.c **** 	}
 235:Drivers/spif/impl/spif.c **** 
 236:Drivers/spif/impl/spif.c **** 	uint32_t written = 0;
 748              		.loc 1 236 11 view .LVU184
 749 0028 0025     		movs	r5, #0
 750 002a 08E0     		b	.L37
 751              	.LVL77:
 752              	.L38:
 753              	.LBB5:
 237:Drivers/spif/impl/spif.c **** 
 238:Drivers/spif/impl/spif.c **** 	while(written < size)
 239:Drivers/spif/impl/spif.c **** 	{
 240:Drivers/spif/impl/spif.c **** 	  uint32_t address     = sector + offset + written;
 241:Drivers/spif/impl/spif.c **** 	  uint32_t page_start  = (address / SPIF_PAGE_SIZE) * SPIF_PAGE_SIZE;
 242:Drivers/spif/impl/spif.c **** 	  uint32_t page_offset = address - page_start;
 243:Drivers/spif/impl/spif.c ****       uint32_t remaining   = size - written;
 244:Drivers/spif/impl/spif.c **** 	  uint32_t chunk       = remaining;
 245:Drivers/spif/impl/spif.c **** 
 246:Drivers/spif/impl/spif.c **** 	  if(page_offset + chunk > SPIF_PAGE_SIZE)
 247:Drivers/spif/impl/spif.c **** 	  {
 248:Drivers/spif/impl/spif.c ****         chunk = SPIF_PAGE_SIZE - page_offset;
 249:Drivers/spif/impl/spif.c **** 	  }
 250:Drivers/spif/impl/spif.c **** 
 251:Drivers/spif/impl/spif.c **** 	  if(!spif_write_page(handle, page_start, data + written, chunk, page_offset))
 754              		.loc 1 251 4 is_stmt 1 view .LVU185
 755              		.loc 1 251 8 is_stmt 0 view .LVU186
 756 002c 7A19     		adds	r2, r7, r5
 757 002e 0090     		str	r0, [sp]
 758 0030 2300     		movs	r3, r4
 759              	.LVL78:
 760              		.loc 1 251 8 view .LVU187
 761 0032 4046     		mov	r0, r8
 762              	.LVL79:
 763              		.loc 1 251 8 view .LVU188
 764 0034 FFF7FEFF 		bl	spif_write_page
 765              	.LVL80:
 766              		.loc 1 251 6 discriminator 1 view .LVU189
 767 0038 0028     		cmp	r0, #0
 768 003a 1BD0     		beq	.L42
 252:Drivers/spif/impl/spif.c **** 	  {
 253:Drivers/spif/impl/spif.c ****         return false;
ARM GAS  C:\Users\Domagoj\AppData\Local\Temp\ccu47VEy.s 			page 21


 254:Drivers/spif/impl/spif.c **** 	  }
 255:Drivers/spif/impl/spif.c **** 
 256:Drivers/spif/impl/spif.c **** 	  written += chunk;
 769              		.loc 1 256 4 is_stmt 1 view .LVU190
 770              		.loc 1 256 12 is_stmt 0 view .LVU191
 771 003c 2D19     		adds	r5, r5, r4
 772              	.LVL81:
 773              	.L37:
 774              		.loc 1 256 12 view .LVU192
 775              	.LBE5:
 238:Drivers/spif/impl/spif.c **** 	{
 776              		.loc 1 238 16 is_stmt 1 view .LVU193
 777 003e 039C     		ldr	r4, [sp, #12]
 778 0040 AC42     		cmp	r4, r5
 779 0042 10D9     		bls	.L36
 780              	.LBB6:
 240:Drivers/spif/impl/spif.c **** 	  uint32_t page_start  = (address / SPIF_PAGE_SIZE) * SPIF_PAGE_SIZE;
 781              		.loc 1 240 4 view .LVU194
 240:Drivers/spif/impl/spif.c **** 	  uint32_t page_start  = (address / SPIF_PAGE_SIZE) * SPIF_PAGE_SIZE;
 782              		.loc 1 240 34 is_stmt 0 view .LVU195
 783 0044 0C9B     		ldr	r3, [sp, #48]
 784 0046 4B44     		add	r3, r3, r9
 240:Drivers/spif/impl/spif.c **** 	  uint32_t page_start  = (address / SPIF_PAGE_SIZE) * SPIF_PAGE_SIZE;
 785              		.loc 1 240 13 view .LVU196
 786 0048 5B19     		adds	r3, r3, r5
 787              	.LVL82:
 241:Drivers/spif/impl/spif.c **** 	  uint32_t page_offset = address - page_start;
 788              		.loc 1 241 4 is_stmt 1 view .LVU197
 241:Drivers/spif/impl/spif.c **** 	  uint32_t page_offset = address - page_start;
 789              		.loc 1 241 13 is_stmt 0 view .LVU198
 790 004a FF22     		movs	r2, #255
 791 004c 1900     		movs	r1, r3
 792 004e 9143     		bics	r1, r2
 793              	.LVL83:
 242:Drivers/spif/impl/spif.c ****       uint32_t remaining   = size - written;
 794              		.loc 1 242 4 is_stmt 1 view .LVU199
 242:Drivers/spif/impl/spif.c ****       uint32_t remaining   = size - written;
 795              		.loc 1 242 13 is_stmt 0 view .LVU200
 796 0050 581A     		subs	r0, r3, r1
 797              	.LVL84:
 243:Drivers/spif/impl/spif.c **** 	  uint32_t chunk       = remaining;
 798              		.loc 1 243 7 is_stmt 1 view .LVU201
 243:Drivers/spif/impl/spif.c **** 	  uint32_t chunk       = remaining;
 799              		.loc 1 243 16 is_stmt 0 view .LVU202
 800 0052 641B     		subs	r4, r4, r5
 801              	.LVL85:
 244:Drivers/spif/impl/spif.c **** 
 802              		.loc 1 244 4 is_stmt 1 view .LVU203
 246:Drivers/spif/impl/spif.c **** 	  {
 803              		.loc 1 246 4 view .LVU204
 246:Drivers/spif/impl/spif.c **** 	  {
 804              		.loc 1 246 19 is_stmt 0 view .LVU205
 805 0054 0619     		adds	r6, r0, r4
 246:Drivers/spif/impl/spif.c **** 	  {
 806              		.loc 1 246 6 view .LVU206
 807 0056 0132     		adds	r2, r2, #1
 808 0058 9642     		cmp	r6, r2
ARM GAS  C:\Users\Domagoj\AppData\Local\Temp\ccu47VEy.s 			page 22


 809 005a E7D9     		bls	.L38
 248:Drivers/spif/impl/spif.c **** 	  }
 810              		.loc 1 248 9 is_stmt 1 view .LVU207
 248:Drivers/spif/impl/spif.c **** 	  }
 811              		.loc 1 248 15 is_stmt 0 view .LVU208
 812 005c CC1A     		subs	r4, r1, r3
 813              	.LVL86:
 248:Drivers/spif/impl/spif.c **** 	  }
 814              		.loc 1 248 15 view .LVU209
 815 005e A418     		adds	r4, r4, r2
 816 0060 E4E7     		b	.L38
 817              	.LVL87:
 818              	.L40:
 248:Drivers/spif/impl/spif.c **** 	  }
 819              		.loc 1 248 15 view .LVU210
 820              	.LBE6:
 228:Drivers/spif/impl/spif.c **** 	}
 821              		.loc 1 228 11 view .LVU211
 822 0062 0023     		movs	r3, #0
 823              	.LVL88:
 228:Drivers/spif/impl/spif.c **** 	}
 824              		.loc 1 228 11 view .LVU212
 825 0064 9A46     		mov	r10, r3
 826              	.LVL89:
 827              	.L36:
 257:Drivers/spif/impl/spif.c **** 	}
 258:Drivers/spif/impl/spif.c **** 
 259:Drivers/spif/impl/spif.c **** 	return true;
 260:Drivers/spif/impl/spif.c **** }
 828              		.loc 1 260 1 view .LVU213
 829 0066 5046     		mov	r0, r10
 830 0068 04B0     		add	sp, sp, #16
 831              		@ sp needed
 832              	.LVL90:
 833              	.LVL91:
 834              	.LVL92:
 835              		.loc 1 260 1 view .LVU214
 836 006a E0BC     		pop	{r5, r6, r7}
 837 006c BA46     		mov	r10, r7
 838 006e B146     		mov	r9, r6
 839 0070 A846     		mov	r8, r5
 840 0072 F0BD     		pop	{r4, r5, r6, r7, pc}
 841              	.LVL93:
 842              	.L42:
 843              	.LBB7:
 253:Drivers/spif/impl/spif.c **** 	  }
 844              		.loc 1 253 16 view .LVU215
 845 0074 8246     		mov	r10, r0
 846 0076 F6E7     		b	.L36
 847              	.LBE7:
 848              		.cfi_endproc
 849              	.LFE369:
 851              		.section	.text.spif_write_block,"ax",%progbits
 852              		.align	1
 853              		.global	spif_write_block
 854              		.syntax unified
 855              		.code	16
ARM GAS  C:\Users\Domagoj\AppData\Local\Temp\ccu47VEy.s 			page 23


 856              		.thumb_func
 858              	spif_write_block:
 859              	.LVL94:
 860              	.LFB370:
 261:Drivers/spif/impl/spif.c **** 
 262:Drivers/spif/impl/spif.c **** bool spif_write_block(spif_handle_t *handle, uint32_t block, const uint8_t *data, uint32_t size, ui
 263:Drivers/spif/impl/spif.c **** {
 861              		.loc 1 263 1 is_stmt 1 view -0
 862              		.cfi_startproc
 863              		@ args = 4, pretend = 0, frame = 8
 864              		@ frame_needed = 0, uses_anonymous_args = 0
 865              		.loc 1 263 1 is_stmt 0 view .LVU217
 866 0000 F0B5     		push	{r4, r5, r6, r7, lr}
 867              	.LCFI13:
 868              		.cfi_def_cfa_offset 20
 869              		.cfi_offset 4, -20
 870              		.cfi_offset 5, -16
 871              		.cfi_offset 6, -12
 872              		.cfi_offset 7, -8
 873              		.cfi_offset 14, -4
 874 0002 D646     		mov	lr, r10
 875 0004 4F46     		mov	r7, r9
 876 0006 4646     		mov	r6, r8
 877 0008 C0B5     		push	{r6, r7, lr}
 878              	.LCFI14:
 879              		.cfi_def_cfa_offset 32
 880              		.cfi_offset 8, -32
 881              		.cfi_offset 9, -28
 882              		.cfi_offset 10, -24
 883 000a 84B0     		sub	sp, sp, #16
 884              	.LCFI15:
 885              		.cfi_def_cfa_offset 48
 886 000c 8046     		mov	r8, r0
 887 000e 8946     		mov	r9, r1
 888 0010 171E     		subs	r7, r2, #0
 889 0012 0393     		str	r3, [sp, #12]
 264:Drivers/spif/impl/spif.c **** 	if(data == NULL)
 890              		.loc 1 264 2 is_stmt 1 view .LVU218
 891              		.loc 1 264 4 is_stmt 0 view .LVU219
 892 0014 25D0     		beq	.L48
 265:Drivers/spif/impl/spif.c **** 	{
 266:Drivers/spif/impl/spif.c **** 	  return false;
 267:Drivers/spif/impl/spif.c **** 	}
 268:Drivers/spif/impl/spif.c **** 
 269:Drivers/spif/impl/spif.c **** 	if(!spif_utils_clamp_region(SPIF_BLOCK_SIZE, offset, &size))
 893              		.loc 1 269 2 is_stmt 1 view .LVU220
 894              		.loc 1 269 6 is_stmt 0 view .LVU221
 895 0016 8020     		movs	r0, #128
 896              	.LVL95:
 897              		.loc 1 269 6 view .LVU222
 898 0018 03AA     		add	r2, sp, #12
 899              	.LVL96:
 900              		.loc 1 269 6 view .LVU223
 901 001a 0C99     		ldr	r1, [sp, #48]
 902              	.LVL97:
 903              		.loc 1 269 6 view .LVU224
 904 001c 4002     		lsls	r0, r0, #9
ARM GAS  C:\Users\Domagoj\AppData\Local\Temp\ccu47VEy.s 			page 24


 905 001e FFF7FEFF 		bl	spif_utils_clamp_region
 906              	.LVL98:
 907              		.loc 1 269 6 view .LVU225
 908 0022 8246     		mov	r10, r0
 909              		.loc 1 269 4 discriminator 1 view .LVU226
 910 0024 0028     		cmp	r0, #0
 911 0026 1ED0     		beq	.L44
 270:Drivers/spif/impl/spif.c **** 	{
 271:Drivers/spif/impl/spif.c **** 	  return false;
 272:Drivers/spif/impl/spif.c **** 	}
 273:Drivers/spif/impl/spif.c **** 
 274:Drivers/spif/impl/spif.c **** 	uint32_t written = 0;
 912              		.loc 1 274 11 view .LVU227
 913 0028 0025     		movs	r5, #0
 914 002a 08E0     		b	.L45
 915              	.LVL99:
 916              	.L46:
 917              	.LBB8:
 275:Drivers/spif/impl/spif.c **** 
 276:Drivers/spif/impl/spif.c **** 	while(written < size)
 277:Drivers/spif/impl/spif.c **** 	{
 278:Drivers/spif/impl/spif.c **** 	  uint32_t address     = block + offset + written;
 279:Drivers/spif/impl/spif.c **** 	  uint32_t page_start  = (address / SPIF_PAGE_SIZE) * SPIF_PAGE_SIZE;
 280:Drivers/spif/impl/spif.c **** 	  uint32_t page_offset = address - page_start;
 281:Drivers/spif/impl/spif.c **** 	  uint32_t remaining   = size - written;
 282:Drivers/spif/impl/spif.c **** 	  uint32_t chunk       = remaining;
 283:Drivers/spif/impl/spif.c **** 
 284:Drivers/spif/impl/spif.c **** 	  if(page_offset + chunk > SPIF_PAGE_SIZE)
 285:Drivers/spif/impl/spif.c **** 	  {
 286:Drivers/spif/impl/spif.c **** 		chunk = SPIF_PAGE_SIZE - page_offset;
 287:Drivers/spif/impl/spif.c **** 	  }
 288:Drivers/spif/impl/spif.c **** 
 289:Drivers/spif/impl/spif.c **** 	  if(!spif_write_page(handle, page_start, data + written, chunk, page_offset))
 918              		.loc 1 289 4 is_stmt 1 view .LVU228
 919              		.loc 1 289 8 is_stmt 0 view .LVU229
 920 002c 7A19     		adds	r2, r7, r5
 921 002e 0090     		str	r0, [sp]
 922 0030 2300     		movs	r3, r4
 923              	.LVL100:
 924              		.loc 1 289 8 view .LVU230
 925 0032 4046     		mov	r0, r8
 926              	.LVL101:
 927              		.loc 1 289 8 view .LVU231
 928 0034 FFF7FEFF 		bl	spif_write_page
 929              	.LVL102:
 930              		.loc 1 289 6 discriminator 1 view .LVU232
 931 0038 0028     		cmp	r0, #0
 932 003a 1BD0     		beq	.L50
 290:Drivers/spif/impl/spif.c **** 	  {
 291:Drivers/spif/impl/spif.c **** 		return false;
 292:Drivers/spif/impl/spif.c **** 	  }
 293:Drivers/spif/impl/spif.c **** 
 294:Drivers/spif/impl/spif.c **** 	  written += chunk;
 933              		.loc 1 294 4 is_stmt 1 view .LVU233
 934              		.loc 1 294 12 is_stmt 0 view .LVU234
 935 003c 2D19     		adds	r5, r5, r4
 936              	.LVL103:
ARM GAS  C:\Users\Domagoj\AppData\Local\Temp\ccu47VEy.s 			page 25


 937              	.L45:
 938              		.loc 1 294 12 view .LVU235
 939              	.LBE8:
 276:Drivers/spif/impl/spif.c **** 	{
 940              		.loc 1 276 16 is_stmt 1 view .LVU236
 941 003e 039C     		ldr	r4, [sp, #12]
 942 0040 AC42     		cmp	r4, r5
 943 0042 10D9     		bls	.L44
 944              	.LBB9:
 278:Drivers/spif/impl/spif.c **** 	  uint32_t page_start  = (address / SPIF_PAGE_SIZE) * SPIF_PAGE_SIZE;
 945              		.loc 1 278 4 view .LVU237
 278:Drivers/spif/impl/spif.c **** 	  uint32_t page_start  = (address / SPIF_PAGE_SIZE) * SPIF_PAGE_SIZE;
 946              		.loc 1 278 33 is_stmt 0 view .LVU238
 947 0044 0C9B     		ldr	r3, [sp, #48]
 948 0046 4B44     		add	r3, r3, r9
 278:Drivers/spif/impl/spif.c **** 	  uint32_t page_start  = (address / SPIF_PAGE_SIZE) * SPIF_PAGE_SIZE;
 949              		.loc 1 278 13 view .LVU239
 950 0048 5B19     		adds	r3, r3, r5
 951              	.LVL104:
 279:Drivers/spif/impl/spif.c **** 	  uint32_t page_offset = address - page_start;
 952              		.loc 1 279 4 is_stmt 1 view .LVU240
 279:Drivers/spif/impl/spif.c **** 	  uint32_t page_offset = address - page_start;
 953              		.loc 1 279 13 is_stmt 0 view .LVU241
 954 004a FF22     		movs	r2, #255
 955 004c 1900     		movs	r1, r3
 956 004e 9143     		bics	r1, r2
 957              	.LVL105:
 280:Drivers/spif/impl/spif.c **** 	  uint32_t remaining   = size - written;
 958              		.loc 1 280 4 is_stmt 1 view .LVU242
 280:Drivers/spif/impl/spif.c **** 	  uint32_t remaining   = size - written;
 959              		.loc 1 280 13 is_stmt 0 view .LVU243
 960 0050 581A     		subs	r0, r3, r1
 961              	.LVL106:
 281:Drivers/spif/impl/spif.c **** 	  uint32_t chunk       = remaining;
 962              		.loc 1 281 4 is_stmt 1 view .LVU244
 281:Drivers/spif/impl/spif.c **** 	  uint32_t chunk       = remaining;
 963              		.loc 1 281 13 is_stmt 0 view .LVU245
 964 0052 641B     		subs	r4, r4, r5
 965              	.LVL107:
 282:Drivers/spif/impl/spif.c **** 
 966              		.loc 1 282 4 is_stmt 1 view .LVU246
 284:Drivers/spif/impl/spif.c **** 	  {
 967              		.loc 1 284 4 view .LVU247
 284:Drivers/spif/impl/spif.c **** 	  {
 968              		.loc 1 284 19 is_stmt 0 view .LVU248
 969 0054 0619     		adds	r6, r0, r4
 284:Drivers/spif/impl/spif.c **** 	  {
 970              		.loc 1 284 6 view .LVU249
 971 0056 0132     		adds	r2, r2, #1
 972 0058 9642     		cmp	r6, r2
 973 005a E7D9     		bls	.L46
 286:Drivers/spif/impl/spif.c **** 	  }
 974              		.loc 1 286 3 is_stmt 1 view .LVU250
 286:Drivers/spif/impl/spif.c **** 	  }
 975              		.loc 1 286 9 is_stmt 0 view .LVU251
 976 005c CC1A     		subs	r4, r1, r3
 977              	.LVL108:
ARM GAS  C:\Users\Domagoj\AppData\Local\Temp\ccu47VEy.s 			page 26


 286:Drivers/spif/impl/spif.c **** 	  }
 978              		.loc 1 286 9 view .LVU252
 979 005e A418     		adds	r4, r4, r2
 980 0060 E4E7     		b	.L46
 981              	.LVL109:
 982              	.L48:
 286:Drivers/spif/impl/spif.c **** 	  }
 983              		.loc 1 286 9 view .LVU253
 984              	.LBE9:
 266:Drivers/spif/impl/spif.c **** 	}
 985              		.loc 1 266 11 view .LVU254
 986 0062 0023     		movs	r3, #0
 987              	.LVL110:
 266:Drivers/spif/impl/spif.c **** 	}
 988              		.loc 1 266 11 view .LVU255
 989 0064 9A46     		mov	r10, r3
 990              	.LVL111:
 991              	.L44:
 295:Drivers/spif/impl/spif.c **** 	}
 296:Drivers/spif/impl/spif.c **** 
 297:Drivers/spif/impl/spif.c **** 	return true;
 298:Drivers/spif/impl/spif.c **** }
 992              		.loc 1 298 1 view .LVU256
 993 0066 5046     		mov	r0, r10
 994 0068 04B0     		add	sp, sp, #16
 995              		@ sp needed
 996              	.LVL112:
 997              	.LVL113:
 998              	.LVL114:
 999              		.loc 1 298 1 view .LVU257
 1000 006a E0BC     		pop	{r5, r6, r7}
 1001 006c BA46     		mov	r10, r7
 1002 006e B146     		mov	r9, r6
 1003 0070 A846     		mov	r8, r5
 1004 0072 F0BD     		pop	{r4, r5, r6, r7, pc}
 1005              	.LVL115:
 1006              	.L50:
 1007              	.LBB10:
 291:Drivers/spif/impl/spif.c **** 	  }
 1008              		.loc 1 291 10 view .LVU258
 1009 0074 8246     		mov	r10, r0
 1010 0076 F6E7     		b	.L44
 1011              	.LBE10:
 1012              		.cfi_endproc
 1013              	.LFE370:
 1015              		.section	.text.spif_read_address,"ax",%progbits
 1016              		.align	1
 1017              		.global	spif_read_address
 1018              		.syntax unified
 1019              		.code	16
 1020              		.thumb_func
 1022              	spif_read_address:
 1023              	.LVL116:
 1024              	.LFB371:
 299:Drivers/spif/impl/spif.c **** 
 300:Drivers/spif/impl/spif.c **** bool spif_read_address(spif_handle_t *handle, uint32_t address, uint8_t *data, uint32_t size)
 301:Drivers/spif/impl/spif.c **** {
ARM GAS  C:\Users\Domagoj\AppData\Local\Temp\ccu47VEy.s 			page 27


 1025              		.loc 1 301 1 is_stmt 1 view -0
 1026              		.cfi_startproc
 1027              		@ args = 0, pretend = 0, frame = 0
 1028              		@ frame_needed = 0, uses_anonymous_args = 0
 1029              		.loc 1 301 1 is_stmt 0 view .LVU260
 1030 0000 F0B5     		push	{r4, r5, r6, r7, lr}
 1031              	.LCFI16:
 1032              		.cfi_def_cfa_offset 20
 1033              		.cfi_offset 4, -20
 1034              		.cfi_offset 5, -16
 1035              		.cfi_offset 6, -12
 1036              		.cfi_offset 7, -8
 1037              		.cfi_offset 14, -4
 1038 0002 C646     		mov	lr, r8
 1039 0004 00B5     		push	{lr}
 1040              	.LCFI17:
 1041              		.cfi_def_cfa_offset 24
 1042              		.cfi_offset 8, -24
 1043 0006 0500     		movs	r5, r0
 1044 0008 0F00     		movs	r7, r1
 1045 000a 161E     		subs	r6, r2, #0
 1046 000c 9846     		mov	r8, r3
 302:Drivers/spif/impl/spif.c **** 	bool ret_val;
 1047              		.loc 1 302 2 is_stmt 1 view .LVU261
 303:Drivers/spif/impl/spif.c **** 
 304:Drivers/spif/impl/spif.c **** 	if(data == NULL)
 1048              		.loc 1 304 2 view .LVU262
 1049              		.loc 1 304 4 is_stmt 0 view .LVU263
 1050 000e 21D0     		beq	.L54
 305:Drivers/spif/impl/spif.c **** 	{
 306:Drivers/spif/impl/spif.c **** 	  return false;
 307:Drivers/spif/impl/spif.c **** 	}
 308:Drivers/spif/impl/spif.c **** 
 309:Drivers/spif/impl/spif.c **** 	if(!spif_utils_check_range(handle, address, size))
 1051              		.loc 1 309 2 is_stmt 1 view .LVU264
 1052              		.loc 1 309 6 is_stmt 0 view .LVU265
 1053 0010 1A00     		movs	r2, r3
 1054              	.LVL117:
 1055              		.loc 1 309 6 view .LVU266
 1056 0012 FFF7FEFF 		bl	spif_utils_check_range
 1057              	.LVL118:
 1058              		.loc 1 309 6 view .LVU267
 1059 0016 041E     		subs	r4, r0, #0
 1060              		.loc 1 309 4 discriminator 1 view .LVU268
 1061 0018 03D1     		bne	.L55
 1062              	.L52:
 310:Drivers/spif/impl/spif.c **** 	{
 311:Drivers/spif/impl/spif.c **** 	  return false;
 312:Drivers/spif/impl/spif.c **** 	}
 313:Drivers/spif/impl/spif.c **** 
 314:Drivers/spif/impl/spif.c **** 	spif_commander_cs(handle, true);
 315:Drivers/spif/impl/spif.c **** 	ret_val = spif_commander_command_address(handle, SPIF_CMD_READ_DATA_3ADDR, SPIF_CMD_READ_DATA_4ADD
 316:Drivers/spif/impl/spif.c **** 	if(ret_val)
 317:Drivers/spif/impl/spif.c **** 	{
 318:Drivers/spif/impl/spif.c **** 	  ret_val = spif_commander_receive(handle, data, size, SPIF_TIMEOUT_CMD);
 319:Drivers/spif/impl/spif.c **** 	}
 320:Drivers/spif/impl/spif.c **** 	spif_commander_cs(handle, false);
ARM GAS  C:\Users\Domagoj\AppData\Local\Temp\ccu47VEy.s 			page 28


 321:Drivers/spif/impl/spif.c **** 
 322:Drivers/spif/impl/spif.c **** 	return ret_val;
 323:Drivers/spif/impl/spif.c **** }
 1063              		.loc 1 323 1 view .LVU269
 1064 001a 2000     		movs	r0, r4
 1065              		@ sp needed
 1066              	.LVL119:
 1067              	.LVL120:
 1068              	.LVL121:
 1069              	.LVL122:
 1070              		.loc 1 323 1 view .LVU270
 1071 001c 80BC     		pop	{r7}
 1072 001e B846     		mov	r8, r7
 1073 0020 F0BD     		pop	{r4, r5, r6, r7, pc}
 1074              	.LVL123:
 1075              	.L55:
 314:Drivers/spif/impl/spif.c **** 	ret_val = spif_commander_command_address(handle, SPIF_CMD_READ_DATA_3ADDR, SPIF_CMD_READ_DATA_4ADD
 1076              		.loc 1 314 2 is_stmt 1 view .LVU271
 1077 0022 0121     		movs	r1, #1
 1078 0024 2800     		movs	r0, r5
 1079 0026 FFF7FEFF 		bl	spif_commander_cs
 1080              	.LVL124:
 315:Drivers/spif/impl/spif.c **** 	if(ret_val)
 1081              		.loc 1 315 2 view .LVU272
 315:Drivers/spif/impl/spif.c **** 	if(ret_val)
 1082              		.loc 1 315 12 is_stmt 0 view .LVU273
 1083 002a 3B00     		movs	r3, r7
 1084 002c 1322     		movs	r2, #19
 1085 002e 0321     		movs	r1, #3
 1086 0030 2800     		movs	r0, r5
 1087 0032 FFF7FEFF 		bl	spif_commander_command_address
 1088              	.LVL125:
 1089 0036 041E     		subs	r4, r0, #0
 1090              	.LVL126:
 316:Drivers/spif/impl/spif.c **** 	{
 1091              		.loc 1 316 2 is_stmt 1 view .LVU274
 316:Drivers/spif/impl/spif.c **** 	{
 1092              		.loc 1 316 4 is_stmt 0 view .LVU275
 1093 0038 04D1     		bne	.L56
 1094              	.LVL127:
 1095              	.L53:
 320:Drivers/spif/impl/spif.c **** 
 1096              		.loc 1 320 2 is_stmt 1 view .LVU276
 1097 003a 0021     		movs	r1, #0
 1098 003c 2800     		movs	r0, r5
 1099 003e FFF7FEFF 		bl	spif_commander_cs
 1100              	.LVL128:
 322:Drivers/spif/impl/spif.c **** }
 1101              		.loc 1 322 2 view .LVU277
 322:Drivers/spif/impl/spif.c **** }
 1102              		.loc 1 322 9 is_stmt 0 view .LVU278
 1103 0042 EAE7     		b	.L52
 1104              	.LVL129:
 1105              	.L56:
 318:Drivers/spif/impl/spif.c **** 	}
 1106              		.loc 1 318 4 is_stmt 1 view .LVU279
 318:Drivers/spif/impl/spif.c **** 	}
ARM GAS  C:\Users\Domagoj\AppData\Local\Temp\ccu47VEy.s 			page 29


 1107              		.loc 1 318 14 is_stmt 0 view .LVU280
 1108 0044 6423     		movs	r3, #100
 1109 0046 4246     		mov	r2, r8
 1110 0048 3100     		movs	r1, r6
 1111 004a 2800     		movs	r0, r5
 1112              	.LVL130:
 318:Drivers/spif/impl/spif.c **** 	}
 1113              		.loc 1 318 14 view .LVU281
 1114 004c FFF7FEFF 		bl	spif_commander_receive
 1115              	.LVL131:
 1116 0050 0400     		movs	r4, r0
 1117              	.LVL132:
 318:Drivers/spif/impl/spif.c **** 	}
 1118              		.loc 1 318 14 view .LVU282
 1119 0052 F2E7     		b	.L53
 1120              	.LVL133:
 1121              	.L54:
 306:Drivers/spif/impl/spif.c **** 	}
 1122              		.loc 1 306 11 view .LVU283
 1123 0054 0024     		movs	r4, #0
 1124 0056 E0E7     		b	.L52
 1125              		.cfi_endproc
 1126              	.LFE371:
 1128              		.section	.text.spif_read_page,"ax",%progbits
 1129              		.align	1
 1130              		.global	spif_read_page
 1131              		.syntax unified
 1132              		.code	16
 1133              		.thumb_func
 1135              	spif_read_page:
 1136              	.LVL134:
 1137              	.LFB372:
 324:Drivers/spif/impl/spif.c **** 
 325:Drivers/spif/impl/spif.c **** bool spif_read_page(spif_handle_t *handle, uint32_t page, uint8_t *data, uint32_t size, uint32_t of
 326:Drivers/spif/impl/spif.c **** {
 1138              		.loc 1 326 1 is_stmt 1 view -0
 1139              		.cfi_startproc
 1140              		@ args = 4, pretend = 0, frame = 8
 1141              		@ frame_needed = 0, uses_anonymous_args = 0
 1142              		.loc 1 326 1 is_stmt 0 view .LVU285
 1143 0000 70B5     		push	{r4, r5, r6, lr}
 1144              	.LCFI18:
 1145              		.cfi_def_cfa_offset 16
 1146              		.cfi_offset 4, -16
 1147              		.cfi_offset 5, -12
 1148              		.cfi_offset 6, -8
 1149              		.cfi_offset 14, -4
 1150 0002 82B0     		sub	sp, sp, #8
 1151              	.LCFI19:
 1152              		.cfi_def_cfa_offset 24
 1153 0004 0400     		movs	r4, r0
 1154 0006 0E00     		movs	r6, r1
 1155 0008 1500     		movs	r5, r2
 1156 000a 0193     		str	r3, [sp, #4]
 327:Drivers/spif/impl/spif.c **** 	if(!spif_utils_clamp_region(SPIF_PAGE_SIZE, offset, &size))
 1157              		.loc 1 327 2 is_stmt 1 view .LVU286
 1158              		.loc 1 327 6 is_stmt 0 view .LVU287
ARM GAS  C:\Users\Domagoj\AppData\Local\Temp\ccu47VEy.s 			page 30


 1159 000c 8020     		movs	r0, #128
 1160              	.LVL135:
 1161              		.loc 1 327 6 view .LVU288
 1162 000e 01AA     		add	r2, sp, #4
 1163              	.LVL136:
 1164              		.loc 1 327 6 view .LVU289
 1165 0010 0699     		ldr	r1, [sp, #24]
 1166              	.LVL137:
 1167              		.loc 1 327 6 view .LVU290
 1168 0012 4000     		lsls	r0, r0, #1
 1169 0014 FFF7FEFF 		bl	spif_utils_clamp_region
 1170              	.LVL138:
 1171              		.loc 1 327 4 discriminator 1 view .LVU291
 1172 0018 0028     		cmp	r0, #0
 1173 001a 01D1     		bne	.L59
 1174              	.L58:
 328:Drivers/spif/impl/spif.c **** 	{
 329:Drivers/spif/impl/spif.c **** 	  return false;
 330:Drivers/spif/impl/spif.c **** 	}
 331:Drivers/spif/impl/spif.c **** 
 332:Drivers/spif/impl/spif.c **** 	return spif_read_address(handle, page + offset, data, size);
 333:Drivers/spif/impl/spif.c **** }
 1175              		.loc 1 333 1 view .LVU292
 1176 001c 02B0     		add	sp, sp, #8
 1177              		@ sp needed
 1178              	.LVL139:
 1179              	.LVL140:
 1180              	.LVL141:
 1181              		.loc 1 333 1 view .LVU293
 1182 001e 70BD     		pop	{r4, r5, r6, pc}
 1183              	.LVL142:
 1184              	.L59:
 332:Drivers/spif/impl/spif.c **** }
 1185              		.loc 1 332 2 is_stmt 1 view .LVU294
 332:Drivers/spif/impl/spif.c **** }
 1186              		.loc 1 332 9 is_stmt 0 view .LVU295
 1187 0020 019B     		ldr	r3, [sp, #4]
 1188 0022 069A     		ldr	r2, [sp, #24]
 1189 0024 9119     		adds	r1, r2, r6
 1190 0026 2A00     		movs	r2, r5
 1191 0028 2000     		movs	r0, r4
 1192 002a FFF7FEFF 		bl	spif_read_address
 1193              	.LVL143:
 1194 002e F5E7     		b	.L58
 1195              		.cfi_endproc
 1196              	.LFE372:
 1198              		.section	.text.spif_read_sector,"ax",%progbits
 1199              		.align	1
 1200              		.global	spif_read_sector
 1201              		.syntax unified
 1202              		.code	16
 1203              		.thumb_func
 1205              	spif_read_sector:
 1206              	.LVL144:
 1207              	.LFB373:
 334:Drivers/spif/impl/spif.c **** 
 335:Drivers/spif/impl/spif.c **** bool spif_read_sector(spif_handle_t *handle, uint32_t sector, uint8_t *data, uint32_t size, uint32_
ARM GAS  C:\Users\Domagoj\AppData\Local\Temp\ccu47VEy.s 			page 31


 336:Drivers/spif/impl/spif.c **** {
 1208              		.loc 1 336 1 is_stmt 1 view -0
 1209              		.cfi_startproc
 1210              		@ args = 4, pretend = 0, frame = 8
 1211              		@ frame_needed = 0, uses_anonymous_args = 0
 1212              		.loc 1 336 1 is_stmt 0 view .LVU297
 1213 0000 70B5     		push	{r4, r5, r6, lr}
 1214              	.LCFI20:
 1215              		.cfi_def_cfa_offset 16
 1216              		.cfi_offset 4, -16
 1217              		.cfi_offset 5, -12
 1218              		.cfi_offset 6, -8
 1219              		.cfi_offset 14, -4
 1220 0002 82B0     		sub	sp, sp, #8
 1221              	.LCFI21:
 1222              		.cfi_def_cfa_offset 24
 1223 0004 0400     		movs	r4, r0
 1224 0006 0E00     		movs	r6, r1
 1225 0008 1500     		movs	r5, r2
 1226 000a 0193     		str	r3, [sp, #4]
 337:Drivers/spif/impl/spif.c ****     if(!spif_utils_clamp_region(SPIF_SECTOR_SIZE, offset, &size))
 1227              		.loc 1 337 5 is_stmt 1 view .LVU298
 1228              		.loc 1 337 9 is_stmt 0 view .LVU299
 1229 000c 8020     		movs	r0, #128
 1230              	.LVL145:
 1231              		.loc 1 337 9 view .LVU300
 1232 000e 01AA     		add	r2, sp, #4
 1233              	.LVL146:
 1234              		.loc 1 337 9 view .LVU301
 1235 0010 0699     		ldr	r1, [sp, #24]
 1236              	.LVL147:
 1237              		.loc 1 337 9 view .LVU302
 1238 0012 4001     		lsls	r0, r0, #5
 1239 0014 FFF7FEFF 		bl	spif_utils_clamp_region
 1240              	.LVL148:
 1241              		.loc 1 337 7 discriminator 1 view .LVU303
 1242 0018 0028     		cmp	r0, #0
 1243 001a 01D1     		bne	.L62
 1244              	.L61:
 338:Drivers/spif/impl/spif.c ****     {
 339:Drivers/spif/impl/spif.c ****       return false;
 340:Drivers/spif/impl/spif.c ****     }
 341:Drivers/spif/impl/spif.c **** 
 342:Drivers/spif/impl/spif.c ****     return spif_read_address(handle, sector + offset, data, size);
 343:Drivers/spif/impl/spif.c **** }
 1245              		.loc 1 343 1 view .LVU304
 1246 001c 02B0     		add	sp, sp, #8
 1247              		@ sp needed
 1248              	.LVL149:
 1249              	.LVL150:
 1250              	.LVL151:
 1251              		.loc 1 343 1 view .LVU305
 1252 001e 70BD     		pop	{r4, r5, r6, pc}
 1253              	.LVL152:
 1254              	.L62:
 342:Drivers/spif/impl/spif.c **** }
 1255              		.loc 1 342 5 is_stmt 1 view .LVU306
ARM GAS  C:\Users\Domagoj\AppData\Local\Temp\ccu47VEy.s 			page 32


 342:Drivers/spif/impl/spif.c **** }
 1256              		.loc 1 342 12 is_stmt 0 view .LVU307
 1257 0020 019B     		ldr	r3, [sp, #4]
 1258 0022 069A     		ldr	r2, [sp, #24]
 1259 0024 9119     		adds	r1, r2, r6
 1260 0026 2A00     		movs	r2, r5
 1261 0028 2000     		movs	r0, r4
 1262 002a FFF7FEFF 		bl	spif_read_address
 1263              	.LVL153:
 1264 002e F5E7     		b	.L61
 1265              		.cfi_endproc
 1266              	.LFE373:
 1268              		.section	.text.spif_read_block,"ax",%progbits
 1269              		.align	1
 1270              		.global	spif_read_block
 1271              		.syntax unified
 1272              		.code	16
 1273              		.thumb_func
 1275              	spif_read_block:
 1276              	.LVL154:
 1277              	.LFB374:
 344:Drivers/spif/impl/spif.c **** 
 345:Drivers/spif/impl/spif.c **** bool spif_read_block(spif_handle_t *handle, uint32_t block, uint8_t *data, uint32_t size, uint32_t 
 346:Drivers/spif/impl/spif.c **** {
 1278              		.loc 1 346 1 is_stmt 1 view -0
 1279              		.cfi_startproc
 1280              		@ args = 4, pretend = 0, frame = 8
 1281              		@ frame_needed = 0, uses_anonymous_args = 0
 1282              		.loc 1 346 1 is_stmt 0 view .LVU309
 1283 0000 70B5     		push	{r4, r5, r6, lr}
 1284              	.LCFI22:
 1285              		.cfi_def_cfa_offset 16
 1286              		.cfi_offset 4, -16
 1287              		.cfi_offset 5, -12
 1288              		.cfi_offset 6, -8
 1289              		.cfi_offset 14, -4
 1290 0002 82B0     		sub	sp, sp, #8
 1291              	.LCFI23:
 1292              		.cfi_def_cfa_offset 24
 1293 0004 0400     		movs	r4, r0
 1294 0006 0E00     		movs	r6, r1
 1295 0008 1500     		movs	r5, r2
 1296 000a 0193     		str	r3, [sp, #4]
 347:Drivers/spif/impl/spif.c **** 	if(!spif_utils_clamp_region(SPIF_BLOCK_SIZE, offset, &size))
 1297              		.loc 1 347 2 is_stmt 1 view .LVU310
 1298              		.loc 1 347 6 is_stmt 0 view .LVU311
 1299 000c 8020     		movs	r0, #128
 1300              	.LVL155:
 1301              		.loc 1 347 6 view .LVU312
 1302 000e 01AA     		add	r2, sp, #4
 1303              	.LVL156:
 1304              		.loc 1 347 6 view .LVU313
 1305 0010 0699     		ldr	r1, [sp, #24]
 1306              	.LVL157:
 1307              		.loc 1 347 6 view .LVU314
 1308 0012 4002     		lsls	r0, r0, #9
 1309 0014 FFF7FEFF 		bl	spif_utils_clamp_region
ARM GAS  C:\Users\Domagoj\AppData\Local\Temp\ccu47VEy.s 			page 33


 1310              	.LVL158:
 1311              		.loc 1 347 4 discriminator 1 view .LVU315
 1312 0018 0028     		cmp	r0, #0
 1313 001a 01D1     		bne	.L65
 1314              	.L64:
 348:Drivers/spif/impl/spif.c **** 	{
 349:Drivers/spif/impl/spif.c **** 	  return false;
 350:Drivers/spif/impl/spif.c **** 	}
 351:Drivers/spif/impl/spif.c **** 
 352:Drivers/spif/impl/spif.c **** 	return spif_read_address(handle, block + offset, data, size);
 353:Drivers/spif/impl/spif.c **** }
 1315              		.loc 1 353 1 view .LVU316
 1316 001c 02B0     		add	sp, sp, #8
 1317              		@ sp needed
 1318              	.LVL159:
 1319              	.LVL160:
 1320              	.LVL161:
 1321              		.loc 1 353 1 view .LVU317
 1322 001e 70BD     		pop	{r4, r5, r6, pc}
 1323              	.LVL162:
 1324              	.L65:
 352:Drivers/spif/impl/spif.c **** }
 1325              		.loc 1 352 2 is_stmt 1 view .LVU318
 352:Drivers/spif/impl/spif.c **** }
 1326              		.loc 1 352 9 is_stmt 0 view .LVU319
 1327 0020 019B     		ldr	r3, [sp, #4]
 1328 0022 069A     		ldr	r2, [sp, #24]
 1329 0024 9119     		adds	r1, r2, r6
 1330 0026 2A00     		movs	r2, r5
 1331 0028 2000     		movs	r0, r4
 1332 002a FFF7FEFF 		bl	spif_read_address
 1333              	.LVL163:
 1334 002e F5E7     		b	.L64
 1335              		.cfi_endproc
 1336              	.LFE374:
 1338              		.text
 1339              	.Letext0:
 1340              		.file 2 "C:\\ST\\STM32CubeIDE_2.2.0\\STM32CubeIDE\\plugins\\com.st.stm32cube.ide.mcu.externaltools
 1341              		.file 3 "C:\\ST\\STM32CubeIDE_2.2.0\\STM32CubeIDE\\plugins\\com.st.stm32cube.ide.mcu.externaltools
 1342              		.file 4 "Drivers/CMSIS/Device/ST/STM32G0xx/Include/stm32g0b1xx.h"
 1343              		.file 5 "Drivers/STM32G0xx_HAL_Driver/Inc/stm32g0xx_hal_def.h"
 1344              		.file 6 "Drivers/STM32G0xx_HAL_Driver/Inc/stm32g0xx_hal_dma.h"
 1345              		.file 7 "Drivers/STM32G0xx_HAL_Driver/Inc/stm32g0xx_hal_spi.h"
 1346              		.file 8 "Drivers/spif/spif.h"
 1347              		.file 9 "Drivers/spif/incl/spif_commander.h"
 1348              		.file 10 "Drivers/spif/incl/spif_utils.h"
 1349              		.file 11 "Drivers/STM32G0xx_HAL_Driver/Inc/stm32g0xx_ll_dma.h"
ARM GAS  C:\Users\Domagoj\AppData\Local\Temp\ccu47VEy.s 			page 34


DEFINED SYMBOLS
                            *ABS*:00000000 spif.c
C:\Users\Domagoj\AppData\Local\Temp\ccu47VEy.s:19     .text.spif_init:00000000 $t
C:\Users\Domagoj\AppData\Local\Temp\ccu47VEy.s:25     .text.spif_init:00000000 spif_init
C:\Users\Domagoj\AppData\Local\Temp\ccu47VEy.s:156    .text.spif_erase_chip:00000000 $t
C:\Users\Domagoj\AppData\Local\Temp\ccu47VEy.s:162    .text.spif_erase_chip:00000000 spif_erase_chip
C:\Users\Domagoj\AppData\Local\Temp\ccu47VEy.s:219    .text.spif_erase_chip:00000030 $d
C:\Users\Domagoj\AppData\Local\Temp\ccu47VEy.s:224    .text.spif_erase_sector:00000000 $t
C:\Users\Domagoj\AppData\Local\Temp\ccu47VEy.s:230    .text.spif_erase_sector:00000000 spif_erase_sector
C:\Users\Domagoj\AppData\Local\Temp\ccu47VEy.s:306    .text.spif_erase_block:00000000 $t
C:\Users\Domagoj\AppData\Local\Temp\ccu47VEy.s:312    .text.spif_erase_block:00000000 spif_erase_block
C:\Users\Domagoj\AppData\Local\Temp\ccu47VEy.s:386    .text.spif_erase_block:00000048 $d
C:\Users\Domagoj\AppData\Local\Temp\ccu47VEy.s:391    .text.spif_write_page:00000000 $t
C:\Users\Domagoj\AppData\Local\Temp\ccu47VEy.s:397    .text.spif_write_page:00000000 spif_write_page
C:\Users\Domagoj\AppData\Local\Temp\ccu47VEy.s:530    .text.spif_write_address:00000000 $t
C:\Users\Domagoj\AppData\Local\Temp\ccu47VEy.s:536    .text.spif_write_address:00000000 spif_write_address
C:\Users\Domagoj\AppData\Local\Temp\ccu47VEy.s:688    .text.spif_write_sector:00000000 $t
C:\Users\Domagoj\AppData\Local\Temp\ccu47VEy.s:694    .text.spif_write_sector:00000000 spif_write_sector
C:\Users\Domagoj\AppData\Local\Temp\ccu47VEy.s:852    .text.spif_write_block:00000000 $t
C:\Users\Domagoj\AppData\Local\Temp\ccu47VEy.s:858    .text.spif_write_block:00000000 spif_write_block
C:\Users\Domagoj\AppData\Local\Temp\ccu47VEy.s:1016   .text.spif_read_address:00000000 $t
C:\Users\Domagoj\AppData\Local\Temp\ccu47VEy.s:1022   .text.spif_read_address:00000000 spif_read_address
C:\Users\Domagoj\AppData\Local\Temp\ccu47VEy.s:1129   .text.spif_read_page:00000000 $t
C:\Users\Domagoj\AppData\Local\Temp\ccu47VEy.s:1135   .text.spif_read_page:00000000 spif_read_page
C:\Users\Domagoj\AppData\Local\Temp\ccu47VEy.s:1199   .text.spif_read_sector:00000000 $t
C:\Users\Domagoj\AppData\Local\Temp\ccu47VEy.s:1205   .text.spif_read_sector:00000000 spif_read_sector
C:\Users\Domagoj\AppData\Local\Temp\ccu47VEy.s:1269   .text.spif_read_block:00000000 $t
C:\Users\Domagoj\AppData\Local\Temp\ccu47VEy.s:1275   .text.spif_read_block:00000000 spif_read_block

UNDEFINED SYMBOLS
spif_utils_is_ready
spif_commander_command
spif_commander_receive
spif_commander_wait_for_writing
spif_utils_check_range
spif_commander_command_address
spif_utils_clamp_region
spif_commander_transmit
spif_commander_cs
