ARM GAS  C:\Users\Domagoj\AppData\Local\Temp\ccDOuUA5.s 			page 1


   1              		.cpu cortex-m0plus
   2              		.arch armv6s-m
   3              		.fpu softvfp
   4              		.eabi_attribute 20, 1
   5              		.eabi_attribute 21, 1
   6              		.eabi_attribute 23, 3
   7              		.eabi_attribute 24, 1
   8              		.eabi_attribute 25, 1
   9              		.eabi_attribute 26, 1
  10              		.eabi_attribute 30, 1
  11              		.eabi_attribute 34, 0
  12              		.eabi_attribute 18, 4
  13              		.file	"stm32g0xx_hal_msp.c"
  14              		.text
  15              	.Ltext0:
  16              		.cfi_sections	.debug_frame
  17              		.file 1 "Core/Src/stm32g0xx_hal_msp.c"
  18              		.section	.text.HAL_MspInit,"ax",%progbits
  19              		.align	1
  20              		.global	HAL_MspInit
  21              		.syntax unified
  22              		.code	16
  23              		.thumb_func
  25              	HAL_MspInit:
  26              	.LFB363:
   1:Core/Src/stm32g0xx_hal_msp.c **** /* USER CODE BEGIN Header */
   2:Core/Src/stm32g0xx_hal_msp.c **** /**
   3:Core/Src/stm32g0xx_hal_msp.c ****   ******************************************************************************
   4:Core/Src/stm32g0xx_hal_msp.c ****   * @file         stm32g0xx_hal_msp.c
   5:Core/Src/stm32g0xx_hal_msp.c ****   * @brief        This file provides code for the MSP Initialization
   6:Core/Src/stm32g0xx_hal_msp.c ****   *               and de-Initialization codes.
   7:Core/Src/stm32g0xx_hal_msp.c ****   ******************************************************************************
   8:Core/Src/stm32g0xx_hal_msp.c ****   * @attention
   9:Core/Src/stm32g0xx_hal_msp.c ****   *
  10:Core/Src/stm32g0xx_hal_msp.c ****   * Copyright (c) 2026 STMicroelectronics.
  11:Core/Src/stm32g0xx_hal_msp.c ****   * All rights reserved.
  12:Core/Src/stm32g0xx_hal_msp.c ****   *
  13:Core/Src/stm32g0xx_hal_msp.c ****   * This software is licensed under terms that can be found in the LICENSE file
  14:Core/Src/stm32g0xx_hal_msp.c ****   * in the root directory of this software component.
  15:Core/Src/stm32g0xx_hal_msp.c ****   * If no LICENSE file comes with this software, it is provided AS-IS.
  16:Core/Src/stm32g0xx_hal_msp.c ****   *
  17:Core/Src/stm32g0xx_hal_msp.c ****   ******************************************************************************
  18:Core/Src/stm32g0xx_hal_msp.c ****   */
  19:Core/Src/stm32g0xx_hal_msp.c **** /* USER CODE END Header */
  20:Core/Src/stm32g0xx_hal_msp.c **** /* Includes ------------------------------------------------------------------*/
  21:Core/Src/stm32g0xx_hal_msp.c **** #include "main.h"
  22:Core/Src/stm32g0xx_hal_msp.c **** /* USER CODE BEGIN Includes */
  23:Core/Src/stm32g0xx_hal_msp.c **** 
  24:Core/Src/stm32g0xx_hal_msp.c **** /* USER CODE END Includes */
  25:Core/Src/stm32g0xx_hal_msp.c **** 
  26:Core/Src/stm32g0xx_hal_msp.c **** /* Private typedef -----------------------------------------------------------*/
  27:Core/Src/stm32g0xx_hal_msp.c **** /* USER CODE BEGIN TD */
  28:Core/Src/stm32g0xx_hal_msp.c **** 
  29:Core/Src/stm32g0xx_hal_msp.c **** /* USER CODE END TD */
  30:Core/Src/stm32g0xx_hal_msp.c **** 
  31:Core/Src/stm32g0xx_hal_msp.c **** /* Private define ------------------------------------------------------------*/
  32:Core/Src/stm32g0xx_hal_msp.c **** /* USER CODE BEGIN Define */
ARM GAS  C:\Users\Domagoj\AppData\Local\Temp\ccDOuUA5.s 			page 2


  33:Core/Src/stm32g0xx_hal_msp.c **** 
  34:Core/Src/stm32g0xx_hal_msp.c **** /* USER CODE END Define */
  35:Core/Src/stm32g0xx_hal_msp.c **** 
  36:Core/Src/stm32g0xx_hal_msp.c **** /* Private macro -------------------------------------------------------------*/
  37:Core/Src/stm32g0xx_hal_msp.c **** /* USER CODE BEGIN Macro */
  38:Core/Src/stm32g0xx_hal_msp.c **** 
  39:Core/Src/stm32g0xx_hal_msp.c **** /* USER CODE END Macro */
  40:Core/Src/stm32g0xx_hal_msp.c **** 
  41:Core/Src/stm32g0xx_hal_msp.c **** /* Private variables ---------------------------------------------------------*/
  42:Core/Src/stm32g0xx_hal_msp.c **** /* USER CODE BEGIN PV */
  43:Core/Src/stm32g0xx_hal_msp.c **** 
  44:Core/Src/stm32g0xx_hal_msp.c **** /* USER CODE END PV */
  45:Core/Src/stm32g0xx_hal_msp.c **** 
  46:Core/Src/stm32g0xx_hal_msp.c **** /* Private function prototypes -----------------------------------------------*/
  47:Core/Src/stm32g0xx_hal_msp.c **** /* USER CODE BEGIN PFP */
  48:Core/Src/stm32g0xx_hal_msp.c **** 
  49:Core/Src/stm32g0xx_hal_msp.c **** /* USER CODE END PFP */
  50:Core/Src/stm32g0xx_hal_msp.c **** 
  51:Core/Src/stm32g0xx_hal_msp.c **** /* External functions --------------------------------------------------------*/
  52:Core/Src/stm32g0xx_hal_msp.c **** /* USER CODE BEGIN ExternalFunctions */
  53:Core/Src/stm32g0xx_hal_msp.c **** 
  54:Core/Src/stm32g0xx_hal_msp.c **** /* USER CODE END ExternalFunctions */
  55:Core/Src/stm32g0xx_hal_msp.c **** 
  56:Core/Src/stm32g0xx_hal_msp.c **** /* USER CODE BEGIN 0 */
  57:Core/Src/stm32g0xx_hal_msp.c **** 
  58:Core/Src/stm32g0xx_hal_msp.c **** /* USER CODE END 0 */
  59:Core/Src/stm32g0xx_hal_msp.c **** /**
  60:Core/Src/stm32g0xx_hal_msp.c ****   * Initializes the Global MSP.
  61:Core/Src/stm32g0xx_hal_msp.c ****   */
  62:Core/Src/stm32g0xx_hal_msp.c **** void HAL_MspInit(void)
  63:Core/Src/stm32g0xx_hal_msp.c **** {
  27              		.loc 1 63 1 view -0
  28              		.cfi_startproc
  29              		@ args = 0, pretend = 0, frame = 8
  30              		@ frame_needed = 0, uses_anonymous_args = 0
  31 0000 00B5     		push	{lr}
  32              	.LCFI0:
  33              		.cfi_def_cfa_offset 4
  34              		.cfi_offset 14, -4
  35 0002 83B0     		sub	sp, sp, #12
  36              	.LCFI1:
  37              		.cfi_def_cfa_offset 16
  64:Core/Src/stm32g0xx_hal_msp.c **** 
  65:Core/Src/stm32g0xx_hal_msp.c ****   /* USER CODE BEGIN MspInit 0 */
  66:Core/Src/stm32g0xx_hal_msp.c **** 
  67:Core/Src/stm32g0xx_hal_msp.c ****   /* USER CODE END MspInit 0 */
  68:Core/Src/stm32g0xx_hal_msp.c **** 
  69:Core/Src/stm32g0xx_hal_msp.c ****   __HAL_RCC_SYSCFG_CLK_ENABLE();
  38              		.loc 1 69 3 view .LVU1
  39              	.LBB2:
  40              		.loc 1 69 3 view .LVU2
  41              		.loc 1 69 3 view .LVU3
  42 0004 0B4B     		ldr	r3, .L2
  43 0006 196C     		ldr	r1, [r3, #64]
  44 0008 0122     		movs	r2, #1
  45 000a 1143     		orrs	r1, r2
  46 000c 1964     		str	r1, [r3, #64]
ARM GAS  C:\Users\Domagoj\AppData\Local\Temp\ccDOuUA5.s 			page 3


  47              		.loc 1 69 3 view .LVU4
  48 000e 196C     		ldr	r1, [r3, #64]
  49 0010 0A40     		ands	r2, r1
  50 0012 0092     		str	r2, [sp]
  51              		.loc 1 69 3 view .LVU5
  52 0014 009A     		ldr	r2, [sp]
  53              	.LBE2:
  54              		.loc 1 69 3 view .LVU6
  70:Core/Src/stm32g0xx_hal_msp.c ****   __HAL_RCC_PWR_CLK_ENABLE();
  55              		.loc 1 70 3 view .LVU7
  56              	.LBB3:
  57              		.loc 1 70 3 view .LVU8
  58              		.loc 1 70 3 view .LVU9
  59 0016 DA6B     		ldr	r2, [r3, #60]
  60 0018 8021     		movs	r1, #128
  61 001a 4905     		lsls	r1, r1, #21
  62 001c 0A43     		orrs	r2, r1
  63 001e DA63     		str	r2, [r3, #60]
  64              		.loc 1 70 3 view .LVU10
  65 0020 DB6B     		ldr	r3, [r3, #60]
  66 0022 0B40     		ands	r3, r1
  67 0024 0193     		str	r3, [sp, #4]
  68              		.loc 1 70 3 view .LVU11
  69 0026 019B     		ldr	r3, [sp, #4]
  70              	.LBE3:
  71              		.loc 1 70 3 view .LVU12
  71:Core/Src/stm32g0xx_hal_msp.c **** 
  72:Core/Src/stm32g0xx_hal_msp.c ****   /* System interrupt init*/
  73:Core/Src/stm32g0xx_hal_msp.c **** 
  74:Core/Src/stm32g0xx_hal_msp.c ****   /** Disable the internal Pull-Up in Dead Battery pins of UCPD peripheral
  75:Core/Src/stm32g0xx_hal_msp.c ****   */
  76:Core/Src/stm32g0xx_hal_msp.c ****   HAL_SYSCFG_StrobeDBattpinsConfig(SYSCFG_CFGR1_UCPD1_STROBE | SYSCFG_CFGR1_UCPD2_STROBE);
  72              		.loc 1 76 3 view .LVU13
  73 0028 C020     		movs	r0, #192
  74 002a C000     		lsls	r0, r0, #3
  75 002c FFF7FEFF 		bl	HAL_SYSCFG_StrobeDBattpinsConfig
  76              	.LVL0:
  77:Core/Src/stm32g0xx_hal_msp.c **** 
  78:Core/Src/stm32g0xx_hal_msp.c ****   /* USER CODE BEGIN MspInit 1 */
  79:Core/Src/stm32g0xx_hal_msp.c **** 
  80:Core/Src/stm32g0xx_hal_msp.c ****   /* USER CODE END MspInit 1 */
  81:Core/Src/stm32g0xx_hal_msp.c **** }
  77              		.loc 1 81 1 is_stmt 0 view .LVU14
  78 0030 03B0     		add	sp, sp, #12
  79              		@ sp needed
  80 0032 00BD     		pop	{pc}
  81              	.L3:
  82              		.align	2
  83              	.L2:
  84 0034 00100240 		.word	1073876992
  85              		.cfi_endproc
  86              	.LFE363:
  88              		.text
  89              	.Letext0:
  90              		.file 2 "C:\\ST\\STM32CubeIDE_2.2.0\\STM32CubeIDE\\plugins\\com.st.stm32cube.ide.mcu.externaltools
  91              		.file 3 "C:\\ST\\STM32CubeIDE_2.2.0\\STM32CubeIDE\\plugins\\com.st.stm32cube.ide.mcu.externaltools
  92              		.file 4 "Drivers/CMSIS/Device/ST/STM32G0xx/Include/stm32g0b1xx.h"
ARM GAS  C:\Users\Domagoj\AppData\Local\Temp\ccDOuUA5.s 			page 4


  93              		.file 5 "Drivers/STM32G0xx_HAL_Driver/Inc/stm32g0xx_ll_dma.h"
  94              		.file 6 "Drivers/STM32G0xx_HAL_Driver/Inc/stm32g0xx_hal.h"
ARM GAS  C:\Users\Domagoj\AppData\Local\Temp\ccDOuUA5.s 			page 5


DEFINED SYMBOLS
                            *ABS*:00000000 stm32g0xx_hal_msp.c
C:\Users\Domagoj\AppData\Local\Temp\ccDOuUA5.s:19     .text.HAL_MspInit:00000000 $t
C:\Users\Domagoj\AppData\Local\Temp\ccDOuUA5.s:25     .text.HAL_MspInit:00000000 HAL_MspInit
C:\Users\Domagoj\AppData\Local\Temp\ccDOuUA5.s:84     .text.HAL_MspInit:00000034 $d

UNDEFINED SYMBOLS
HAL_SYSCFG_StrobeDBattpinsConfig
