ARM GAS  C:\Users\Domagoj\AppData\Local\Temp\ccTEIRmE.s 			page 1


   1              		.cpu cortex-m0plus
   2              		.arch armv6s-m
   3              		.fpu softvfp
   4              		.eabi_attribute 20, 1
   5              		.eabi_attribute 21, 1
   6              		.eabi_attribute 23, 3
   7              		.eabi_attribute 24, 1
   8              		.eabi_attribute 25, 1
   9              		.eabi_attribute 26, 1
  10              		.eabi_attribute 30, 1
  11              		.eabi_attribute 34, 0
  12              		.eabi_attribute 18, 4
  13              		.file	"usart.c"
  14              		.text
  15              	.Ltext0:
  16              		.cfi_sections	.debug_frame
  17              		.file 1 "Core/Src/usart.c"
  18              		.section	.text.MX_USART2_UART_Init,"ax",%progbits
  19              		.align	1
  20              		.global	MX_USART2_UART_Init
  21              		.syntax unified
  22              		.code	16
  23              		.thumb_func
  25              	MX_USART2_UART_Init:
  26              	.LFB363:
   1:Core/Src/usart.c **** /* USER CODE BEGIN Header */
   2:Core/Src/usart.c **** /**
   3:Core/Src/usart.c ****   ******************************************************************************
   4:Core/Src/usart.c ****   * @file    usart.c
   5:Core/Src/usart.c ****   * @brief   This file provides code for the configuration
   6:Core/Src/usart.c ****   *          of the USART instances.
   7:Core/Src/usart.c ****   ******************************************************************************
   8:Core/Src/usart.c ****   * @attention
   9:Core/Src/usart.c ****   *
  10:Core/Src/usart.c ****   * Copyright (c) 2026 STMicroelectronics.
  11:Core/Src/usart.c ****   * All rights reserved.
  12:Core/Src/usart.c ****   *
  13:Core/Src/usart.c ****   * This software is licensed under terms that can be found in the LICENSE file
  14:Core/Src/usart.c ****   * in the root directory of this software component.
  15:Core/Src/usart.c ****   * If no LICENSE file comes with this software, it is provided AS-IS.
  16:Core/Src/usart.c ****   *
  17:Core/Src/usart.c ****   ******************************************************************************
  18:Core/Src/usart.c ****   */
  19:Core/Src/usart.c **** /* USER CODE END Header */
  20:Core/Src/usart.c **** /* Includes ------------------------------------------------------------------*/
  21:Core/Src/usart.c **** #include "usart.h"
  22:Core/Src/usart.c **** 
  23:Core/Src/usart.c **** /* USER CODE BEGIN 0 */
  24:Core/Src/usart.c **** 
  25:Core/Src/usart.c **** /* USER CODE END 0 */
  26:Core/Src/usart.c **** 
  27:Core/Src/usart.c **** UART_HandleTypeDef huart2;
  28:Core/Src/usart.c **** 
  29:Core/Src/usart.c **** /* USART2 init function */
  30:Core/Src/usart.c **** 
  31:Core/Src/usart.c **** void MX_USART2_UART_Init(void)
  32:Core/Src/usart.c **** {
ARM GAS  C:\Users\Domagoj\AppData\Local\Temp\ccTEIRmE.s 			page 2


  27              		.loc 1 32 1 view -0
  28              		.cfi_startproc
  29              		@ args = 0, pretend = 0, frame = 0
  30              		@ frame_needed = 0, uses_anonymous_args = 0
  31 0000 10B5     		push	{r4, lr}
  32              	.LCFI0:
  33              		.cfi_def_cfa_offset 8
  34              		.cfi_offset 4, -8
  35              		.cfi_offset 14, -4
  33:Core/Src/usart.c **** 
  34:Core/Src/usart.c ****   /* USER CODE BEGIN USART2_Init 0 */
  35:Core/Src/usart.c **** 
  36:Core/Src/usart.c ****   /* USER CODE END USART2_Init 0 */
  37:Core/Src/usart.c **** 
  38:Core/Src/usart.c ****   /* USER CODE BEGIN USART2_Init 1 */
  39:Core/Src/usart.c **** 
  40:Core/Src/usart.c ****   /* USER CODE END USART2_Init 1 */
  41:Core/Src/usart.c ****   huart2.Instance = USART2;
  36              		.loc 1 41 3 view .LVU1
  37              		.loc 1 41 19 is_stmt 0 view .LVU2
  38 0002 1948     		ldr	r0, .L10
  39 0004 194B     		ldr	r3, .L10+4
  40 0006 0360     		str	r3, [r0]
  42:Core/Src/usart.c ****   huart2.Init.BaudRate = 115200;
  41              		.loc 1 42 3 is_stmt 1 view .LVU3
  42              		.loc 1 42 24 is_stmt 0 view .LVU4
  43 0008 E123     		movs	r3, #225
  44 000a 5B02     		lsls	r3, r3, #9
  45 000c 4360     		str	r3, [r0, #4]
  43:Core/Src/usart.c ****   huart2.Init.WordLength = UART_WORDLENGTH_8B;
  46              		.loc 1 43 3 is_stmt 1 view .LVU5
  47              		.loc 1 43 26 is_stmt 0 view .LVU6
  48 000e 0023     		movs	r3, #0
  49 0010 8360     		str	r3, [r0, #8]
  44:Core/Src/usart.c ****   huart2.Init.StopBits = UART_STOPBITS_1;
  50              		.loc 1 44 3 is_stmt 1 view .LVU7
  51              		.loc 1 44 24 is_stmt 0 view .LVU8
  52 0012 C360     		str	r3, [r0, #12]
  45:Core/Src/usart.c ****   huart2.Init.Parity = UART_PARITY_NONE;
  53              		.loc 1 45 3 is_stmt 1 view .LVU9
  54              		.loc 1 45 22 is_stmt 0 view .LVU10
  55 0014 0361     		str	r3, [r0, #16]
  46:Core/Src/usart.c ****   huart2.Init.Mode = UART_MODE_TX_RX;
  56              		.loc 1 46 3 is_stmt 1 view .LVU11
  57              		.loc 1 46 20 is_stmt 0 view .LVU12
  58 0016 0C22     		movs	r2, #12
  59 0018 4261     		str	r2, [r0, #20]
  47:Core/Src/usart.c ****   huart2.Init.HwFlowCtl = UART_HWCONTROL_NONE;
  60              		.loc 1 47 3 is_stmt 1 view .LVU13
  61              		.loc 1 47 25 is_stmt 0 view .LVU14
  62 001a 8361     		str	r3, [r0, #24]
  48:Core/Src/usart.c ****   huart2.Init.OverSampling = UART_OVERSAMPLING_16;
  63              		.loc 1 48 3 is_stmt 1 view .LVU15
  64              		.loc 1 48 28 is_stmt 0 view .LVU16
  65 001c C361     		str	r3, [r0, #28]
  49:Core/Src/usart.c ****   huart2.Init.OneBitSampling = UART_ONE_BIT_SAMPLE_DISABLE;
  66              		.loc 1 49 3 is_stmt 1 view .LVU17
ARM GAS  C:\Users\Domagoj\AppData\Local\Temp\ccTEIRmE.s 			page 3


  67              		.loc 1 49 30 is_stmt 0 view .LVU18
  68 001e 0362     		str	r3, [r0, #32]
  50:Core/Src/usart.c ****   huart2.Init.ClockPrescaler = UART_PRESCALER_DIV1;
  69              		.loc 1 50 3 is_stmt 1 view .LVU19
  70              		.loc 1 50 30 is_stmt 0 view .LVU20
  71 0020 4362     		str	r3, [r0, #36]
  51:Core/Src/usart.c ****   huart2.AdvancedInit.AdvFeatureInit = UART_ADVFEATURE_NO_INIT;
  72              		.loc 1 51 3 is_stmt 1 view .LVU21
  73              		.loc 1 51 38 is_stmt 0 view .LVU22
  74 0022 8362     		str	r3, [r0, #40]
  52:Core/Src/usart.c ****   if (HAL_UART_Init(&huart2) != HAL_OK)
  75              		.loc 1 52 3 is_stmt 1 view .LVU23
  76              		.loc 1 52 7 is_stmt 0 view .LVU24
  77 0024 FFF7FEFF 		bl	HAL_UART_Init
  78              	.LVL0:
  79              		.loc 1 52 6 discriminator 1 view .LVU25
  80 0028 0028     		cmp	r0, #0
  81 002a 11D1     		bne	.L6
  82              	.L2:
  53:Core/Src/usart.c ****   {
  54:Core/Src/usart.c ****     Error_Handler();
  55:Core/Src/usart.c ****   }
  56:Core/Src/usart.c ****   if (HAL_UARTEx_SetTxFifoThreshold(&huart2, UART_TXFIFO_THRESHOLD_1_8) != HAL_OK)
  83              		.loc 1 56 3 is_stmt 1 view .LVU26
  84              		.loc 1 56 7 is_stmt 0 view .LVU27
  85 002c 0E48     		ldr	r0, .L10
  86 002e 0021     		movs	r1, #0
  87 0030 FFF7FEFF 		bl	HAL_UARTEx_SetTxFifoThreshold
  88              	.LVL1:
  89              		.loc 1 56 6 discriminator 1 view .LVU28
  90 0034 0028     		cmp	r0, #0
  91 0036 0ED1     		bne	.L7
  92              	.L3:
  57:Core/Src/usart.c ****   {
  58:Core/Src/usart.c ****     Error_Handler();
  59:Core/Src/usart.c ****   }
  60:Core/Src/usart.c ****   if (HAL_UARTEx_SetRxFifoThreshold(&huart2, UART_RXFIFO_THRESHOLD_1_8) != HAL_OK)
  93              		.loc 1 60 3 is_stmt 1 view .LVU29
  94              		.loc 1 60 7 is_stmt 0 view .LVU30
  95 0038 0B48     		ldr	r0, .L10
  96 003a 0021     		movs	r1, #0
  97 003c FFF7FEFF 		bl	HAL_UARTEx_SetRxFifoThreshold
  98              	.LVL2:
  99              		.loc 1 60 6 discriminator 1 view .LVU31
 100 0040 0028     		cmp	r0, #0
 101 0042 0BD1     		bne	.L8
 102              	.L4:
  61:Core/Src/usart.c ****   {
  62:Core/Src/usart.c ****     Error_Handler();
  63:Core/Src/usart.c ****   }
  64:Core/Src/usart.c ****   if (HAL_UARTEx_DisableFifoMode(&huart2) != HAL_OK)
 103              		.loc 1 64 3 is_stmt 1 view .LVU32
 104              		.loc 1 64 7 is_stmt 0 view .LVU33
 105 0044 0848     		ldr	r0, .L10
 106 0046 FFF7FEFF 		bl	HAL_UARTEx_DisableFifoMode
 107              	.LVL3:
 108              		.loc 1 64 6 discriminator 1 view .LVU34
ARM GAS  C:\Users\Domagoj\AppData\Local\Temp\ccTEIRmE.s 			page 4


 109 004a 0028     		cmp	r0, #0
 110 004c 09D1     		bne	.L9
 111              	.L1:
  65:Core/Src/usart.c ****   {
  66:Core/Src/usart.c ****     Error_Handler();
  67:Core/Src/usart.c ****   }
  68:Core/Src/usart.c ****   /* USER CODE BEGIN USART2_Init 2 */
  69:Core/Src/usart.c **** 
  70:Core/Src/usart.c ****   /* USER CODE END USART2_Init 2 */
  71:Core/Src/usart.c **** 
  72:Core/Src/usart.c **** }
 112              		.loc 1 72 1 view .LVU35
 113              		@ sp needed
 114 004e 10BD     		pop	{r4, pc}
 115              	.L6:
  54:Core/Src/usart.c ****   }
 116              		.loc 1 54 5 is_stmt 1 view .LVU36
 117 0050 FFF7FEFF 		bl	Error_Handler
 118              	.LVL4:
 119 0054 EAE7     		b	.L2
 120              	.L7:
  58:Core/Src/usart.c ****   }
 121              		.loc 1 58 5 view .LVU37
 122 0056 FFF7FEFF 		bl	Error_Handler
 123              	.LVL5:
 124 005a EDE7     		b	.L3
 125              	.L8:
  62:Core/Src/usart.c ****   }
 126              		.loc 1 62 5 view .LVU38
 127 005c FFF7FEFF 		bl	Error_Handler
 128              	.LVL6:
 129 0060 F0E7     		b	.L4
 130              	.L9:
  66:Core/Src/usart.c ****   }
 131              		.loc 1 66 5 view .LVU39
 132 0062 FFF7FEFF 		bl	Error_Handler
 133              	.LVL7:
 134              		.loc 1 72 1 is_stmt 0 view .LVU40
 135 0066 F2E7     		b	.L1
 136              	.L11:
 137              		.align	2
 138              	.L10:
 139 0068 00000000 		.word	huart2
 140 006c 00440040 		.word	1073759232
 141              		.cfi_endproc
 142              	.LFE363:
 144              		.section	.text.HAL_UART_MspInit,"ax",%progbits
 145              		.align	1
 146              		.global	HAL_UART_MspInit
 147              		.syntax unified
 148              		.code	16
 149              		.thumb_func
 151              	HAL_UART_MspInit:
 152              	.LVL8:
 153              	.LFB364:
  73:Core/Src/usart.c **** 
  74:Core/Src/usart.c **** void HAL_UART_MspInit(UART_HandleTypeDef* uartHandle)
ARM GAS  C:\Users\Domagoj\AppData\Local\Temp\ccTEIRmE.s 			page 5


  75:Core/Src/usart.c **** {
 154              		.loc 1 75 1 is_stmt 1 view -0
 155              		.cfi_startproc
 156              		@ args = 0, pretend = 0, frame = 104
 157              		@ frame_needed = 0, uses_anonymous_args = 0
 158              		.loc 1 75 1 is_stmt 0 view .LVU42
 159 0000 10B5     		push	{r4, lr}
 160              	.LCFI1:
 161              		.cfi_def_cfa_offset 8
 162              		.cfi_offset 4, -8
 163              		.cfi_offset 14, -4
 164 0002 9AB0     		sub	sp, sp, #104
 165              	.LCFI2:
 166              		.cfi_def_cfa_offset 112
 167 0004 0400     		movs	r4, r0
  76:Core/Src/usart.c **** 
  77:Core/Src/usart.c ****   GPIO_InitTypeDef GPIO_InitStruct = {0};
 168              		.loc 1 77 3 is_stmt 1 view .LVU43
 169              		.loc 1 77 20 is_stmt 0 view .LVU44
 170 0006 1422     		movs	r2, #20
 171 0008 0021     		movs	r1, #0
 172 000a 15A8     		add	r0, sp, #84
 173              	.LVL9:
 174              		.loc 1 77 20 view .LVU45
 175 000c FFF7FEFF 		bl	memset
 176              	.LVL10:
  78:Core/Src/usart.c ****   RCC_PeriphCLKInitTypeDef PeriphClkInit = {0};
 177              		.loc 1 78 3 is_stmt 1 view .LVU46
 178              		.loc 1 78 28 is_stmt 0 view .LVU47
 179 0010 4C22     		movs	r2, #76
 180 0012 0021     		movs	r1, #0
 181 0014 02A8     		add	r0, sp, #8
 182 0016 FFF7FEFF 		bl	memset
 183              	.LVL11:
  79:Core/Src/usart.c ****   if(uartHandle->Instance==USART2)
 184              		.loc 1 79 3 is_stmt 1 view .LVU48
 185              		.loc 1 79 16 is_stmt 0 view .LVU49
 186 001a 2268     		ldr	r2, [r4]
 187              		.loc 1 79 5 view .LVU50
 188 001c 174B     		ldr	r3, .L17
 189 001e 9A42     		cmp	r2, r3
 190 0020 01D0     		beq	.L15
 191              	.L12:
  80:Core/Src/usart.c ****   {
  81:Core/Src/usart.c ****   /* USER CODE BEGIN USART2_MspInit 0 */
  82:Core/Src/usart.c **** 
  83:Core/Src/usart.c ****   /* USER CODE END USART2_MspInit 0 */
  84:Core/Src/usart.c **** 
  85:Core/Src/usart.c ****   /** Initializes the peripherals clocks
  86:Core/Src/usart.c ****   */
  87:Core/Src/usart.c ****     PeriphClkInit.PeriphClockSelection = RCC_PERIPHCLK_USART2;
  88:Core/Src/usart.c ****     PeriphClkInit.Usart2ClockSelection = RCC_USART2CLKSOURCE_PCLK1;
  89:Core/Src/usart.c ****     if (HAL_RCCEx_PeriphCLKConfig(&PeriphClkInit) != HAL_OK)
  90:Core/Src/usart.c ****     {
  91:Core/Src/usart.c ****       Error_Handler();
  92:Core/Src/usart.c ****     }
  93:Core/Src/usart.c **** 
ARM GAS  C:\Users\Domagoj\AppData\Local\Temp\ccTEIRmE.s 			page 6


  94:Core/Src/usart.c ****     /* USART2 clock enable */
  95:Core/Src/usart.c ****     __HAL_RCC_USART2_CLK_ENABLE();
  96:Core/Src/usart.c **** 
  97:Core/Src/usart.c ****     __HAL_RCC_GPIOA_CLK_ENABLE();
  98:Core/Src/usart.c ****     /**USART2 GPIO Configuration
  99:Core/Src/usart.c ****     PA2     ------> USART2_TX
 100:Core/Src/usart.c ****     PA3     ------> USART2_RX
 101:Core/Src/usart.c ****     */
 102:Core/Src/usart.c ****     GPIO_InitStruct.Pin = GPIO_PIN_2|GPIO_PIN_3;
 103:Core/Src/usart.c ****     GPIO_InitStruct.Mode = GPIO_MODE_AF_PP;
 104:Core/Src/usart.c ****     GPIO_InitStruct.Pull = GPIO_NOPULL;
 105:Core/Src/usart.c ****     GPIO_InitStruct.Speed = GPIO_SPEED_FREQ_LOW;
 106:Core/Src/usart.c ****     GPIO_InitStruct.Alternate = GPIO_AF1_USART2;
 107:Core/Src/usart.c ****     HAL_GPIO_Init(GPIOA, &GPIO_InitStruct);
 108:Core/Src/usart.c **** 
 109:Core/Src/usart.c ****   /* USER CODE BEGIN USART2_MspInit 1 */
 110:Core/Src/usart.c **** 
 111:Core/Src/usart.c ****   /* USER CODE END USART2_MspInit 1 */
 112:Core/Src/usart.c ****   }
 113:Core/Src/usart.c **** }
 192              		.loc 1 113 1 view .LVU51
 193 0022 1AB0     		add	sp, sp, #104
 194              		@ sp needed
 195              	.LVL12:
 196              		.loc 1 113 1 view .LVU52
 197 0024 10BD     		pop	{r4, pc}
 198              	.LVL13:
 199              	.L15:
  87:Core/Src/usart.c ****     PeriphClkInit.Usart2ClockSelection = RCC_USART2CLKSOURCE_PCLK1;
 200              		.loc 1 87 5 is_stmt 1 view .LVU53
  87:Core/Src/usart.c ****     PeriphClkInit.Usart2ClockSelection = RCC_USART2CLKSOURCE_PCLK1;
 201              		.loc 1 87 40 is_stmt 0 view .LVU54
 202 0026 0223     		movs	r3, #2
 203 0028 0293     		str	r3, [sp, #8]
  88:Core/Src/usart.c ****     if (HAL_RCCEx_PeriphCLKConfig(&PeriphClkInit) != HAL_OK)
 204              		.loc 1 88 5 is_stmt 1 view .LVU55
  89:Core/Src/usart.c ****     {
 205              		.loc 1 89 5 view .LVU56
  89:Core/Src/usart.c ****     {
 206              		.loc 1 89 9 is_stmt 0 view .LVU57
 207 002a 02A8     		add	r0, sp, #8
 208 002c FFF7FEFF 		bl	HAL_RCCEx_PeriphCLKConfig
 209              	.LVL14:
  89:Core/Src/usart.c ****     {
 210              		.loc 1 89 8 discriminator 1 view .LVU58
 211 0030 0028     		cmp	r0, #0
 212 0032 1FD1     		bne	.L16
 213              	.L14:
  95:Core/Src/usart.c **** 
 214              		.loc 1 95 5 is_stmt 1 view .LVU59
 215              	.LBB2:
  95:Core/Src/usart.c **** 
 216              		.loc 1 95 5 view .LVU60
  95:Core/Src/usart.c **** 
 217              		.loc 1 95 5 view .LVU61
 218 0034 124B     		ldr	r3, .L17+4
 219 0036 DA6B     		ldr	r2, [r3, #60]
ARM GAS  C:\Users\Domagoj\AppData\Local\Temp\ccTEIRmE.s 			page 7


 220 0038 8021     		movs	r1, #128
 221 003a 8902     		lsls	r1, r1, #10
 222 003c 0A43     		orrs	r2, r1
 223 003e DA63     		str	r2, [r3, #60]
  95:Core/Src/usart.c **** 
 224              		.loc 1 95 5 view .LVU62
 225 0040 DA6B     		ldr	r2, [r3, #60]
 226 0042 0A40     		ands	r2, r1
 227 0044 0092     		str	r2, [sp]
  95:Core/Src/usart.c **** 
 228              		.loc 1 95 5 view .LVU63
 229 0046 009A     		ldr	r2, [sp]
 230              	.LBE2:
  95:Core/Src/usart.c **** 
 231              		.loc 1 95 5 view .LVU64
  97:Core/Src/usart.c ****     /**USART2 GPIO Configuration
 232              		.loc 1 97 5 view .LVU65
 233              	.LBB3:
  97:Core/Src/usart.c ****     /**USART2 GPIO Configuration
 234              		.loc 1 97 5 view .LVU66
  97:Core/Src/usart.c ****     /**USART2 GPIO Configuration
 235              		.loc 1 97 5 view .LVU67
 236 0048 596B     		ldr	r1, [r3, #52]
 237 004a 0122     		movs	r2, #1
 238 004c 1143     		orrs	r1, r2
 239 004e 5963     		str	r1, [r3, #52]
  97:Core/Src/usart.c ****     /**USART2 GPIO Configuration
 240              		.loc 1 97 5 view .LVU68
 241 0050 5B6B     		ldr	r3, [r3, #52]
 242 0052 1340     		ands	r3, r2
 243 0054 0193     		str	r3, [sp, #4]
  97:Core/Src/usart.c ****     /**USART2 GPIO Configuration
 244              		.loc 1 97 5 view .LVU69
 245 0056 019B     		ldr	r3, [sp, #4]
 246              	.LBE3:
  97:Core/Src/usart.c ****     /**USART2 GPIO Configuration
 247              		.loc 1 97 5 view .LVU70
 102:Core/Src/usart.c ****     GPIO_InitStruct.Mode = GPIO_MODE_AF_PP;
 248              		.loc 1 102 5 view .LVU71
 102:Core/Src/usart.c ****     GPIO_InitStruct.Mode = GPIO_MODE_AF_PP;
 249              		.loc 1 102 25 is_stmt 0 view .LVU72
 250 0058 15A9     		add	r1, sp, #84
 251 005a 0C23     		movs	r3, #12
 252 005c 1593     		str	r3, [sp, #84]
 103:Core/Src/usart.c ****     GPIO_InitStruct.Pull = GPIO_NOPULL;
 253              		.loc 1 103 5 is_stmt 1 view .LVU73
 103:Core/Src/usart.c ****     GPIO_InitStruct.Pull = GPIO_NOPULL;
 254              		.loc 1 103 26 is_stmt 0 view .LVU74
 255 005e 0A3B     		subs	r3, r3, #10
 256 0060 4B60     		str	r3, [r1, #4]
 104:Core/Src/usart.c ****     GPIO_InitStruct.Speed = GPIO_SPEED_FREQ_LOW;
 257              		.loc 1 104 5 is_stmt 1 view .LVU75
 104:Core/Src/usart.c ****     GPIO_InitStruct.Speed = GPIO_SPEED_FREQ_LOW;
 258              		.loc 1 104 26 is_stmt 0 view .LVU76
 259 0062 0023     		movs	r3, #0
 260 0064 8B60     		str	r3, [r1, #8]
 105:Core/Src/usart.c ****     GPIO_InitStruct.Alternate = GPIO_AF1_USART2;
ARM GAS  C:\Users\Domagoj\AppData\Local\Temp\ccTEIRmE.s 			page 8


 261              		.loc 1 105 5 is_stmt 1 view .LVU77
 105:Core/Src/usart.c ****     GPIO_InitStruct.Alternate = GPIO_AF1_USART2;
 262              		.loc 1 105 27 is_stmt 0 view .LVU78
 263 0066 CB60     		str	r3, [r1, #12]
 106:Core/Src/usart.c ****     HAL_GPIO_Init(GPIOA, &GPIO_InitStruct);
 264              		.loc 1 106 5 is_stmt 1 view .LVU79
 106:Core/Src/usart.c ****     HAL_GPIO_Init(GPIOA, &GPIO_InitStruct);
 265              		.loc 1 106 31 is_stmt 0 view .LVU80
 266 0068 0A61     		str	r2, [r1, #16]
 107:Core/Src/usart.c **** 
 267              		.loc 1 107 5 is_stmt 1 view .LVU81
 268 006a A020     		movs	r0, #160
 269 006c C005     		lsls	r0, r0, #23
 270 006e FFF7FEFF 		bl	HAL_GPIO_Init
 271              	.LVL15:
 272              		.loc 1 113 1 is_stmt 0 view .LVU82
 273 0072 D6E7     		b	.L12
 274              	.L16:
  91:Core/Src/usart.c ****     }
 275              		.loc 1 91 7 is_stmt 1 view .LVU83
 276 0074 FFF7FEFF 		bl	Error_Handler
 277              	.LVL16:
 278 0078 DCE7     		b	.L14
 279              	.L18:
 280 007a C046     		.align	2
 281              	.L17:
 282 007c 00440040 		.word	1073759232
 283 0080 00100240 		.word	1073876992
 284              		.cfi_endproc
 285              	.LFE364:
 287              		.section	.text.HAL_UART_MspDeInit,"ax",%progbits
 288              		.align	1
 289              		.global	HAL_UART_MspDeInit
 290              		.syntax unified
 291              		.code	16
 292              		.thumb_func
 294              	HAL_UART_MspDeInit:
 295              	.LVL17:
 296              	.LFB365:
 114:Core/Src/usart.c **** 
 115:Core/Src/usart.c **** void HAL_UART_MspDeInit(UART_HandleTypeDef* uartHandle)
 116:Core/Src/usart.c **** {
 297              		.loc 1 116 1 view -0
 298              		.cfi_startproc
 299              		@ args = 0, pretend = 0, frame = 0
 300              		@ frame_needed = 0, uses_anonymous_args = 0
 301              		.loc 1 116 1 is_stmt 0 view .LVU85
 302 0000 10B5     		push	{r4, lr}
 303              	.LCFI3:
 304              		.cfi_def_cfa_offset 8
 305              		.cfi_offset 4, -8
 306              		.cfi_offset 14, -4
 117:Core/Src/usart.c **** 
 118:Core/Src/usart.c ****   if(uartHandle->Instance==USART2)
 307              		.loc 1 118 3 is_stmt 1 view .LVU86
 308              		.loc 1 118 16 is_stmt 0 view .LVU87
 309 0002 0268     		ldr	r2, [r0]
ARM GAS  C:\Users\Domagoj\AppData\Local\Temp\ccTEIRmE.s 			page 9


 310              		.loc 1 118 5 view .LVU88
 311 0004 074B     		ldr	r3, .L22
 312 0006 9A42     		cmp	r2, r3
 313 0008 00D0     		beq	.L21
 314              	.LVL18:
 315              	.L19:
 119:Core/Src/usart.c ****   {
 120:Core/Src/usart.c ****   /* USER CODE BEGIN USART2_MspDeInit 0 */
 121:Core/Src/usart.c **** 
 122:Core/Src/usart.c ****   /* USER CODE END USART2_MspDeInit 0 */
 123:Core/Src/usart.c ****     /* Peripheral clock disable */
 124:Core/Src/usart.c ****     __HAL_RCC_USART2_CLK_DISABLE();
 125:Core/Src/usart.c **** 
 126:Core/Src/usart.c ****     /**USART2 GPIO Configuration
 127:Core/Src/usart.c ****     PA2     ------> USART2_TX
 128:Core/Src/usart.c ****     PA3     ------> USART2_RX
 129:Core/Src/usart.c ****     */
 130:Core/Src/usart.c ****     HAL_GPIO_DeInit(GPIOA, GPIO_PIN_2|GPIO_PIN_3);
 131:Core/Src/usart.c **** 
 132:Core/Src/usart.c ****   /* USER CODE BEGIN USART2_MspDeInit 1 */
 133:Core/Src/usart.c **** 
 134:Core/Src/usart.c ****   /* USER CODE END USART2_MspDeInit 1 */
 135:Core/Src/usart.c ****   }
 136:Core/Src/usart.c **** }
 316              		.loc 1 136 1 view .LVU89
 317              		@ sp needed
 318 000a 10BD     		pop	{r4, pc}
 319              	.LVL19:
 320              	.L21:
 124:Core/Src/usart.c **** 
 321              		.loc 1 124 5 is_stmt 1 view .LVU90
 322 000c 064A     		ldr	r2, .L22+4
 323 000e D36B     		ldr	r3, [r2, #60]
 324 0010 0649     		ldr	r1, .L22+8
 325 0012 0B40     		ands	r3, r1
 326 0014 D363     		str	r3, [r2, #60]
 130:Core/Src/usart.c **** 
 327              		.loc 1 130 5 view .LVU91
 328 0016 A020     		movs	r0, #160
 329              	.LVL20:
 130:Core/Src/usart.c **** 
 330              		.loc 1 130 5 is_stmt 0 view .LVU92
 331 0018 0C21     		movs	r1, #12
 332 001a C005     		lsls	r0, r0, #23
 333 001c FFF7FEFF 		bl	HAL_GPIO_DeInit
 334              	.LVL21:
 335              		.loc 1 136 1 view .LVU93
 336 0020 F3E7     		b	.L19
 337              	.L23:
 338 0022 C046     		.align	2
 339              	.L22:
 340 0024 00440040 		.word	1073759232
 341 0028 00100240 		.word	1073876992
 342 002c FFFFFDFF 		.word	-131073
 343              		.cfi_endproc
 344              	.LFE365:
 346              		.global	huart2
ARM GAS  C:\Users\Domagoj\AppData\Local\Temp\ccTEIRmE.s 			page 10


 347              		.section	.bss.huart2,"aw",%nobits
 348              		.align	2
 351              	huart2:
 352 0000 00000000 		.space	148
 352      00000000 
 352      00000000 
 352      00000000 
 352      00000000 
 353              		.text
 354              	.Letext0:
 355              		.file 2 "C:\\ST\\STM32CubeIDE_2.2.0\\STM32CubeIDE\\plugins\\com.st.stm32cube.ide.mcu.externaltools
 356              		.file 3 "C:\\ST\\STM32CubeIDE_2.2.0\\STM32CubeIDE\\plugins\\com.st.stm32cube.ide.mcu.externaltools
 357              		.file 4 "Drivers/CMSIS/Device/ST/STM32G0xx/Include/stm32g0b1xx.h"
 358              		.file 5 "Drivers/STM32G0xx_HAL_Driver/Inc/stm32g0xx_hal_def.h"
 359              		.file 6 "Drivers/STM32G0xx_HAL_Driver/Inc/stm32g0xx_hal_rcc_ex.h"
 360              		.file 7 "Drivers/STM32G0xx_HAL_Driver/Inc/stm32g0xx_hal_gpio.h"
 361              		.file 8 "Drivers/STM32G0xx_HAL_Driver/Inc/stm32g0xx_hal_dma.h"
 362              		.file 9 "Drivers/STM32G0xx_HAL_Driver/Inc/stm32g0xx_hal_uart.h"
 363              		.file 10 "Drivers/STM32G0xx_HAL_Driver/Inc/stm32g0xx_hal_uart_ex.h"
 364              		.file 11 "Drivers/STM32G0xx_HAL_Driver/Inc/stm32g0xx_ll_dma.h"
 365              		.file 12 "Core/Inc/usart.h"
 366              		.file 13 "Core/Inc/main.h"
 367              		.file 14 "<built-in>"
ARM GAS  C:\Users\Domagoj\AppData\Local\Temp\ccTEIRmE.s 			page 11


DEFINED SYMBOLS
                            *ABS*:00000000 usart.c
C:\Users\Domagoj\AppData\Local\Temp\ccTEIRmE.s:19     .text.MX_USART2_UART_Init:00000000 $t
C:\Users\Domagoj\AppData\Local\Temp\ccTEIRmE.s:25     .text.MX_USART2_UART_Init:00000000 MX_USART2_UART_Init
C:\Users\Domagoj\AppData\Local\Temp\ccTEIRmE.s:139    .text.MX_USART2_UART_Init:00000068 $d
C:\Users\Domagoj\AppData\Local\Temp\ccTEIRmE.s:351    .bss.huart2:00000000 huart2
C:\Users\Domagoj\AppData\Local\Temp\ccTEIRmE.s:145    .text.HAL_UART_MspInit:00000000 $t
C:\Users\Domagoj\AppData\Local\Temp\ccTEIRmE.s:151    .text.HAL_UART_MspInit:00000000 HAL_UART_MspInit
C:\Users\Domagoj\AppData\Local\Temp\ccTEIRmE.s:282    .text.HAL_UART_MspInit:0000007c $d
C:\Users\Domagoj\AppData\Local\Temp\ccTEIRmE.s:288    .text.HAL_UART_MspDeInit:00000000 $t
C:\Users\Domagoj\AppData\Local\Temp\ccTEIRmE.s:294    .text.HAL_UART_MspDeInit:00000000 HAL_UART_MspDeInit
C:\Users\Domagoj\AppData\Local\Temp\ccTEIRmE.s:340    .text.HAL_UART_MspDeInit:00000024 $d
C:\Users\Domagoj\AppData\Local\Temp\ccTEIRmE.s:348    .bss.huart2:00000000 $d

UNDEFINED SYMBOLS
HAL_UART_Init
HAL_UARTEx_SetTxFifoThreshold
HAL_UARTEx_SetRxFifoThreshold
HAL_UARTEx_DisableFifoMode
Error_Handler
memset
HAL_RCCEx_PeriphCLKConfig
HAL_GPIO_Init
HAL_GPIO_DeInit
